src/pages/TwinChat.tsx(18,1): error TS6133: 'buildTwinSystemPrompt' is declared but its value is never read.
