
> selfprint-v3-react@0.0.0 test
> vitest run


[1m[30m[46m RUN [49m[39m[22m [36mv4.1.10 [39m[90mD:/selfprint-v3-react[39m

 [31m❯[39m src/components/intelligence/ConfidenceIndicator.integration.test.tsx [2m([22m[2m9 tests[22m[2m | [22m[31m9 failed[39m[2m)[22m[32m 296[2mms[22m[39m
[31m       [31m×[31m should display high confidence from behavioral pattern with recent evidence[39m[32m 125[2mms[22m[39m
[31m       [31m×[31m should display medium confidence with INFER classification[39m[32m 21[2mms[22m[39m
[31m       [31m×[31m should display low confidence with UNKNOWN classification for insufficient data[39m[32m 32[2mms[22m[39m
[31m       [31m×[31m should display compact badge with core metrics[39m[32m 25[2mms[22m[39m
[31m       [31m×[31m should handle pattern with no evidence gracefully[39m[32m 20[2mms[22m[39m
[31m       [31m×[31m should calculate recency factor correctly from manual props[39m[32m 15[2mms[22m[39m
[31m       [31m×[31m should indicate inconsistent evidence when consistency is low[39m[32m 15[2mms[22m[39m
[31m       [31m×[31m should classify as KNOW with perfect confidence and recent evidence[39m[32m 16[2mms[22m[39m
[31m       [31m×[31m should show UNKNOWN classification honestly when confidence is low[39m[32m 16[2mms[22m[39m
 [31m❯[39m src/components/intelligence/ConfidenceIndicator.test.tsx [2m([22m[2m27 tests[22m[2m | [22m[31m4 failed[39m[2m)[22m[33m 541[2mms[22m[39m
       [32m✓[39m should render in compact view by default[32m 110[2mms[22m[39m
       [32m✓[39m should display confidence percentage[32m 11[2mms[22m[39m
       [32m✓[39m should show knowledge badge[32m 5[2mms[22m[39m
       [32m✓[39m should render full card view when compact=false[32m 26[2mms[22m[39m
[31m       [31m×[31m should display all metrics in card view[39m[32m 40[2mms[22m[39m
       [32m✓[39m should classify 0.8+ as Very High confidence[32m 20[2mms[22m[39m
       [32m✓[39m should classify 0.4-0.6 as Moderate confidence[32m 18[2mms[22m[39m
       [32m✓[39m should classify 0-0.2 as Very Low confidence[32m 16[2mms[22m[39m
       [32m✓[39m should classify as KNOW with high confidence and evidence[32m 6[2mms[22m[39m
       [32m✓[39m should classify as INFER with medium confidence[32m 6[2mms[22m[39m
       [32m✓[39m should classify as UNKNOWN with low confidence[32m 4[2mms[22m[39m
       [32m✓[39m should display evidence count[32m 17[2mms[22m[39m
       [32m✓[39m should show N/A when evidence count is not provided[32m 14[2mms[22m[39m
       [32m✓[39m should render evidence progress bar[32m 18[2mms[22m[39m
       [32m✓[39m should calculate and display recency in days[32m 15[2mms[22m[39m
       [32m✓[39m should show N/A when lastEvidenceDate is not provided[32m 27[2mms[22m[39m
       [32m✓[39m should display consistency score[32m 20[2mms[22m[39m
       [32m✓[39m should not show consistency when not provided[32m 15[2mms[22m[39m
       [32m✓[39m should display provided explanation[32m 10[2mms[22m[39m
       [32m✓[39m should generate default explanation from metrics[32m 30[2mms[22m[39m
[31m       [31m×[31m should extract metrics from BehavioralPattern source[39m[32m 18[2mms[22m[39m
       [32m✓[39m should extract metrics from Value source[32m 13[2mms[22m[39m
       [32m✓[39m should apply custom className[32m 6[2mms[22m[39m
       [32m✓[39m should include dark mode classes[32m 20[2mms[22m[39m
[31m       [31m×[31m should show KNOW knowledge explanation[39m[32m 15[2mms[22m[39m
[31m       [31m×[31m should show INFER knowledge explanation[39m[32m 21[2mms[22m[39m
       [32m✓[39m should show UNKNOWN knowledge explanation[32m 11[2mms[22m[39m
 [31m❯[39m src/components/intelligence/ContextDisplay.test.tsx [2m([22m[2m8 tests[22m[2m | [22m[31m1 failed[39m[2m)[22m[33m 590[2mms[22m[39m
       [32m✓[39m should render full context display[32m 206[2mms[22m[39m
[31m       [31m×[31m should render compact view when requested[39m[32m 42[2mms[22m[39m
       [32m✓[39m should display values with confidence indicators[32m 42[2mms[22m[39m
       [32m✓[39m should toggle section expansion on click[32m 75[2mms[22m[39m
       [32m✓[39m should display behavioral patterns[32m 76[2mms[22m[39m
       [32m✓[39m should display decision style[32m 50[2mms[22m[39m
       [32m✓[39m should display source count and overall confidence[32m 42[2mms[22m[39m
       [32m✓[39m should display Master Direction notice[32m 51[2mms[22m[39m
 [31m❯[39m src/__tests__/Avatars.test.tsx [2m([22m[2m18 tests[22m[2m | [22m[31m2 failed[39m[2m)[22m[33m 955[2mms[22m[39m
     [33m[2m✓[22m[39m should render Nova avatar with default size [33m 367[2mms[22m[39m
[31m     [31m×[31m should display Nova label when showLabel is true[39m[32m 39[2mms[22m[39m
     [32m✓[39m should not display label when showLabel is false[32m 18[2mms[22m[39m
     [32m✓[39m should render all size variants[32m 48[2mms[22m[39m
[31m     [31m×[31m should have golden glow styling[39m[32m 19[2mms[22m[39m
     [32m✓[39m should accept className prop[32m 15[2mms[22m[39m
     [32m✓[39m should have animation keyframes[32m 11[2mms[22m[39m
     [32m✓[39m should render Twin avatar with default props[32m 74[2mms[22m[39m
     [32m✓[39m should display Twin name when provided[32m 15[2mms[22m[39m
     [32m✓[39m should display stage number when no name provided[32m 16[2mms[22m[39m
     [32m✓[39m should not display label when showLabel is false[32m 15[2mms[22m[39m
     [32m✓[39m should render all size variants[32m 62[2mms[22m[39m
     [32m✓[39m should render all mood variants[32m 118[2mms[22m[39m
     [32m✓[39m should render all evolution stages[32m 62[2mms[22m[39m
     [32m✓[39m should show stage indicator with number[32m 11[2mms[22m[39m
     [32m✓[39m should have hologram styling[32m 18[2mms[22m[39m
     [32m✓[39m should accept className prop[32m 11[2mms[22m[39m
     [32m✓[39m should have different colors for different moods[32m 26[2mms[22m[39m
 [31m❯[39m src/components/intelligence/FeedbackWidget.integration.test.tsx [2m([22m[2m8 tests[22m[2m | [22m[31m6 failed[39m[2m)[22m[33m 1586[2mms[22m[39m
[31m       [31m×[31m should record feedback end-to-end with real AIFeedbackLoop[39m[32m 146[2mms[22m[39m
       [33m[2m✓[22m[39m should handle all 4 feedback types correctly [33m 1001[2mms[22m[39m
       [32m✓[39m should submit feedback without comment when allowComment=false[32m 113[2mms[22m[39m
[31m       [31m×[31m should handle feedback submission errors with user message[39m[32m 59[2mms[22m[39m
[31m       [31m×[31m should save feedback in inline mode through full integration[39m[32m 26[2mms[22m[39m
[31m       [31m×[31m should include model calibration metadata in feedback submission[39m[32m 57[2mms[22m[39m
[31m       [31m×[31m should accept all feedback types equally - not_me is valid as very_true[39m[32m 55[2mms[22m[39m
[31m       [31m×[31m should require explicit user feedback selection[39m[32m 122[2mms[22m[39m
 [31m❯[39m src/__tests__/nova-prompts.test.ts [2m([22m[2m15 tests[22m[2m | [22m[31m2 failed[39m[2m)[22m[32m 116[2mms[22m[39m
       [32m✓[39m should generate a valid system prompt[32m 3[2mms[22m[39m
       [32m✓[39m should include Base Persona in every prompt[32m 1[2mms[22m[39m
       [32m✓[39m should include Hub Context for each hub[32m 2[2mms[22m[39m
       [32m✓[39m should include Mood Modulation for each mood[32m 1[2mms[22m[39m
[31m       [31m×[31m should generate unique prompts for different archetypes[39m[32m 15[2mms[22m[39m
       [32m✓[39m should generate unique prompts for different hub + mood combinations[32m 1[2mms[22m[39m
       [32m✓[39m should support all 1,296 personality combinations (18 archetypes × 12 hubs × 6 moods)[32m 84[2mms[22m[39m
[31m       [31m×[31m should generate prompts between 1,000-1,500 tokens (estimated)[39m[32m 1[2mms[22m[39m
       [32m✓[39m should maintain consistent token count across different combinations[32m 1[2mms[22m[39m
       [32m✓[39m should adjust prompt depth based on maturityScore[32m 1[2mms[22m[39m
       [32m✓[39m should handle maturityScore 0-100 range[32m 1[2mms[22m[39m
       [32m✓[39m should accept and incorporate user profile data[32m 0[2mms[22m[39m
       [32m✓[39m should handle missing optional userProfile[32m 0[2mms[22m[39m
       [32m✓[39m should not include placeholder or broken text[32m 1[2mms[22m[39m
       [32m✓[39m should use consistent formatting[32m 0[2mms[22m[39m
 [31m❯[39m src/services/__tests__/CoreAwakeningService.phase3.test.ts [2m([22m[2m11 tests[22m[2m | [22m[31m4 failed[39m[2m)[22m[32m 42[2mms[22m[39m
[31m       [31m×[31m should persist essence to Supabase instead of sessionStorage[39m[32m 17[2mms[22m[39m
[31m       [31m×[31m should fail if Supabase insert fails[39m[32m 10[2mms[22m[39m
       [32m✓[39m should NOT store essence in sessionStorage[32m 3[2mms[22m[39m
[31m       [31m×[31m should retrieve essence from Supabase by essenceId[39m[32m 3[2mms[22m[39m
       [32m✓[39m should fail if essence not found or status is not pending[32m 1[2mms[22m[39m
       [32m✓[39m should mark essence as used after Twin creation[32m 0[2mms[22m[39m
       [32m✓[39m should not use sessionStorage for essence[32m 1[2mms[22m[39m
[31m       [31m×[31m should link essence.twin_id after Twin creation[39m[32m 2[2mms[22m[39m
     [32m✓[39m should complete full awakening ceremony[32m 1[2mms[22m[39m
     [32m✓[39m should persist essence across browser sessions[32m 1[2mms[22m[39m
     [32m✓[39m should clean up expired essence after 24 hours[32m 0[2mms[22m[39m
 [31m❯[39m src/__tests__/TwinWorldsIntegration.test.ts [2m([22m[2m14 tests[22m[2m | [22m[31m3 failed[39m[2m)[22m[32m 61[2mms[22m[39m
       [32m✓[39m should load all 12 world prompts without errors[32m 7[2mms[22m[39m
[31m       [31m×[31m should include world-specific expertise in prompt[39m[32m 16[2mms[22m[39m
[31m       [31m×[31m should build complete prompt with world context[39m[32m 5[2mms[22m[39m
[31m       [31m×[31m should default to SELF world if not specified[39m[32m 2[2mms[22m[39m
       [32m✓[39m should handle missing world gracefully[32m 1[2mms[22m[39m
       [32m✓[39m all worlds should have required metadata[32m 4[2mms[22m[39m
       [32m✓[39m should have unique world IDs[32m 1[2mms[22m[39m
       [32m✓[39m focus areas should be meaningful[32m 6[2mms[22m[39m
       [32m✓[39m Twin personality should change based on world[32m 2[2mms[22m[39m
       [32m✓[39m should maintain Twin core while changing expertise[32m 1[2mms[22m[39m
       [32m✓[39m should support world switching in conversation[32m 1[2mms[22m[39m
       [32m✓[39m should work with chat message history[32m 0[2mms[22m[39m
       [32m✓[39m prompt building should be fast (< 5ms)[32m 2[2mms[22m[39m
       [32m✓[39m should not have memory leaks in repeated calls[32m 10[2mms[22m[39m
 [31m❯[39m src/lib/intelligence/PersonalContextBuilder.test.ts [2m([22m[2m12 tests[22m[2m | [22m[31m2 failed[39m[2m)[22m[32m 36[2mms[22m[39m
       [32m✓[39m should initialize context from onboarding data[32m 5[2mms[22m[39m
[31m       [31m×[31m should handle missing userId gracefully[39m[32m 11[2mms[22m[39m
       [32m✓[39m should create personal profile[32m 1[2mms[22m[39m
       [32m✓[39m should return personal context for user[32m 1[2mms[22m[39m
[31m       [31m×[31m should throw error on missing userId[39m[32m 9[2mms[22m[39m
       [32m✓[39m should calculate overall confidence[32m 1[2mms[22m[39m
       [32m✓[39m should infer user values[32m 1[2mms[22m[39m
       [32m✓[39m should return empty array if no values found[32m 0[2mms[22m[39m
       [32m✓[39m should infer user goals[32m 1[2mms[22m[39m
       [32m✓[39m should infer blind spots[32m 1[2mms[22m[39m
       [32m✓[39m should mark blind spots with sensitivity level[32m 0[2mms[22m[39m
       [32m✓[39m should update context from reflection[32m 2[2mms[22m[39m
 [31m❯[39m src/__tests__/selfprint-chat.test.ts [2m([22m[2m13 tests[22m[2m | [22m[31m10 failed[39m[2m)[22m[32m 35[2mms[22m[39m
[31m       [31m×[31m should format a valid request with all required fields[39m[32m 12[2mms[22m[39m
[31m       [31m×[31m should include hub, mood, and archetype in request[39m[32m 2[2mms[22m[39m
[31m       [31m×[31m should support optional birthData and twinProfile[39m[32m 2[2mms[22m[39m
[31m       [31m×[31m should parse valid response structure[39m[32m 1[2mms[22m[39m
[31m       [31m×[31m should extract learning signals from response[39m[32m 1[2mms[22m[39m
[31m       [31m×[31m should handle missing optional learning signals[39m[32m 1[2mms[22m[39m
       [32m✓[39m should throw SelfprintChatError on API failure[32m 2[2mms[22m[39m
[31m       [31m×[31m should include error code and message[39m[32m 4[2mms[22m[39m
       [32m✓[39m should handle network errors[32m 2[2mms[22m[39m
       [32m✓[39m should handle malformed JSON response[32m 1[2mms[22m[39m
[31m       [31m×[31m should support all hub values[39m[32m 1[2mms[22m[39m
[31m       [31m×[31m should support all mood values[39m[32m 1[2mms[22m[39m
[31m       [31m×[31m should support chat history[39m[32m 1[2mms[22m[39m
 [31m❯[39m src/__tests__/integration.test.ts [2m([22m[2m10 tests[22m[2m | [22m[31m8 failed[39m[2m)[22m[32m 64[2mms[22m[39m
[31m       [31m×[31m should complete full chat flow: hub + mood + archetype → response[39m[32m 19[2mms[22m[39m
[31m       [31m×[31m should handle multi-turn conversation with history[39m[32m 2[2mms[22m[39m
[31m       [31m×[31m should handle 10+ diverse combinations without error[39m[32m 2[2mms[22m[39m
       [32m✓[39m should save and retrieve Twin profile from localStorage[32m 2[2mms[22m[39m
       [32m✓[39m should update maturityScore on engagement[32m 1[2mms[22m[39m
[31m       [31m×[31m should adjust Nova response depth based on maturityScore[39m[32m 2[2mms[22m[39m
[31m       [31m×[31m should extract and track discovered archetypes[39m[32m 2[2mms[22m[39m
[31m       [31m×[31m should gracefully handle API failures and retry logic[39m[32m 12[2mms[22m[39m
[31m       [31m×[31m should complete chat exchange within acceptable latency[39m[32m 10[2mms[22m[39m
[31m       [31m×[31m should handle concurrent requests[39m[32m 4[2mms[22m[39m
 [31m❯[39m src/components/intelligence/E2E.flow.test.tsx [2m([22m[2m5 tests[22m[2m | [22m[31m4 failed[39m[2m)[22m[33m 6039[2mms[22m[39m
       [33m[2m✓[22m[39m should complete full memory creation workflow: record → store → display [33m 2235[2mms[22m[39m
[31m       [31m×[31m should complete feedback loop: insight → user feedback → model update → new confidence[39m[32m 46[2mms[22m[39m
[31m       [31m×[31m should display updated context after system operations[39m[32m 18[2mms[22m[39m
[31m       [31m×[31m should handle complete journey: memory creation → insight generation → feedback[39m[33m 1938[2mms[22m[39m
[31m       [31m×[31m should handle errors gracefully and keep user data intact[39m[33m 1795[2mms[22m[39m
 [31m❯[39m src/__tests__/Worlds.test.tsx [2m([22m[2m21 tests[22m[2m | [22m[31m1 failed[39m[2m)[22m[32m 54[2mms[22m[39m
     [32m✓[39m should define all 12 worlds[32m 6[2mms[22m[39m
     [32m✓[39m should have required properties on each world[32m 6[2mms[22m[39m
     [32m✓[39m should have unique world IDs[32m 0[2mms[22m[39m
     [32m✓[39m should have focus areas for each world[32m 1[2mms[22m[39m
     [32m✓[39m should have valid hex colors[32m 1[2mms[22m[39m
     [32m✓[39m should have emoji for each world[32m 1[2mms[22m[39m
     [32m✓[39m should return all worlds[32m 1[2mms[22m[39m
     [32m✓[39m should get world by ID[32m 1[2mms[22m[39m
[31m     [31m×[31m should throw on invalid world ID[39m[32m 12[2mms[22m[39m
     [32m✓[39m should have articles for each world[32m 2[2mms[22m[39m
     [32m✓[39m should have valid article structure[32m 2[2mms[22m[39m
     [32m✓[39m should have articles with proper data types[32m 2[2mms[22m[39m
     [32m✓[39m should link articles to correct world[32m 3[2mms[22m[39m
     [32m✓[39m should have unique article slugs within world[32m 1[2mms[22m[39m
     [32m✓[39m should return empty array for empty world[32m 0[2mms[22m[39m
     [32m✓[39m should have minimum 3 articles per world[32m 1[2mms[22m[39m
     [32m✓[39m should have total article coverage[32m 0[2mms[22m[39m
     [32m✓[39m should have descriptive world names[32m 2[2mms[22m[39m
     [32m✓[39m should have concise taglines[32m 2[2mms[22m[39m
     [32m✓[39m should have substantive descriptions[32m 1[2mms[22m[39m
     [32m✓[39m should have 4-5 focus areas per world[32m 2[2mms[22m[39m
 [31m❯[39m src/lib/auth/webauthn.test.ts [2m([22m[2m13 tests[22m[2m | [22m[31m4 failed[39m[2m)[22m[32m 45[2mms[22m[39m
       [32m✓[39m should return true if WebAuthn is available[32m 5[2mms[22m[39m
       [32m✓[39m should return false if PublicKeyCredential is undefined[32m 1[2mms[22m[39m
       [32m✓[39m should convert Uint8Array to base64 URL-safe string[32m 2[2mms[22m[39m
[31m       [31m×[31m should encode/decode roundtrip correctly[39m[32m 21[2mms[22m[39m
       [32m✓[39m should handle empty arrays[32m 1[2mms[22m[39m
       [32m✓[39m should handle large arrays[32m 1[2mms[22m[39m
[31m       [31m×[31m should decode base64 URL-safe string to Uint8Array[39m[32m 3[2mms[22m[39m
[31m       [31m×[31m should handle URL-safe characters (- and _)[39m[32m 2[2mms[22m[39m
[31m       [31m×[31m should handle missing padding[39m[32m 2[2mms[22m[39m
       [32m✓[39m should throw on invalid base64[32m 2[2mms[22m[39m
       [32m✓[39m should generate different challenges on each call[32m 0[2mms[22m[39m
     [32m✓[39m should detect platform authenticator availability[32m 0[2mms[22m[39m
     [32m✓[39m should detect biometric availability[32m 0[2mms[22m[39m
 [31m❯[39m src/tests/TwinChat.world-routing.e2e.test.ts [2m([22m[2m23 tests[22m[2m | [22m[31m1 failed[39m[2m)[22m[32m 55[2mms[22m[39m
       [32m✓[39m should support all 12 worlds in selector[32m 6[2mms[22m[39m
       [32m✓[39m should display world name and emoji in selector[32m 3[2mms[22m[39m
       [32m✓[39m should update chat context when world selected[32m 1[2mms[22m[39m
       [32m✓[39m should tag messages with current world[32m 1[2mms[22m[39m
[31m       [31m×[31m should apply world-specific prompt to Twin response[39m[32m 20[2mms[22m[39m
       [32m✓[39m should include world focus areas in context[32m 2[2mms[22m[39m
       [32m✓[39m should record decisions with world tag[32m 1[2mms[22m[39m
       [32m✓[39m should support decision recording in each world[32m 1[2mms[22m[39m
       [32m✓[39m should auto-schedule follow-ups at 30/90/180/365 days[32m 1[2mms[22m[39m
       [32m✓[39m should track interaction count per world[32m 2[2mms[22m[39m
       [32m✓[39m should track expertise score (0-100) per world[32m 3[2mms[22m[39m
       [32m✓[39m should update expertise based on decision outcomes[32m 0[2mms[22m[39m
       [32m✓[39m should display world-specific decision history[32m 0[2mms[22m[39m
       [32m✓[39m should calculate success rate per world[32m 0[2mms[22m[39m
       [32m✓[39m should show world expertise meter[32m 2[2mms[22m[39m
       [32m✓[39m should preserve chat history when switching worlds[32m 0[2mms[22m[39m
       [32m✓[39m should show appropriate expertise level for selected world[32m 2[2mms[22m[39m
       [32m✓[39m should load world-specific Twin expertise when switching[32m 1[2mms[22m[39m
       [32m✓[39m should detect patterns from decisions in same world[32m 0[2mms[22m[39m
       [32m✓[39m should calculate per-world success rate[32m 0[2mms[22m[39m
       [32m✓[39m should provide world-specific recommendations[32m 0[2mms[22m[39m
       [32m✓[39m should remember selected world across navigation[32m 0[2mms[22m[39m
       [32m✓[39m should load last used world on app startup[32m 0[2mms[22m[39m
 [31m❯[39m src/tests/TwinChatWorld.test.tsx [2m([22m[2m12 tests[22m[2m | [22m[31m2 failed[39m[2m)[22m[32m 48[2mms[22m[39m
       [32m✓[39m should build prompt for self world[32m 4[2mms[22m[39m
       [32m✓[39m should build prompt for all worlds[32m 3[2mms[22m[39m
       [32m✓[39m should include world-specific focus areas in prompt[32m 1[2mms[22m[39m
       [32m✓[39m should include world description in prompt[32m 0[2mms[22m[39m
[31m       [31m×[31m should include world tagline in prompt[39m[32m 24[2mms[22m[39m
[31m       [31m×[31m should return base Twin prompt[39m[32m 3[2mms[22m[39m
       [32m✓[39m should be different from world-specific prompts[32m 3[2mms[22m[39m
       [32m✓[39m should handle all world IDs from WORLDS constant[32m 3[2mms[22m[39m
       [32m✓[39m prompt should be ready for AI consumption[32m 1[2mms[22m[39m
     [32m✓[39m should support world query parameter[32m 1[2mms[22m[39m
     [32m✓[39m should validate world ID before using[32m 0[2mms[22m[39m
     [32m✓[39m should gracefully handle missing world param[32m 0[2mms[22m[39m
 [31m❯[39m src/components/intelligence/MemoryRecorder.integration.test.tsx [2m([22m[2m7 tests[22m[2m | [22m[31m1 failed[39m[2m)[22m[33m 8774[2mms[22m[39m
       [33m[2m✓[22m[39m should create memory end-to-end with real MemoryManager [33m 2761[2mms[22m[39m
[31m       [31m×[31m should handle Supabase network errors with user-friendly message[39m[33m 1592[2mms[22m[39m
       [33m[2m✓[22m[39m should link memory to decision/journal when linkedToId provided [33m 769[2mms[22m[39m
       [33m[2m✓[22m[39m should handle all 4 memory types correctly [33m 2132[2mms[22m[39m
       [33m[2m✓[22m[39m should create memory in compact mode through full integration [33m 572[2mms[22m[39m
       [33m[2m✓[22m[39m should parse and send tags correctly to Supabase [33m 833[2mms[22m[39m
       [32m✓[39m should require user input - no auto-generated memories[32m 108[2mms[22m[39m
 [31m❯[39m api/__tests__/autonomy-log.test.ts [2m([22m[2m0 test[22m[2m)[22m
 [31m❯[39m api/__tests__/coach.test.ts [2m([22m[2m0 test[22m[2m)[22m
 [31m❯[39m api/__tests__/intelligence.test.ts [2m([22m[2m0 test[22m[2m)[22m
 [31m❯[39m src/__tests__/AIContext.test.ts [2m([22m[2m0 test[22m[2m)[22m
 [31m❯[39m src/pages/Onboarding.test.tsx [2m([22m[2m0 test[22m[2m)[22m
 [31m❯[39m src/__tests__/CoreAwakening.test.ts [2m([22m[2m0 test[22m[2m)[22m
 [31m❯[39m src/__tests__/Decision.test.ts [2m([22m[2m0 test[22m[2m)[22m
 [31m❯[39m src/__tests__/DecisionLearningService.test.ts [2m([22m[2m0 test[22m[2m)[22m
 [31m❯[39m src/__tests__/DecisionService.test.ts [2m([22m[2m0 test[22m[2m)[22m
 [31m❯[39m src/__tests__/FollowUpScheduler.test.ts [2m([22m[2m0 test[22m[2m)[22m
 [31m❯[39m src/__tests__/Phase_E_Integration.test.ts [2m([22m[2m0 test[22m[2m)[22m
 [31m❯[39m src/__tests__/SICE.test.ts [2m([22m[2m0 test[22m[2m)[22m
 [31m❯[39m src/__tests__/TwinEvolution.test.ts [2m([22m[2m0 test[22m[2m)[22m
 [31m❯[39m src/components/intelligence/FeedbackWidget.test.tsx [2m([22m[2m0 test[22m[2m)[22m
 [31m❯[39m src/lib/auth/PasskeyProvider.test.ts [2m([22m[2m0 test[22m[2m)[22m
 [31m❯[39m src/components/intelligence/MemoryRecorder.test.tsx [2m([22m[2m0 test[22m[2m)[22m
 [31m❯[39m src/lib/intelligence/MemoryManager.test.ts [2m([22m[2m0 test[22m[2m)[22m
 [31m❯[39m src/lib/intelligence/PersonalContextInitializer.test.ts [2m([22m[2m0 test[22m[2m)[22m
 [31m❯[39m src/components/dashboard/__tests__/IntelligencePanel.test.tsx [2m([22m[2m0 test[22m[2m)[22m
 [31m❯[39m src/components/onboarding/__tests__/components.test.tsx [2m([22m[2m0 test[22m[2m)[22m
 [32m✓[39m src/lib/__tests__/astrovera-adapter.test.ts [2m([22m[2m43 tests[22m[2m)[22m[32m 34[2mms[22m[39m
 [32m✓[39m src/services/__tests__/analytics.test.ts [2m([22m[2m11 tests[22m[2m)[22m[32m 50[2mms[22m[39m
 [32m✓[39m src/components/dashboard/__tests__/AnalyticsSummary.test.tsx [2m([22m[2m4 tests[22m[2m)[22m[32m 213[2mms[22m[39m
 [32m✓[39m src/services/__tests__/WorldRouting.test.ts [2m([22m[2m12 tests[22m[2m)[22m[32m 39[2mms[22m[39m
 [32m✓[39m src/components/dashboard/__tests__/AskCoach.test.tsx [2m([22m[2m5 tests[22m[2m)[22m[33m 1305[2mms[22m[39m
     [33m[2m✓[22m[39m shows the ask form once logged in with a birth date on file [33m 343[2mms[22m[39m
     [33m[2m✓[22m[39m submits a question and shows the answer [33m 434[2mms[22m[39m
     [33m[2m✓[22m[39m shows an error message when the API call fails [33m 401[2mms[22m[39m
 [32m✓[39m src/__tests__/load-testing.test.ts [2m([22m[2m6 tests[22m[2m)[22m[32m 42[2mms[22m[39m
 [32m✓[39m src/lib/intelligence/AIFeedbackLoop.test.ts [2m([22m[2m9 tests[22m[2m)[22m[32m 29[2mms[22m[39m
 [32m✓[39m src/services/__tests__/PhaseE.complete.test.ts [2m([22m[2m25 tests[22m[2m)[22m[32m 33[2mms[22m[39m
 [32m✓[39m src/tests/TwinChat.decision-tracking.test.ts [2m([22m[2m15 tests[22m[2m)[22m[32m 25[2mms[22m[39m
 [32m✓[39m src/lib/__tests__/rollout.test.ts [2m([22m[2m7 tests[22m[2m)[22m[32m 24[2mms[22m[39m
 [32m✓[39m src/lib/intelligence/PatternDetector.test.ts [2m([22m[2m6 tests[22m[2m)[22m[32m 23[2mms[22m[39m
 [32m✓[39m src/lib/__tests__/patternDetection.test.ts [2m([22m[2m12 tests[22m[2m)[22m[32m 24[2mms[22m[39m
 [32m✓[39m src/services/__tests__/DecisionLearning.p0-3.test.ts [2m([22m[2m17 tests[22m[2m)[22m[32m 21[2mms[22m[39m
 [32m✓[39m src/services/__tests__/WorldContextAdapter.test.ts [2m([22m[2m16 tests[22m[2m)[22m[32m 18[2mms[22m[39m
 [32m✓[39m src/tests/WorldRecommender.test.ts [2m([22m[2m10 tests[22m[2m)[22m[32m 12[2mms[22m[39m
 [32m✓[39m src/lib/intelligence/EvidenceAnalyzer.test.ts [2m([22m[2m10 tests[22m[2m)[22m[32m 16[2mms[22m[39m
 [32m✓[39m src/lib/__tests__/astrology.test.ts [2m([22m[2m7 tests[22m[2m)[22m[32m 7[2mms[22m[39m
 [32m✓[39m src/tests/Navigation.test.tsx [2m([22m[2m5 tests[22m[2m)[22m[32m 6[2mms[22m[39m

[2m Test Files [22m [1m[31m37 failed[39m[22m[2m | [22m[1m[32m18 passed[39m[22m[90m (55)[39m
[2m      Tests [22m [1m[31m64 failed[39m[22m[2m | [22m[1m[32m382 passed[39m[22m[90m (446)[39m
[2m   Start at [22m 17:17:17
[2m   Duration [22m 32.48s[2m (transform 3.99s, setup 19.25s, import 5.68s, tests 21.26s, environment 137.14s)[22m

