
> selfprint-v3-react@0.0.0 test
> vitest run


[1m[30m[46m RUN [49m[39m[22m [36mv4.1.11 [39m[90mD:/selfprint-v3-react[39m

 [31m❯[39m src/components/intelligence/ConfidenceIndicator.integration.test.tsx [2m([22m[2m9 tests[22m[2m | [22m[31m9 failed[39m[2m)[22m[33m 308[2mms[22m[39m
[31m       [31m×[31m should display high confidence from behavioral pattern with recent evidence[39m[32m 131[2mms[22m[39m
[31m       [31m×[31m should display medium confidence with INFER classification[39m[32m 26[2mms[22m[39m
[31m       [31m×[31m should display low confidence with UNKNOWN classification for insufficient data[39m[32m 22[2mms[22m[39m
[31m       [31m×[31m should display compact badge with core metrics[39m[32m 25[2mms[22m[39m
[31m       [31m×[31m should handle pattern with no evidence gracefully[39m[32m 18[2mms[22m[39m
[31m       [31m×[31m should calculate recency factor correctly from manual props[39m[32m 24[2mms[22m[39m
[31m       [31m×[31m should indicate inconsistent evidence when consistency is low[39m[32m 20[2mms[22m[39m
[31m       [31m×[31m should classify as KNOW with perfect confidence and recent evidence[39m[32m 16[2mms[22m[39m
[31m       [31m×[31m should show UNKNOWN classification honestly when confidence is low[39m[32m 20[2mms[22m[39m
 [31m❯[39m src/components/intelligence/ContextDisplay.test.tsx [2m([22m[2m8 tests[22m[2m | [22m[31m1 failed[39m[2m)[22m[33m 468[2mms[22m[39m
       [32m✓[39m should render full context display[32m 152[2mms[22m[39m
[31m       [31m×[31m should render compact view when requested[39m[32m 25[2mms[22m[39m
       [32m✓[39m should display values with confidence indicators[32m 25[2mms[22m[39m
       [32m✓[39m should toggle section expansion on click[32m 89[2mms[22m[39m
       [32m✓[39m should display behavioral patterns[32m 56[2mms[22m[39m
       [32m✓[39m should display decision style[32m 39[2mms[22m[39m
       [32m✓[39m should display source count and overall confidence[32m 38[2mms[22m[39m
       [32m✓[39m should display Master Direction notice[32m 37[2mms[22m[39m
 [31m❯[39m src/components/intelligence/ConfidenceIndicator.test.tsx [2m([22m[2m27 tests[22m[2m | [22m[31m4 failed[39m[2m)[22m[33m 544[2mms[22m[39m
       [32m✓[39m should render in compact view by default[32m 89[2mms[22m[39m
       [32m✓[39m should display confidence percentage[32m 13[2mms[22m[39m
       [32m✓[39m should show knowledge badge[32m 9[2mms[22m[39m
       [32m✓[39m should render full card view when compact=false[32m 25[2mms[22m[39m
[31m       [31m×[31m should display all metrics in card view[39m[32m 44[2mms[22m[39m
       [32m✓[39m should classify 0.8+ as Very High confidence[32m 15[2mms[22m[39m
       [32m✓[39m should classify 0.4-0.6 as Moderate confidence[32m 16[2mms[22m[39m
       [32m✓[39m should classify 0-0.2 as Very Low confidence[32m 20[2mms[22m[39m
       [32m✓[39m should classify as KNOW with high confidence and evidence[32m 15[2mms[22m[39m
       [32m✓[39m should classify as INFER with medium confidence[32m 6[2mms[22m[39m
       [32m✓[39m should classify as UNKNOWN with low confidence[32m 5[2mms[22m[39m
       [32m✓[39m should display evidence count[32m 15[2mms[22m[39m
       [32m✓[39m should show N/A when evidence count is not provided[32m 14[2mms[22m[39m
       [32m✓[39m should render evidence progress bar[32m 17[2mms[22m[39m
       [32m✓[39m should calculate and display recency in days[32m 13[2mms[22m[39m
       [32m✓[39m should show N/A when lastEvidenceDate is not provided[32m 14[2mms[22m[39m
       [32m✓[39m should display consistency score[32m 13[2mms[22m[39m
       [32m✓[39m should not show consistency when not provided[32m 34[2mms[22m[39m
       [32m✓[39m should display provided explanation[32m 20[2mms[22m[39m
       [32m✓[39m should generate default explanation from metrics[32m 14[2mms[22m[39m
[31m       [31m×[31m should extract metrics from BehavioralPattern source[39m[32m 15[2mms[22m[39m
       [32m✓[39m should extract metrics from Value source[32m 13[2mms[22m[39m
       [32m✓[39m should apply custom className[32m 6[2mms[22m[39m
       [32m✓[39m should include dark mode classes[32m 10[2mms[22m[39m
[31m       [31m×[31m should show KNOW knowledge explanation[39m[32m 33[2mms[22m[39m
[31m       [31m×[31m should show INFER knowledge explanation[39m[32m 28[2mms[22m[39m
       [32m✓[39m should show UNKNOWN knowledge explanation[32m 21[2mms[22m[39m
[90mstderr[2m | src/components/intelligence/FeedbackWidget.integration.test.tsx[2m > [22m[2mFeedbackWidget Integration Tests[2m > [22m[2mIntegration: Component → AIFeedbackLoop → Supabase[2m > [22m[2mshould handle all 4 feedback types correctly
[22m[39mCalibration failed: IntelligenceError: Calibration failed: TypeError: __vite_ssr_import_0__.supabase.from(...).select is not a function
    at AIFeedbackLoop.calibrateFromFeedback (D:/selfprint-v3-react/src/lib/intelligence/AIFeedbackLoop.ts:214:13)
[90m    at processTicksAndRejections (node:internal/process/task_queues:104:5)[39m {
  code: [32m'CALIBRATION_FAILED'[39m,
  statusCode: [33m500[39m
}

 [31m❯[39m src/__tests__/Avatars.test.tsx [2m([22m[2m18 tests[22m[2m | [22m[31m2 failed[39m[2m)[22m[33m 997[2mms[22m[39m
     [33m[2m✓[22m[39m should render Nova avatar with default size [33m 331[2mms[22m[39m
[31m     [31m×[31m should display Nova label when showLabel is true[39m[32m 32[2mms[22m[39m
     [32m✓[39m should not display label when showLabel is false[32m 11[2mms[22m[39m
     [32m✓[39m should render all size variants[32m 68[2mms[22m[39m
[31m     [31m×[31m should have golden glow styling[39m[32m 27[2mms[22m[39m
     [32m✓[39m should accept className prop[32m 22[2mms[22m[39m
     [32m✓[39m should have animation keyframes[32m 21[2mms[22m[39m
     [32m✓[39m should render Twin avatar with default props[32m 87[2mms[22m[39m
     [32m✓[39m should display Twin name when provided[32m 24[2mms[22m[39m
     [32m✓[39m should display stage number when no name provided[32m 25[2mms[22m[39m
     [32m✓[39m should not display label when showLabel is false[32m 22[2mms[22m[39m
     [32m✓[39m should render all size variants[32m 62[2mms[22m[39m
     [32m✓[39m should render all mood variants[32m 129[2mms[22m[39m
     [32m✓[39m should render all evolution stages[32m 69[2mms[22m[39m
     [32m✓[39m should show stage indicator with number[32m 14[2mms[22m[39m
     [32m✓[39m should have hologram styling[32m 10[2mms[22m[39m
     [32m✓[39m should accept className prop[32m 11[2mms[22m[39m
     [32m✓[39m should have different colors for different moods[32m 25[2mms[22m[39m
[90mstderr[2m | src/components/intelligence/FeedbackWidget.integration.test.tsx[2m > [22m[2mFeedbackWidget Integration Tests[2m > [22m[2mIntegration: Component → AIFeedbackLoop → Supabase[2m > [22m[2mshould handle all 4 feedback types correctly
[22m[39mCalibration failed: IntelligenceError: Calibration failed: TypeError: __vite_ssr_import_0__.supabase.from(...).select is not a function
    at AIFeedbackLoop.calibrateFromFeedback (D:/selfprint-v3-react/src/lib/intelligence/AIFeedbackLoop.ts:214:13) {
  code: [32m'CALIBRATION_FAILED'[39m,
  statusCode: [33m500[39m
}

[90mstderr[2m | src/components/intelligence/FeedbackWidget.integration.test.tsx[2m > [22m[2mFeedbackWidget Integration Tests[2m > [22m[2mIntegration: Component → AIFeedbackLoop → Supabase[2m > [22m[2mshould handle all 4 feedback types correctly
[22m[39mCalibration failed: IntelligenceError: Calibration failed: TypeError: __vite_ssr_import_0__.supabase.from(...).select is not a function
    at AIFeedbackLoop.calibrateFromFeedback (D:/selfprint-v3-react/src/lib/intelligence/AIFeedbackLoop.ts:214:13) {
  code: [32m'CALIBRATION_FAILED'[39m,
  statusCode: [33m500[39m
}

[90mstderr[2m | src/components/intelligence/FeedbackWidget.integration.test.tsx[2m > [22m[2mFeedbackWidget Integration Tests[2m > [22m[2mIntegration: Component → AIFeedbackLoop → Supabase[2m > [22m[2mshould handle all 4 feedback types correctly
[22m[39mCalibration failed: IntelligenceError: Calibration failed: TypeError: __vite_ssr_import_0__.supabase.from(...).select is not a function
    at AIFeedbackLoop.calibrateFromFeedback (D:/selfprint-v3-react/src/lib/intelligence/AIFeedbackLoop.ts:214:13) {
  code: [32m'CALIBRATION_FAILED'[39m,
  statusCode: [33m500[39m
}

[90mstderr[2m | src/components/intelligence/FeedbackWidget.integration.test.tsx[2m > [22m[2mFeedbackWidget Integration Tests[2m > [22m[2mIntegration: Component → AIFeedbackLoop → Supabase[2m > [22m[2mshould submit feedback without comment when allowComment=false
[22m[39mCalibration failed: IntelligenceError: Calibration failed: TypeError: __vite_ssr_import_0__.supabase.from(...).select is not a function
    at AIFeedbackLoop.calibrateFromFeedback (D:/selfprint-v3-react/src/lib/intelligence/AIFeedbackLoop.ts:214:13) {
  code: [32m'CALIBRATION_FAILED'[39m,
  statusCode: [33m500[39m
}

 [31m❯[39m src/components/intelligence/FeedbackWidget.integration.test.tsx [2m([22m[2m8 tests[22m[2m | [22m[31m6 failed[39m[2m)[22m[33m 1737[2mms[22m[39m
[31m       [31m×[31m should record feedback end-to-end with real AIFeedbackLoop[39m[32m 145[2mms[22m[39m
       [33m[2m✓[22m[39m should handle all 4 feedback types correctly [33m 1000[2mms[22m[39m
       [32m✓[39m should submit feedback without comment when allowComment=false[32m 147[2mms[22m[39m
[31m       [31m×[31m should handle feedback submission errors with user message[39m[32m 71[2mms[22m[39m
[31m       [31m×[31m should save feedback in inline mode through full integration[39m[32m 31[2mms[22m[39m
[31m       [31m×[31m should include model calibration metadata in feedback submission[39m[32m 79[2mms[22m[39m
[31m       [31m×[31m should accept all feedback types equally - not_me is valid as very_true[39m[32m 89[2mms[22m[39m
[31m       [31m×[31m should require explicit user feedback selection[39m[32m 169[2mms[22m[39m
[90mstderr[2m | src/__tests__/FollowUpScheduler.test.ts[2m > [22m[2mPhase E: FollowUpScheduler[2m > [22m[2mOverdue Follow-ups[2m > [22m[2mshould return empty array when no follow-ups are overdue
[22m[39mError getting overdue follow-ups: TypeError: __vite_ssr_import_0__.supabase.from(...).select(...).or is not a function
    at Module.getOverdueFollowUps (D:/selfprint-v3-react/src/services/FollowUpScheduler.ts:25:8)
    at D:/selfprint-v3-react/src/__tests__/FollowUpScheduler.test.ts:105:47
    at [90mfile:///D:/selfprint-v3-react/[39mnode_modules/[4mvitest[24m/node_modules/[4m@vitest/runner[24m/dist/chunk-artifact.js:302:11
    at [90mfile:///D:/selfprint-v3-react/[39mnode_modules/[4mvitest[24m/node_modules/[4m@vitest/runner[24m/dist/chunk-artifact.js:1903:26
    at [90mfile:///D:/selfprint-v3-react/[39mnode_modules/[4mvitest[24m/node_modules/[4m@vitest/runner[24m/dist/chunk-artifact.js:2326:20
    at new Promise (<anonymous>)
    at runWithCancel [90m(file:///D:/selfprint-v3-react/[39mnode_modules/[4mvitest[24m/node_modules/[4m@vitest/runner[24m/dist/chunk-artifact.js:2323:10[90m)[39m
    at [90mfile:///D:/selfprint-v3-react/[39mnode_modules/[4mvitest[24m/node_modules/[4m@vitest/runner[24m/dist/chunk-artifact.js:2305:20
    at new Promise (<anonymous>)
    at runWithTimeout [90m(file:///D:/selfprint-v3-react/[39mnode_modules/[4mvitest[24m/node_modules/[4m@vitest/runner[24m/dist/chunk-artifact.js:2272:10[90m)[39m

[90mstderr[2m | src/__tests__/FollowUpScheduler.test.ts[2m > [22m[2mPhase E: FollowUpScheduler[2m > [22m[2mOverdue Follow-ups[2m > [22m[2mshould handle non-existent user gracefully
[22m[39mError getting overdue follow-ups: TypeError: __vite_ssr_import_0__.supabase.from(...).select(...).or is not a function
    at Module.getOverdueFollowUps (D:/selfprint-v3-react/src/services/FollowUpScheduler.ts:25:8)
    at D:/selfprint-v3-react/src/__tests__/FollowUpScheduler.test.ts:111:47
    at [90mfile:///D:/selfprint-v3-react/[39mnode_modules/[4mvitest[24m/node_modules/[4m@vitest/runner[24m/dist/chunk-artifact.js:302:11
    at [90mfile:///D:/selfprint-v3-react/[39mnode_modules/[4mvitest[24m/node_modules/[4m@vitest/runner[24m/dist/chunk-artifact.js:1903:26
    at [90mfile:///D:/selfprint-v3-react/[39mnode_modules/[4mvitest[24m/node_modules/[4m@vitest/runner[24m/dist/chunk-artifact.js:2326:20
    at new Promise (<anonymous>)
    at runWithCancel [90m(file:///D:/selfprint-v3-react/[39mnode_modules/[4mvitest[24m/node_modules/[4m@vitest/runner[24m/dist/chunk-artifact.js:2323:10[90m)[39m
    at [90mfile:///D:/selfprint-v3-react/[39mnode_modules/[4mvitest[24m/node_modules/[4m@vitest/runner[24m/dist/chunk-artifact.js:2305:20
    at new Promise (<anonymous>)
    at runWithTimeout [90m(file:///D:/selfprint-v3-react/[39mnode_modules/[4mvitest[24m/node_modules/[4m@vitest/runner[24m/dist/chunk-artifact.js:2272:10[90m)[39m

 [31m❯[39m src/__tests__/nova-prompts.test.ts [2m([22m[2m15 tests[22m[2m | [22m[31m2 failed[39m[2m)[22m[32m 130[2mms[22m[39m
       [32m✓[39m should generate a valid system prompt[32m 5[2mms[22m[39m
       [32m✓[39m should include Base Persona in every prompt[32m 1[2mms[22m[39m
       [32m✓[39m should include Hub Context for each hub[32m 3[2mms[22m[39m
       [32m✓[39m should include Mood Modulation for each mood[32m 1[2mms[22m[39m
[31m       [31m×[31m should generate unique prompts for different archetypes[39m[32m 13[2mms[22m[39m
       [32m✓[39m should generate unique prompts for different hub + mood combinations[32m 1[2mms[22m[39m
       [32m✓[39m should support all 1,296 personality combinations (18 archetypes × 12 hubs × 6 moods)[32m 94[2mms[22m[39m
[31m       [31m×[31m should generate prompts between 1,000-1,500 tokens (estimated)[39m[32m 2[2mms[22m[39m
       [32m✓[39m should maintain consistent token count across different combinations[32m 1[2mms[22m[39m
       [32m✓[39m should adjust prompt depth based on maturityScore[32m 1[2mms[22m[39m
       [32m✓[39m should handle maturityScore 0-100 range[32m 1[2mms[22m[39m
       [32m✓[39m should accept and incorporate user profile data[32m 1[2mms[22m[39m
       [32m✓[39m should handle missing optional userProfile[32m 0[2mms[22m[39m
       [32m✓[39m should not include placeholder or broken text[32m 1[2mms[22m[39m
       [32m✓[39m should use consistent formatting[32m 0[2mms[22m[39m
[90mstdout[2m | src/__tests__/FollowUpScheduler.test.ts[2m > [22m[2mPhase E: FollowUpScheduler[2m > [22m[2mTrigger Follow-up[2m > [22m[2mshould trigger follow-up without errors
[22m[39mIn-app notification created for decision dec-log-id on day 30

[90mstdout[2m | src/__tests__/FollowUpScheduler.test.ts[2m > [22m[2mPhase E: FollowUpScheduler[2m > [22m[2mTrigger Follow-up[2m > [22m[2mshould trigger follow-up without errors
[22m[39m✅ Follow-up dispatched for decision dec-log-id (day 30)

[90mstdout[2m | src/__tests__/FollowUpScheduler.test.ts[2m > [22m[2mPhase E: FollowUpScheduler[2m > [22m[2mTrigger Follow-up[2m > [22m[2mshould handle non-existent decision without errors
[22m[39mIn-app notification created for decision nonexistent-id on day 30

[90mstdout[2m | src/__tests__/FollowUpScheduler.test.ts[2m > [22m[2mPhase E: FollowUpScheduler[2m > [22m[2mTrigger Follow-up[2m > [22m[2mshould handle non-existent decision without errors
[22m[39m✅ Follow-up dispatched for decision nonexistent-id (day 30)

[90mstderr[2m | src/__tests__/FollowUpScheduler.test.ts[2m > [22m[2mPhase E: FollowUpScheduler[2m > [22m[2mPerformance Benchmarks[2m > [22m[2mgetOverdueFollowUps() should complete < 300ms
[22m[39mError getting overdue follow-ups: TypeError: __vite_ssr_import_0__.supabase.from(...).select(...).or is not a function
    at Module.getOverdueFollowUps (D:/selfprint-v3-react/src/services/FollowUpScheduler.ts:25:8)
    at D:/selfprint-v3-react/src/__tests__/FollowUpScheduler.test.ts:248:31
    at [90mfile:///D:/selfprint-v3-react/[39mnode_modules/[4mvitest[24m/node_modules/[4m@vitest/runner[24m/dist/chunk-artifact.js:302:11
    at [90mfile:///D:/selfprint-v3-react/[39mnode_modules/[4mvitest[24m/node_modules/[4m@vitest/runner[24m/dist/chunk-artifact.js:1903:26
    at [90mfile:///D:/selfprint-v3-react/[39mnode_modules/[4mvitest[24m/node_modules/[4m@vitest/runner[24m/dist/chunk-artifact.js:2326:20
    at new Promise (<anonymous>)
    at runWithCancel [90m(file:///D:/selfprint-v3-react/[39mnode_modules/[4mvitest[24m/node_modules/[4m@vitest/runner[24m/dist/chunk-artifact.js:2323:10[90m)[39m
    at [90mfile:///D:/selfprint-v3-react/[39mnode_modules/[4mvitest[24m/node_modules/[4m@vitest/runner[24m/dist/chunk-artifact.js:2305:20
    at new Promise (<anonymous>)
    at runWithTimeout [90m(file:///D:/selfprint-v3-react/[39mnode_modules/[4mvitest[24m/node_modules/[4m@vitest/runner[24m/dist/chunk-artifact.js:2272:10[90m)[39m

[90mstdout[2m | src/__tests__/FollowUpScheduler.test.ts[2m > [22m[2mPhase E: FollowUpScheduler[2m > [22m[2mPerformance Benchmarks[2m > [22m[2mtriggerFollowUp() should complete < 500ms
[22m[39mIn-app notification created for decision dec-log-id on day 30

[90mstdout[2m | src/__tests__/FollowUpScheduler.test.ts[2m > [22m[2mPhase E: FollowUpScheduler[2m > [22m[2mPerformance Benchmarks[2m > [22m[2mtriggerFollowUp() should complete < 500ms
[22m[39m✅ Follow-up dispatched for decision dec-log-id (day 30)

 [31m❯[39m src/__tests__/integration.test.ts [2m([22m[2m10 tests[22m[2m | [22m[31m8 failed[39m[2m)[22m[32m 49[2mms[22m[39m
[31m       [31m×[31m should complete full chat flow: hub + mood + archetype → response[39m[32m 18[2mms[22m[39m
[31m       [31m×[31m should handle multi-turn conversation with history[39m[32m 3[2mms[22m[39m
[31m       [31m×[31m should handle 10+ diverse combinations without error[39m[32m 2[2mms[22m[39m
       [32m✓[39m should save and retrieve Twin profile from localStorage[32m 2[2mms[22m[39m
       [32m✓[39m should update maturityScore on engagement[32m 1[2mms[22m[39m
[31m       [31m×[31m should adjust Nova response depth based on maturityScore[39m[32m 1[2mms[22m[39m
[31m       [31m×[31m should extract and track discovered archetypes[39m[32m 1[2mms[22m[39m
[31m       [31m×[31m should gracefully handle API failures and retry logic[39m[32m 12[2mms[22m[39m
[31m       [31m×[31m should complete chat exchange within acceptable latency[39m[32m 2[2mms[22m[39m
[31m       [31m×[31m should handle concurrent requests[39m[32m 3[2mms[22m[39m
[90mstderr[2m | src/__tests__/FollowUpScheduler.test.ts[2m > [22m[2mPhase E: FollowUpScheduler[2m > [22m[2mPerformance Benchmarks[2m > [22m[2mgetAllPendingFollowUps() should complete < 500ms
[22m[39mError getting all pending follow-ups: TypeError: __vite_ssr_import_0__.supabase.from(...).select(...).or is not a function
    at Module.getAllPendingFollowUps (D:/selfprint-v3-react/src/services/FollowUpScheduler.ts:259:8)
    at D:/selfprint-v3-react/src/__tests__/FollowUpScheduler.test.ts:269:31
    at [90mfile:///D:/selfprint-v3-react/[39mnode_modules/[4mvitest[24m/node_modules/[4m@vitest/runner[24m/dist/chunk-artifact.js:302:11
    at [90mfile:///D:/selfprint-v3-react/[39mnode_modules/[4mvitest[24m/node_modules/[4m@vitest/runner[24m/dist/chunk-artifact.js:1903:26
    at [90mfile:///D:/selfprint-v3-react/[39mnode_modules/[4mvitest[24m/node_modules/[4m@vitest/runner[24m/dist/chunk-artifact.js:2326:20
    at new Promise (<anonymous>)
    at runWithCancel [90m(file:///D:/selfprint-v3-react/[39mnode_modules/[4mvitest[24m/node_modules/[4m@vitest/runner[24m/dist/chunk-artifact.js:2323:10[90m)[39m
    at [90mfile:///D:/selfprint-v3-react/[39mnode_modules/[4mvitest[24m/node_modules/[4m@vitest/runner[24m/dist/chunk-artifact.js:2305:20
    at new Promise (<anonymous>)
    at runWithTimeout [90m(file:///D:/selfprint-v3-react/[39mnode_modules/[4mvitest[24m/node_modules/[4m@vitest/runner[24m/dist/chunk-artifact.js:2272:10[90m)[39m

[90mstderr[2m | src/__tests__/FollowUpScheduler.test.ts[2m > [22m[2mPhase E: FollowUpScheduler[2m > [22m[2mDaily Scheduled Task[2m > [22m[2mshould run without errors
[22m[39mError getting all pending follow-ups: TypeError: __vite_ssr_import_0__.supabase.from(...).select(...).or is not a function
    at getAllPendingFollowUps (D:/selfprint-v3-react/src/services/FollowUpScheduler.ts:259:8)
    at Module.runDailyFollowUpTask (D:/selfprint-v3-react/src/services/FollowUpScheduler.ts:336:27)
    at D:/selfprint-v3-react/src/__tests__/FollowUpScheduler.test.ts:278:46
    at [90mfile:///D:/selfprint-v3-react/[39mnode_modules/[4mvitest[24m/node_modules/[4m@vitest/runner[24m/dist/chunk-artifact.js:302:11
    at [90mfile:///D:/selfprint-v3-react/[39mnode_modules/[4mvitest[24m/node_modules/[4m@vitest/runner[24m/dist/chunk-artifact.js:1903:26
    at [90mfile:///D:/selfprint-v3-react/[39mnode_modules/[4mvitest[24m/node_modules/[4m@vitest/runner[24m/dist/chunk-artifact.js:2326:20
    at new Promise (<anonymous>)
    at runWithCancel [90m(file:///D:/selfprint-v3-react/[39mnode_modules/[4mvitest[24m/node_modules/[4m@vitest/runner[24m/dist/chunk-artifact.js:2323:10[90m)[39m
    at [90mfile:///D:/selfprint-v3-react/[39mnode_modules/[4mvitest[24m/node_modules/[4m@vitest/runner[24m/dist/chunk-artifact.js:2305:20
    at new Promise (<anonymous>)

[90mstdout[2m | src/__tests__/FollowUpScheduler.test.ts[2m > [22m[2mPhase E: FollowUpScheduler[2m > [22m[2mDaily Scheduled Task[2m > [22m[2mshould run without errors
[22m[39mDaily follow-up task complete: 0/0 triggered

[90mstderr[2m | src/__tests__/FollowUpScheduler.test.ts[2m > [22m[2mPhase E: FollowUpScheduler[2m > [22m[2mDaily Scheduled Task[2m > [22m[2mshould return valid stats object
[22m[39mError getting all pending follow-ups: TypeError: __vite_ssr_import_0__.supabase.from(...).select(...).or is not a function
    at getAllPendingFollowUps (D:/selfprint-v3-react/src/services/FollowUpScheduler.ts:259:8)
    at Module.runDailyFollowUpTask (D:/selfprint-v3-react/src/services/FollowUpScheduler.ts:336:27)
    at D:/selfprint-v3-react/src/__tests__/FollowUpScheduler.test.ts:288:46
    at [90mfile:///D:/selfprint-v3-react/[39mnode_modules/[4mvitest[24m/node_modules/[4m@vitest/runner[24m/dist/chunk-artifact.js:302:11
    at [90mfile:///D:/selfprint-v3-react/[39mnode_modules/[4mvitest[24m/node_modules/[4m@vitest/runner[24m/dist/chunk-artifact.js:1903:26
    at [90mfile:///D:/selfprint-v3-react/[39mnode_modules/[4mvitest[24m/node_modules/[4m@vitest/runner[24m/dist/chunk-artifact.js:2326:20
    at new Promise (<anonymous>)
    at runWithCancel [90m(file:///D:/selfprint-v3-react/[39mnode_modules/[4mvitest[24m/node_modules/[4m@vitest/runner[24m/dist/chunk-artifact.js:2323:10[90m)[39m
    at [90mfile:///D:/selfprint-v3-react/[39mnode_modules/[4mvitest[24m/node_modules/[4m@vitest/runner[24m/dist/chunk-artifact.js:2305:20
    at new Promise (<anonymous>)

[90mstdout[2m | src/__tests__/FollowUpScheduler.test.ts[2m > [22m[2mPhase E: FollowUpScheduler[2m > [22m[2mDaily Scheduled Task[2m > [22m[2mshould return valid stats object
[22m[39mDaily follow-up task complete: 0/0 triggered

[90mstderr[2m | src/__tests__/FollowUpScheduler.test.ts[2m > [22m[2mPhase E: FollowUpScheduler[2m > [22m[2mDaily Scheduled Task[2m > [22m[2mtriggered should not exceed processed count
[22m[39mError getting all pending follow-ups: TypeError: __vite_ssr_import_0__.supabase.from(...).select(...).or is not a function
    at getAllPendingFollowUps (D:/selfprint-v3-react/src/services/FollowUpScheduler.ts:259:8)
    at Module.runDailyFollowUpTask (D:/selfprint-v3-react/src/services/FollowUpScheduler.ts:336:27)
    at D:/selfprint-v3-react/src/__tests__/FollowUpScheduler.test.ts:296:46
    at [90mfile:///D:/selfprint-v3-react/[39mnode_modules/[4mvitest[24m/node_modules/[4m@vitest/runner[24m/dist/chunk-artifact.js:302:11
    at [90mfile:///D:/selfprint-v3-react/[39mnode_modules/[4mvitest[24m/node_modules/[4m@vitest/runner[24m/dist/chunk-artifact.js:1903:26
    at [90mfile:///D:/selfprint-v3-react/[39mnode_modules/[4mvitest[24m/node_modules/[4m@vitest/runner[24m/dist/chunk-artifact.js:2326:20
    at new Promise (<anonymous>)
    at runWithCancel [90m(file:///D:/selfprint-v3-react/[39mnode_modules/[4mvitest[24m/node_modules/[4m@vitest/runner[24m/dist/chunk-artifact.js:2323:10[90m)[39m
    at [90mfile:///D:/selfprint-v3-react/[39mnode_modules/[4mvitest[24m/node_modules/[4m@vitest/runner[24m/dist/chunk-artifact.js:2305:20
    at new Promise (<anonymous>)

[90mstdout[2m | src/__tests__/FollowUpScheduler.test.ts[2m > [22m[2mPhase E: FollowUpScheduler[2m > [22m[2mDaily Scheduled Task[2m > [22m[2mtriggered should not exceed processed count
[22m[39mDaily follow-up task complete: 0/0 triggered

[90mstderr[2m | src/__tests__/FollowUpScheduler.test.ts[2m > [22m[2mPhase E: FollowUpScheduler[2m > [22m[2mEdge Cases & Error Handling[2m > [22m[2mshould handle null supabase client gracefully
[22m[39mError getting overdue follow-ups: TypeError: __vite_ssr_import_0__.supabase.from(...).select(...).or is not a function
    at Module.getOverdueFollowUps (D:/selfprint-v3-react/src/services/FollowUpScheduler.ts:25:8)
    at D:/selfprint-v3-react/src/__tests__/FollowUpScheduler.test.ts:304:47
    at [90mfile:///D:/selfprint-v3-react/[39mnode_modules/[4mvitest[24m/node_modules/[4m@vitest/runner[24m/dist/chunk-artifact.js:302:11
    at [90mfile:///D:/selfprint-v3-react/[39mnode_modules/[4mvitest[24m/node_modules/[4m@vitest/runner[24m/dist/chunk-artifact.js:1903:26
    at [90mfile:///D:/selfprint-v3-react/[39mnode_modules/[4mvitest[24m/node_modules/[4m@vitest/runner[24m/dist/chunk-artifact.js:2326:20
    at new Promise (<anonymous>)
    at runWithCancel [90m(file:///D:/selfprint-v3-react/[39mnode_modules/[4mvitest[24m/node_modules/[4m@vitest/runner[24m/dist/chunk-artifact.js:2323:10[90m)[39m
    at [90mfile:///D:/selfprint-v3-react/[39mnode_modules/[4mvitest[24m/node_modules/[4m@vitest/runner[24m/dist/chunk-artifact.js:2305:20
    at new Promise (<anonymous>)
    at runWithTimeout [90m(file:///D:/selfprint-v3-react/[39mnode_modules/[4mvitest[24m/node_modules/[4m@vitest/runner[24m/dist/chunk-artifact.js:2272:10[90m)[39m

[90mstderr[2m | src/__tests__/FollowUpScheduler.test.ts[2m > [22m[2mPhase E: FollowUpScheduler[2m > [22m[2mEdge Cases & Error Handling[2m > [22m[2mshould handle empty result sets
[22m[39mError getting overdue follow-ups: TypeError: __vite_ssr_import_0__.supabase.from(...).select(...).or is not a function
    at Module.getOverdueFollowUps (D:/selfprint-v3-react/src/services/FollowUpScheduler.ts:25:8)
    at D:/selfprint-v3-react/src/__tests__/FollowUpScheduler.test.ts:309:47
    at [90mfile:///D:/selfprint-v3-react/[39mnode_modules/[4mvitest[24m/node_modules/[4m@vitest/runner[24m/dist/chunk-artifact.js:302:11
    at [90mfile:///D:/selfprint-v3-react/[39mnode_modules/[4mvitest[24m/node_modules/[4m@vitest/runner[24m/dist/chunk-artifact.js:1903:26
    at [90mfile:///D:/selfprint-v3-react/[39mnode_modules/[4mvitest[24m/node_modules/[4m@vitest/runner[24m/dist/chunk-artifact.js:2326:20
    at new Promise (<anonymous>)
    at runWithCancel [90m(file:///D:/selfprint-v3-react/[39mnode_modules/[4mvitest[24m/node_modules/[4m@vitest/runner[24m/dist/chunk-artifact.js:2323:10[90m)[39m
    at [90mfile:///D:/selfprint-v3-react/[39mnode_modules/[4mvitest[24m/node_modules/[4m@vitest/runner[24m/dist/chunk-artifact.js:2305:20
    at new Promise (<anonymous>)
    at runWithTimeout [90m(file:///D:/selfprint-v3-react/[39mnode_modules/[4mvitest[24m/node_modules/[4m@vitest/runner[24m/dist/chunk-artifact.js:2272:10[90m)[39m

 [31m❯[39m src/__tests__/FollowUpScheduler.test.ts [2m([22m[2m28 tests[22m[2m | [22m[31m7 failed[39m[2m)[22m[32m 66[2mms[22m[39m
       [32m✓[39m should create a test decision with follow-up schedule[32m 6[2mms[22m[39m
       [32m✓[39m should return 30 when no follow-ups are complete[32m 1[2mms[22m[39m
[31m       [31m×[31m should return 90 after day 30 is complete[39m[32m 13[2mms[22m[39m
[31m       [31m×[31m should return 180 after days 30 and 90 are complete[39m[32m 2[2mms[22m[39m
[31m       [31m×[31m should return 365 after days 30, 90, 180 are complete[39m[32m 2[2mms[22m[39m
[31m       [31m×[31m should return null when all follow-ups are complete[39m[32m 2[2mms[22m[39m
[31m       [31m×[31m should return null for non-existent decision[39m[32m 1[2mms[22m[39m
       [32m✓[39m should return empty array when no follow-ups are overdue[32m 5[2mms[22m[39m
       [32m✓[39m should handle non-existent user gracefully[32m 2[2mms[22m[39m
       [32m✓[39m setup: create another test decision[32m 1[2mms[22m[39m
[31m       [31m×[31m should mark day 30 as complete[39m[32m 1[2mms[22m[39m
[31m       [31m×[31m should handle multiple follow-ups being marked complete[39m[32m 1[2mms[22m[39m
       [32m✓[39m should return false for invalid day offset[32m 0[2mms[22m[39m
       [32m✓[39m should handle non-existent decision gracefully[32m 0[2mms[22m[39m
       [32m✓[39m setup: create test decision for trigger[32m 1[2mms[22m[39m
       [32m✓[39m should trigger follow-up without errors[32m 4[2mms[22m[39m
       [32m✓[39m should handle non-existent decision without errors[32m 1[2mms[22m[39m
       [32m✓[39m getNextFollowUpDay() should complete < 200ms[32m 1[2mms[22m[39m
       [32m✓[39m completeFollowUp() should complete < 200ms[32m 0[2mms[22m[39m
       [32m✓[39m getOverdueFollowUps() should complete < 300ms[32m 1[2mms[22m[39m
       [32m✓[39m triggerFollowUp() should complete < 500ms[32m 1[2mms[22m[39m
       [32m✓[39m getAllPendingFollowUps() should complete < 500ms[32m 2[2mms[22m[39m
       [32m✓[39m should run without errors[32m 2[2mms[22m[39m
       [32m✓[39m should return valid stats object[32m 2[2mms[22m[39m
       [32m✓[39m triggered should not exceed processed count[32m 2[2mms[22m[39m
       [32m✓[39m should handle null supabase client gracefully[32m 2[2mms[22m[39m
       [32m✓[39m should handle empty result sets[32m 1[2mms[22m[39m
       [32m✓[39m should handle concurrent follow-up completions[32m 1[2mms[22m[39m
[90mstderr[2m | src/lib/intelligence/PersonalContextBuilder.test.ts[2m > [22m[2mPersonalContextBuilder[2m > [22m[2mgetContext[2m > [22m[2mshould throw error on missing userId
[22m[39mPromise returned by `expect(actual).rejects.toThrow()` was not awaited. Vitest currently auto-awaits hanging assertions at the end of the test, but this will cause the test to fail in the next Vitest major. Please remember to await the assertion.
    at D:/selfprint-v3-react/src/lib/intelligence/PersonalContextBuilder.test.ts:97:9

 [31m❯[39m src/lib/intelligence/PersonalContextBuilder.test.ts [2m([22m[2m12 tests[22m[2m | [22m[31m2 failed[39m[2m)[22m[32m 52[2mms[22m[39m
       [32m✓[39m should initialize context from onboarding data[32m 7[2mms[22m[39m
[31m       [31m×[31m should handle missing userId gracefully[39m[32m 16[2mms[22m[39m
       [32m✓[39m should create personal profile[32m 1[2mms[22m[39m
       [32m✓[39m should return personal context for user[32m 2[2mms[22m[39m
[31m       [31m×[31m should throw error on missing userId[39m[32m 12[2mms[22m[39m
       [32m✓[39m should calculate overall confidence[32m 1[2mms[22m[39m
       [32m✓[39m should infer user values[32m 1[2mms[22m[39m
       [32m✓[39m should return empty array if no values found[32m 0[2mms[22m[39m
       [32m✓[39m should infer user goals[32m 1[2mms[22m[39m
       [32m✓[39m should infer blind spots[32m 1[2mms[22m[39m
       [32m✓[39m should mark blind spots with sensitivity level[32m 1[2mms[22m[39m
       [32m✓[39m should update context from reflection[32m 3[2mms[22m[39m
 [31m❯[39m src/__tests__/DecisionLearningService.test.ts [2m([22m[2m35 tests[22m[2m | [22m[31m4 failed[39m[2m)[22m[32m 47[2mms[22m[39m
       [32m✓[39m should create career decision with positive outcome[32m 6[2mms[22m[39m
       [32m✓[39m should create love decision with negative outcome[32m 1[2mms[22m[39m
       [32m✓[39m should create health decision with positive outcome[32m 1[2mms[22m[39m
       [32m✓[39m should create another career decision with positive outcome[32m 1[2mms[22m[39m
[31m       [31m×[31m should return array of patterns[39m[32m 9[2mms[22m[39m
[31m       [31m×[31m should have pattern for career world[39m[32m 2[2mms[22m[39m
       [32m✓[39m should calculate success rate correctly[32m 1[2mms[22m[39m
       [32m✓[39m should increase confidence with more decisions[32m 1[2mms[22m[39m
       [32m✓[39m should handle Twin with no decisions[32m 1[2mms[22m[39m
       [32m✓[39m should return string for career world[32m 2[2mms[22m[39m
       [32m✓[39m should mention world name[32m 1[2mms[22m[39m
       [32m✓[39m should reference decision count[32m 1[2mms[22m[39m
       [32m✓[39m should handle world with no decisions[32m 0[2mms[22m[39m
       [32m✓[39m should handle nonexistent Twin[32m 0[2mms[22m[39m
       [32m✓[39m should return insights object[32m 2[2mms[22m[39m
       [32m✓[39m should calculate total decisions[32m 1[2mms[22m[39m
       [32m✓[39m should calculate success rate[32m 1[2mms[22m[39m
[31m       [31m×[31m should have best worlds[39m[32m 1[2mms[22m[39m
       [32m✓[39m should generate trend description[32m 0[2mms[22m[39m
       [32m✓[39m should handle nonexistent Twin[32m 0[2mms[22m[39m
       [32m✓[39m should calculate confidence for career world[32m 0[2mms[22m[39m
       [32m✓[39m should return default 50 for world with no data[32m 0[2mms[22m[39m
[31m       [31m×[31m should return higher confidence for high success rate[39m[32m 1[2mms[22m[39m
       [32m✓[39m should return low, medium, or high[32m 1[2mms[22m[39m
       [32m✓[39m should return high for successful world[32m 0[2mms[22m[39m
       [32m✓[39m should return low for unsuccessful world[32m 0[2mms[22m[39m
       [32m✓[39m should update expertise without errors[32m 2[2mms[22m[39m
       [32m✓[39m should handle nonexistent Twin gracefully[32m 1[2mms[22m[39m
       [32m✓[39m analyzeTwinDecisionPatterns() should complete < 500ms[32m 1[2mms[22m[39m
       [32m✓[39m getWorldSpecificInsights() should complete < 400ms[32m 1[2mms[22m[39m
       [32m✓[39m getDecisionInsights() should complete < 600ms[32m 0[2mms[22m[39m
       [32m✓[39m calculateTwinConfidenceInWorld() should complete < 300ms[32m 0[2mms[22m[39m
       [32m✓[39m should handle Twin with mixed outcomes[32m 0[2mms[22m[39m
       [32m✓[39m should handle empty lessons array[32m 0[2mms[22m[39m
       [32m✓[39m should rank worlds by success rate[32m 0[2mms[22m[39m
 [31m❯[39m src/components/intelligence/E2E.flow.test.tsx [2m([22m[2m5 tests[22m[2m | [22m[31m4 failed[39m[2m)[22m[33m 6553[2mms[22m[39m
       [33m[2m✓[22m[39m should complete full memory creation workflow: record → store → display [33m 2544[2mms[22m[39m
[31m       [31m×[31m should complete feedback loop: insight → user feedback → model update → new confidence[39m[32m 71[2mms[22m[39m
[31m       [31m×[31m should display updated context after system operations[39m[32m 24[2mms[22m[39m
[31m       [31m×[31m should handle complete journey: memory creation → insight generation → feedback[39m[33m 2014[2mms[22m[39m
[31m       [31m×[31m should handle errors gracefully and keep user data intact[39m[33m 1893[2mms[22m[39m
 [31m❯[39m src/__tests__/selfprint-chat.test.ts [2m([22m[2m13 tests[22m[2m | [22m[31m10 failed[39m[2m)[22m[32m 56[2mms[22m[39m
[31m       [31m×[31m should format a valid request with all required fields[39m[32m 17[2mms[22m[39m
[31m       [31m×[31m should include hub, mood, and archetype in request[39m[32m 2[2mms[22m[39m
[31m       [31m×[31m should support optional birthData and twinProfile[39m[32m 2[2mms[22m[39m
[31m       [31m×[31m should parse valid response structure[39m[32m 2[2mms[22m[39m
[31m       [31m×[31m should extract learning signals from response[39m[32m 2[2mms[22m[39m
[31m       [31m×[31m should handle missing optional learning signals[39m[32m 2[2mms[22m[39m
       [32m✓[39m should throw SelfprintChatError on API failure[32m 4[2mms[22m[39m
[31m       [31m×[31m should include error code and message[39m[32m 8[2mms[22m[39m
       [32m✓[39m should handle network errors[32m 2[2mms[22m[39m
       [32m✓[39m should handle malformed JSON response[32m 1[2mms[22m[39m
[31m       [31m×[31m should support all hub values[39m[32m 3[2mms[22m[39m
[31m       [31m×[31m should support all mood values[39m[32m 3[2mms[22m[39m
[31m       [31m×[31m should support chat history[39m[32m 2[2mms[22m[39m
 [31m❯[39m src/__tests__/Worlds.test.tsx [2m([22m[2m21 tests[22m[2m | [22m[31m1 failed[39m[2m)[22m[32m 51[2mms[22m[39m
     [32m✓[39m should define all 12 worlds[32m 5[2mms[22m[39m
     [32m✓[39m should have required properties on each world[32m 6[2mms[22m[39m
     [32m✓[39m should have unique world IDs[32m 1[2mms[22m[39m
     [32m✓[39m should have focus areas for each world[32m 3[2mms[22m[39m
     [32m✓[39m should have valid hex colors[32m 2[2mms[22m[39m
     [32m✓[39m should have emoji for each world[32m 1[2mms[22m[39m
     [32m✓[39m should return all worlds[32m 1[2mms[22m[39m
     [32m✓[39m should get world by ID[32m 1[2mms[22m[39m
[31m     [31m×[31m should throw on invalid world ID[39m[32m 12[2mms[22m[39m
     [32m✓[39m should have articles for each world[32m 2[2mms[22m[39m
     [32m✓[39m should have valid article structure[32m 1[2mms[22m[39m
     [32m✓[39m should have articles with proper data types[32m 1[2mms[22m[39m
     [32m✓[39m should link articles to correct world[32m 2[2mms[22m[39m
     [32m✓[39m should have unique article slugs within world[32m 1[2mms[22m[39m
     [32m✓[39m should return empty array for empty world[32m 0[2mms[22m[39m
     [32m✓[39m should have minimum 3 articles per world[32m 1[2mms[22m[39m
     [32m✓[39m should have total article coverage[32m 0[2mms[22m[39m
     [32m✓[39m should have descriptive world names[32m 2[2mms[22m[39m
     [32m✓[39m should have concise taglines[32m 2[2mms[22m[39m
     [32m✓[39m should have substantive descriptions[32m 1[2mms[22m[39m
     [32m✓[39m should have 4-5 focus areas per world[32m 2[2mms[22m[39m
 [31m❯[39m src/__tests__/SICE.test.ts [2m([22m[2m16 tests[22m[2m | [22m[31m5 failed[39m[2m)[22m[32m 68[2mms[22m[39m
     [32m✓[39m should have correct metadata[32m 5[2mms[22m[39m
     [32m✓[39m should validate input[32m 1[2mms[22m[39m
     [32m✓[39m should create result with valid confidence[32m 1[2mms[22m[39m
     [32m✓[39m should measure execution time[32m 22[2mms[22m[39m
     [32m✓[39m should process valid input[32m 4[2mms[22m[39m
     [32m✓[39m should handle missing userId[32m 1[2mms[22m[39m
[31m     [31m×[31m should register engines[39m[32m 9[2mms[22m[39m
[31m     [31m×[31m should orchestrate with valid input[39m[32m 8[2mms[22m[39m
[31m     [31m×[31m should return synthesis with confidence score[39m[32m 2[2mms[22m[39m
[31m     [31m×[31m should build personal intelligence[39m[32m 1[2mms[22m[39m
       [32m✓[39m should fail with missing userId[32m 1[2mms[22m[39m
       [32m✓[39m should process valid request[32m 1[2mms[22m[39m
       [32m✓[39m should include execution time[32m 1[2mms[22m[39m
[31m       [31m×[31m should return engine status[39m[32m 5[2mms[22m[39m
       [32m✓[39m should list ready engines[32m 0[2mms[22m[39m
     [32m✓[39m should complete orchestration within 3 seconds[32m 1[2mms[22m[39m
 [31m❯[39m src/__tests__/TwinWorldsIntegration.test.ts [2m([22m[2m14 tests[22m[2m | [22m[31m3 failed[39m[2m)[22m[32m 83[2mms[22m[39m
       [32m✓[39m should load all 12 world prompts without errors[32m 9[2mms[22m[39m
[31m       [31m×[31m should include world-specific expertise in prompt[39m[32m 20[2mms[22m[39m
[31m       [31m×[31m should build complete prompt with world context[39m[32m 6[2mms[22m[39m
[31m       [31m×[31m should default to SELF world if not specified[39m[32m 3[2mms[22m[39m
       [32m✓[39m should handle missing world gracefully[32m 1[2mms[22m[39m
       [32m✓[39m all worlds should have required metadata[32m 6[2mms[22m[39m
       [32m✓[39m should have unique world IDs[32m 1[2mms[22m[39m
       [32m✓[39m focus areas should be meaningful[32m 13[2mms[22m[39m
       [32m✓[39m Twin personality should change based on world[32m 2[2mms[22m[39m
       [32m✓[39m should maintain Twin core while changing expertise[32m 2[2mms[22m[39m
       [32m✓[39m should support world switching in conversation[32m 1[2mms[22m[39m
       [32m✓[39m should work with chat message history[32m 1[2mms[22m[39m
       [32m✓[39m prompt building should be fast (< 5ms)[32m 2[2mms[22m[39m
       [32m✓[39m should not have memory leaks in repeated calls[32m 11[2mms[22m[39m
 [31m❯[39m src/components/intelligence/MemoryRecorder.integration.test.tsx [2m([22m[2m7 tests[22m[2m | [22m[31m1 failed[39m[2m)[22m[33m 8932[2mms[22m[39m
       [33m[2m✓[22m[39m should create memory end-to-end with real MemoryManager [33m 2844[2mms[22m[39m
[31m       [31m×[31m should handle Supabase network errors with user-friendly message[39m[33m 1608[2mms[22m[39m
       [33m[2m✓[22m[39m should link memory to decision/journal when linkedToId provided [33m 838[2mms[22m[39m
       [33m[2m✓[22m[39m should handle all 4 memory types correctly [33m 2094[2mms[22m[39m
       [33m[2m✓[22m[39m should create memory in compact mode through full integration [33m 616[2mms[22m[39m
       [33m[2m✓[22m[39m should parse and send tags correctly to Supabase [33m 851[2mms[22m[39m
       [32m✓[39m should require user input - no auto-generated memories[32m 75[2mms[22m[39m
 [31m❯[39m src/__tests__/TwinEvolution.test.ts [2m([22m[2m23 tests[22m[2m | [22m[31m4 failed[39m[2m)[22m[32m 44[2mms[22m[39m
     [32m✓[39m should have 5 stages defined[32m 7[2mms[22m[39m
     [32m✓[39m should have correct stage names[32m 1[2mms[22m[39m
     [32m✓[39m should have increasing requirements per stage[32m 1[2mms[22m[39m
     [32m✓[39m should have valid colors[32m 2[2mms[22m[39m
     [32m✓[39m should have valid opacity values[32m 2[2mms[22m[39m
     [32m✓[39m should return 100% progress for stage 5[32m 1[2mms[22m[39m
     [32m✓[39m should show 0% progress for stage 1 with no activity[32m 1[2mms[22m[39m
     [32m✓[39m should calculate progress based on message count[32m 0[2mms[22m[39m
     [32m✓[39m should allow evolution when all requirements met[32m 1[2mms[22m[39m
     [32m✓[39m should return next stage when not at max[32m 1[2mms[22m[39m
     [32m✓[39m should not return next stage when at max[32m 0[2mms[22m[39m
     [32m✓[39m should show complete message for stage 5[32m 0[2mms[22m[39m
     [32m✓[39m should show message requirement for early stage[32m 0[2mms[22m[39m
     [32m✓[39m should show ready message when requirements met[32m 0[2mms[22m[39m
     [32m✓[39m should handle singular/plural correctly[32m 0[2mms[22m[39m
       [32m✓[39m should return false for invalid inputs[32m 0[2mms[22m[39m
[31m       [31m×[31m should return false for stage 5[39m[32m 15[2mms[22m[39m
[31m       [31m×[31m should detect evolution when ready[39m[32m 2[2mms[22m[39m
       [32m✓[39m should track progress[32m 0[2mms[22m[39m
       [32m✓[39m should fail with invalid inputs[32m 1[2mms[22m[39m
[31m       [31m×[31m should evolve Twin successfully[39m[32m 1[2mms[22m[39m
       [32m✓[39m should fail with invalid userId[32m 1[2mms[22m[39m
[31m       [31m×[31m should return status for valid userId[39m[32m 1[2mms[22m[39m
 [31m❯[39m src/tests/TwinChat.world-routing.e2e.test.ts [2m([22m[2m23 tests[22m[2m | [22m[31m1 failed[39m[2m)[22m[32m 50[2mms[22m[39m
       [32m✓[39m should support all 12 worlds in selector[32m 6[2mms[22m[39m
       [32m✓[39m should display world name and emoji in selector[32m 2[2mms[22m[39m
       [32m✓[39m should update chat context when world selected[32m 1[2mms[22m[39m
       [32m✓[39m should tag messages with current world[32m 0[2mms[22m[39m
[31m       [31m×[31m should apply world-specific prompt to Twin response[39m[32m 18[2mms[22m[39m
       [32m✓[39m should include world focus areas in context[32m 2[2mms[22m[39m
       [32m✓[39m should record decisions with world tag[32m 1[2mms[22m[39m
       [32m✓[39m should support decision recording in each world[32m 1[2mms[22m[39m
       [32m✓[39m should auto-schedule follow-ups at 30/90/180/365 days[32m 1[2mms[22m[39m
       [32m✓[39m should track interaction count per world[32m 1[2mms[22m[39m
       [32m✓[39m should track expertise score (0-100) per world[32m 2[2mms[22m[39m
       [32m✓[39m should update expertise based on decision outcomes[32m 0[2mms[22m[39m
       [32m✓[39m should display world-specific decision history[32m 0[2mms[22m[39m
       [32m✓[39m should calculate success rate per world[32m 0[2mms[22m[39m
       [32m✓[39m should show world expertise meter[32m 2[2mms[22m[39m
       [32m✓[39m should preserve chat history when switching worlds[32m 0[2mms[22m[39m
       [32m✓[39m should show appropriate expertise level for selected world[32m 2[2mms[22m[39m
       [32m✓[39m should load world-specific Twin expertise when switching[32m 1[2mms[22m[39m
       [32m✓[39m should detect patterns from decisions in same world[32m 0[2mms[22m[39m
       [32m✓[39m should calculate per-world success rate[32m 0[2mms[22m[39m
       [32m✓[39m should provide world-specific recommendations[32m 0[2mms[22m[39m
       [32m✓[39m should remember selected world across navigation[32m 0[2mms[22m[39m
       [32m✓[39m should load last used world on app startup[32m 0[2mms[22m[39m
 [31m❯[39m src/lib/auth/webauthn.test.ts [2m([22m[2m13 tests[22m[2m | [22m[31m4 failed[39m[2m)[22m[32m 45[2mms[22m[39m
       [32m✓[39m should return true if WebAuthn is available[32m 5[2mms[22m[39m
       [32m✓[39m should return false if PublicKeyCredential is undefined[32m 1[2mms[22m[39m
       [32m✓[39m should convert Uint8Array to base64 URL-safe string[32m 2[2mms[22m[39m
[31m       [31m×[31m should encode/decode roundtrip correctly[39m[32m 21[2mms[22m[39m
       [32m✓[39m should handle empty arrays[32m 1[2mms[22m[39m
       [32m✓[39m should handle large arrays[32m 1[2mms[22m[39m
[31m       [31m×[31m should decode base64 URL-safe string to Uint8Array[39m[32m 4[2mms[22m[39m
[31m       [31m×[31m should handle URL-safe characters (- and _)[39m[32m 1[2mms[22m[39m
[31m       [31m×[31m should handle missing padding[39m[32m 2[2mms[22m[39m
       [32m✓[39m should throw on invalid base64[32m 2[2mms[22m[39m
       [32m✓[39m should generate different challenges on each call[32m 0[2mms[22m[39m
     [32m✓[39m should detect platform authenticator availability[32m 0[2mms[22m[39m
     [32m✓[39m should detect biometric availability[32m 0[2mms[22m[39m
 [31m❯[39m src/services/__tests__/QualityMetricsService.test.ts [2m([22m[2m11 tests[22m[2m | [22m[31m2 failed[39m[2m)[22m[32m 43[2mms[22m[39m
       [32m✓[39m should record quality metric for a Twin response[32m 7[2mms[22m[39m
       [32m✓[39m should validate quality score range (0-100)[32m 4[2mms[22m[39m
       [32m✓[39m should validate rating range (1-5)[32m 1[2mms[22m[39m
       [32m✓[39m should retrieve quality metrics for a Twin[32m 2[2mms[22m[39m
       [32m✓[39m should calculate average quality per world[32m 1[2mms[22m[39m
       [32m✓[39m should return zero metrics for Twin with no data[32m 1[2mms[22m[39m
       [32m✓[39m should calculate quality trend over time[32m 1[2mms[22m[39m
[31m       [31m×[31m should return stable trend for Twin with no quality change[39m[32m 9[2mms[22m[39m
[31m       [31m×[31m should detect improving trend[39m[32m 9[2mms[22m[39m
       [32m✓[39m should alert when quality drops below threshold[32m 1[2mms[22m[39m
       [32m✓[39m should not alert for improving quality[32m 1[2mms[22m[39m
 [31m❯[39m src/services/__tests__/ContinuousImprovementService.test.ts [2m([22m[2m15 tests[22m[2m | [22m[31m4 failed[39m[2m)[22m[32m 56[2mms[22m[39m
[31m       [31m×[31m should process feedback into improvement action[39m[32m 13[2mms[22m[39m
       [32m✓[39m should handle different improvement areas[32m 2[2mms[22m[39m
       [32m✓[39m should reject invalid improvement area[32m 4[2mms[22m[39m
       [32m✓[39m should retrieve pending improvement actions for Twin[32m 2[2mms[22m[39m
[31m       [31m×[31m should return empty array when no pending improvements[39m[32m 16[2mms[22m[39m
       [32m✓[39m should rank improvements by severity[32m 1[2mms[22m[39m
       [32m✓[39m should apply improvement action (update Twin configuration)[32m 1[2mms[22m[39m
[31m       [31m×[31m should track improvement effectiveness[39m[32m 1[2mms[22m[39m
[31m       [31m×[31m should reject applying non-existent improvement[39m[32m 5[2mms[22m[39m
       [32m✓[39m should measure impact of applied improvements[32m 2[2mms[22m[39m
       [32m✓[39m should track improvement effectiveness per area[32m 1[2mms[22m[39m
       [32m✓[39m should return zero impact for Twin with no improvements[32m 1[2mms[22m[39m
       [32m✓[39m should adjust Twin prompt based on feedback[32m 1[2mms[22m[39m
       [32m✓[39m should track prompt changes[32m 1[2mms[22m[39m
       [32m✓[39m should prevent conflicting prompt adjustments[32m 1[2mms[22m[39m
 [31m❯[39m src/__tests__/Decision.test.ts [2m([22m[2m13 tests[22m[2m | [22m[31m11 failed[39m[2m)[22m[32m 35[2mms[22m[39m
[31m       [31m×[31m should calculate 30-day follow-up[39m[32m 12[2mms[22m[39m
[31m       [31m×[31m should calculate 90-day follow-up[39m[32m 1[2mms[22m[39m
[31m       [31m×[31m should calculate 180-day follow-up[39m[32m 1[2mms[22m[39m
[31m       [31m×[31m should calculate 365-day follow-up[39m[32m 1[2mms[22m[39m
[31m       [31m×[31m should return 0 for empty decisions[39m[32m 1[2mms[22m[39m
[31m       [31m×[31m should calculate success rate from result scores[39m[32m 1[2mms[22m[39m
[31m       [31m×[31m should return empty for no decisions[39m[32m 1[2mms[22m[39m
[31m       [31m×[31m should filter out completed follow-ups[39m[32m 1[2mms[22m[39m
[31m       [31m×[31m should fail with missing userId[39m[32m 7[2mms[22m[39m
[31m       [31m×[31m should create decision with 4 follow-ups[39m[32m 1[2mms[22m[39m
       [32m✓[39m should auto-schedule follow-ups[32m 1[2mms[22m[39m
       [32m✓[39m should return zero stats for empty userId[32m 0[2mms[22m[39m
[31m       [31m×[31m should return stats for valid userId[39m[32m 1[2mms[22m[39m
 [31m❯[39m api/__tests__/coach.test.ts [2m([22m[2m0 test[22m[2m)[22m
 [31m❯[39m api/__tests__/autonomy-log.test.ts [2m([22m[2m0 test[22m[2m)[22m
 [31m❯[39m api/__tests__/intelligence.test.ts [2m([22m[2m0 test[22m[2m)[22m
 [31m❯[39m e2e/auth.spec.ts [2m([22m[2m0 test[22m[2m)[22m
 [31m❯[39m e2e/decision.spec.ts [2m([22m[2m0 test[22m[2m)[22m
 [31m❯[39m e2e/twin.spec.ts [2m([22m[2m0 test[22m[2m)[22m
 [31m❯[39m e2e/upload.spec.ts [2m([22m[2m0 test[22m[2m)[22m
 [31m❯[39m src/__tests__/AIContext.test.ts [2m([22m[2m0 test[22m[2m)[22m
 [31m❯[39m src/__tests__/E2E_CRITICAL_PATH.test.ts [2m([22m[2m0 test[22m[2m)[22m
 [31m❯[39m src/lib/intelligence/MemoryManager.test.ts [2m([22m[2m0 test[22m[2m)[22m
 [31m❯[39m src/components/dashboard/__tests__/IntelligencePanel.test.tsx [2m([22m[2m0 test[22m[2m)[22m
 [32m✓[39m src/components/dashboard/__tests__/AnalyticsSummary.test.tsx [2m([22m[2m4 tests[22m[2m)[22m[32m 167[2mms[22m[39m
[90mstderr[2m | src/components/onboarding/__tests__/components.test.tsx[2m > [22m[2mFinetuningQuestions Component[2m > [22m[2mshould call onSubmit when all questions are answered
[22m[39mAn update to FinetuningQuestions inside a test was not wrapped in act(...).

When testing, code that causes React state updates should be wrapped into act(...):

act(() => {
  /* fire events that update state */
});
/* assert on the output */

This ensures that you're testing the behavior the user would see in the browser. Learn more at https://react.dev/link/wrap-tests-with-act

 [32m✓[39m src/services/__tests__/CoreAwakeningService.phase3.test.ts [2m([22m[2m11 tests[22m[2m)[22m[32m 118[2mms[22m[39m
[90mstderr[2m | src/components/onboarding/__tests__/components.test.tsx[2m > [22m[2mFinetuningQuestions Component[2m > [22m[2mshould call onSubmit when all questions are answered
[22m[39mAn update to FinetuningQuestions inside a test was not wrapped in act(...).

When testing, code that causes React state updates should be wrapped into act(...):

act(() => {
  /* fire events that update state */
});
/* assert on the output */

This ensures that you're testing the behavior the user would see in the browser. Learn more at https://react.dev/link/wrap-tests-with-act

 [32m✓[39m src/components/dashboard/__tests__/AskCoach.test.tsx [2m([22m[2m5 tests[22m[2m)[22m[33m 1262[2mms[22m[39m
     [33m[2m✓[22m[39m submits a question and shows the answer [33m 429[2mms[22m[39m
     [33m[2m✓[22m[39m shows an error message when the API call fails [33m 441[2mms[22m[39m
[90mstderr[2m | src/components/onboarding/__tests__/components.test.tsx[2m > [22m[2mFinetuningQuestions Component[2m > [22m[2mshould call onSubmit when all questions are answered
[22m[39mAn update to FinetuningQuestions inside a test was not wrapped in act(...).

When testing, code that causes React state updates should be wrapped into act(...):

act(() => {
  /* fire events that update state */
});
/* assert on the output */

This ensures that you're testing the behavior the user would see in the browser. Learn more at https://react.dev/link/wrap-tests-with-act

[90mstderr[2m | src/components/onboarding/__tests__/components.test.tsx[2m > [22m[2mFinetuningQuestions Component[2m > [22m[2mshould call onSubmit when all questions are answered
[22m[39mAn update to FinetuningQuestions inside a test was not wrapped in act(...).

When testing, code that causes React state updates should be wrapped into act(...):

act(() => {
  /* fire events that update state */
});
/* assert on the output */

This ensures that you're testing the behavior the user would see in the browser. Learn more at https://react.dev/link/wrap-tests-with-act

 [32m✓[39m src/components/intelligence/FeedbackWidget.test.tsx [2m([22m[2m20 tests[22m[2m)[22m[33m 3307[2mms[22m[39m
       [33m[2m✓[22m[39m should reset form after successful submission [33m 378[2mms[22m[39m
       [33m[2m✓[22m[39m should submit feedback with comment [33m 574[2mms[22m[39m
       [33m[2m✓[22m[39m should trim whitespace from comment before submission [33m 438[2mms[22m[39m
 [32m✓[39m src/tests/simple.test.ts [2m([22m[2m6 tests[22m[2m)[22m[32m 54[2mms[22m[39m
 [32m✓[39m src/pages/Onboarding.test.tsx [2m([22m[2m11 tests[22m[2m)[22m[33m 3221[2mms[22m[39m
       [33m[2m✓[22m[39m แสดงหน้าเช็คอินอารมณ์เมื่อเข้าครั้งแรก [33m 432[2mms[22m[39m
       [33m[2m✓[22m[39m ถามวันเกิดต่อจากคำทักทาย [33m 1654[2mms[22m[39m
 [32m✓[39m src/components/onboarding/__tests__/components.test.tsx [2m([22m[2m19 tests[22m[2m)[22m[33m 5150[2mms[22m[39m
     [33m[2m✓[22m[39m should progress to next question after selection [33m 506[2mms[22m[39m
     [33m[2m✓[22m[39m should call onSubmit when all questions are answered [33m 3178[2mms[22m[39m
 [32m✓[39m src/components/intelligence/MemoryRecorder.test.tsx [2m([22m[2m16 tests[22m[2m)[22m[33m 6624[2mms[22m[39m
       [33m[2m✓[22m[39m should show error when title is empty [33m 403[2mms[22m[39m
       [33m[2m✓[22m[39m should show error when content is empty [33m 398[2mms[22m[39m
       [33m[2m✓[22m[39m should validate content max length (5000 chars) [33m 369[2mms[22m[39m
       [33m[2m✓[22m[39m should successfully create memory with valid input [33m 779[2mms[22m[39m
       [33m[2m✓[22m[39m should clear form after successful submission [33m 656[2mms[22m[39m
       [33m[2m✓[22m[39m should show success message after memory creation [33m 665[2mms[22m[39m
       [33m[2m✓[22m[39m should handle IntelligenceError from MemoryManager [33m 593[2mms[22m[39m
       [33m[2m✓[22m[39m should handle generic errors [33m 563[2mms[22m[39m
       [33m[2m✓[22m[39m should allow changing memory type [33m 733[2mms[22m[39m
       [33m[2m✓[22m[39m should parse and send tags to MemoryManager [33m 983[2mms[22m[39m
 [32m✓[39m src/lib/__tests__/astrovera-adapter.test.ts [2m([22m[2m43 tests[22m[2m)[22m[32m 37[2mms[22m[39m
[90mstderr[2m | src/services/__tests__/analytics.test.ts[2m > [22m[2mlogEvent[2m > [22m[2mreturns false and does not throw when the insert errors
[22m[39m[analytics] insert failed: boom

[90mstderr[2m | src/services/__tests__/analytics.test.ts[2m > [22m[2mlogEvent[2m > [22m[2mreturns false and does not throw when insert rejects
[22m[39m[analytics] insert threw: Error: network down
    at D:/selfprint-v3-react/src/services/__tests__/analytics.test.ts:56:38
    at [90mfile:///D:/selfprint-v3-react/[39mnode_modules/[4mvitest[24m/node_modules/[4m@vitest/runner[24m/dist/chunk-artifact.js:302:11
    at [90mfile:///D:/selfprint-v3-react/[39mnode_modules/[4mvitest[24m/node_modules/[4m@vitest/runner[24m/dist/chunk-artifact.js:1903:26
    at [90mfile:///D:/selfprint-v3-react/[39mnode_modules/[4mvitest[24m/node_modules/[4m@vitest/runner[24m/dist/chunk-artifact.js:2326:20
    at new Promise (<anonymous>)
    at runWithCancel [90m(file:///D:/selfprint-v3-react/[39mnode_modules/[4mvitest[24m/node_modules/[4m@vitest/runner[24m/dist/chunk-artifact.js:2323:10[90m)[39m
    at [90mfile:///D:/selfprint-v3-react/[39mnode_modules/[4mvitest[24m/node_modules/[4m@vitest/runner[24m/dist/chunk-artifact.js:2305:20
    at new Promise (<anonymous>)
    at runWithTimeout [90m(file:///D:/selfprint-v3-react/[39mnode_modules/[4mvitest[24m/node_modules/[4m@vitest/runner[24m/dist/chunk-artifact.js:2272:10[90m)[39m
    at [90mfile:///D:/selfprint-v3-react/[39mnode_modules/[4mvitest[24m/node_modules/[4m@vitest/runner[24m/dist/chunk-artifact.js:2956:64

[90mstderr[2m | src/services/__tests__/analytics.test.ts[2m > [22m[2mgetAnalyticsSummary[2m > [22m[2mreturns null when the query errors
[22m[39m[analytics] getAnalyticsSummary failed: boom

[90mstderr[2m | src/services/__tests__/analytics.test.ts[2m > [22m[2mgetAnalyticsSummary[2m > [22m[2mdoes not throw when the query rejects
[22m[39m[analytics] getAnalyticsSummary threw: Error: network down
    at D:/selfprint-v3-react/src/services/__tests__/analytics.test.ts:134:37
    at [90mfile:///D:/selfprint-v3-react/[39mnode_modules/[4mvitest[24m/node_modules/[4m@vitest/runner[24m/dist/chunk-artifact.js:302:11
    at [90mfile:///D:/selfprint-v3-react/[39mnode_modules/[4mvitest[24m/node_modules/[4m@vitest/runner[24m/dist/chunk-artifact.js:1903:26
    at [90mfile:///D:/selfprint-v3-react/[39mnode_modules/[4mvitest[24m/node_modules/[4m@vitest/runner[24m/dist/chunk-artifact.js:2326:20
    at new Promise (<anonymous>)
    at runWithCancel [90m(file:///D:/selfprint-v3-react/[39mnode_modules/[4mvitest[24m/node_modules/[4m@vitest/runner[24m/dist/chunk-artifact.js:2323:10[90m)[39m
    at [90mfile:///D:/selfprint-v3-react/[39mnode_modules/[4mvitest[24m/node_modules/[4m@vitest/runner[24m/dist/chunk-artifact.js:2305:20
    at new Promise (<anonymous>)
    at runWithTimeout [90m(file:///D:/selfprint-v3-react/[39mnode_modules/[4mvitest[24m/node_modules/[4m@vitest/runner[24m/dist/chunk-artifact.js:2272:10[90m)[39m
    at [90mfile:///D:/selfprint-v3-react/[39mnode_modules/[4mvitest[24m/node_modules/[4m@vitest/runner[24m/dist/chunk-artifact.js:2956:64

 [32m✓[39m src/services/__tests__/analytics.test.ts [2m([22m[2m11 tests[22m[2m)[22m[32m 44[2mms[22m[39m
 [32m✓[39m src/services/__tests__/WorldRouting.test.ts [2m([22m[2m12 tests[22m[2m)[22m[32m 36[2mms[22m[39m
 [32m✓[39m src/__tests__/load-testing.test.ts [2m([22m[2m6 tests[22m[2m)[22m[32m 35[2mms[22m[39m
 [32m✓[39m src/lib/intelligence/PersonalContextInitializer.test.ts [2m([22m[2m18 tests[22m[2m)[22m[32m 35[2mms[22m[39m
 [32m✓[39m src/__tests__/P0-B_SECURITY_VERIFICATION.test.ts [2m([22m[2m25 tests[22m[2m)[22m[32m 28[2mms[22m[39m
 [32m✓[39m src/__tests__/CoreAwakening.test.ts [2m([22m[2m19 tests[22m[2m)[22m[32m 28[2mms[22m[39m
 [32m✓[39m src/__tests__/DecisionService.test.ts [2m([22m[2m20 tests[22m[2m)[22m[32m 27[2mms[22m[39m
 [32m✓[39m src/__tests__/P0-C_OBSERVABILITY_VERIFICATION.test.ts [2m([22m[2m23 tests[22m[2m)[22m[32m 30[2mms[22m[39m
 [32m✓[39m src/services/__tests__/PhaseE.complete.test.ts [2m([22m[2m25 tests[22m[2m)[22m[32m 27[2mms[22m[39m
 [32m✓[39m src/tests/TwinChatWorld.test.tsx [2m([22m[2m12 tests[22m[2m)[22m[32m 24[2mms[22m[39m
 [32m✓[39m src/services/__tests__/FeedbackService.test.ts [2m([22m[2m11 tests[22m[2m)[22m[32m 30[2mms[22m[39m
 [32m✓[39m src/lib/intelligence/AIFeedbackLoop.test.ts [2m([22m[2m9 tests[22m[2m)[22m[32m 27[2mms[22m[39m
 [32m✓[39m src/lib/__tests__/rollout.test.ts [2m([22m[2m7 tests[22m[2m)[22m[32m 22[2mms[22m[39m
 [32m✓[39m src/tests/TwinChat.decision-tracking.test.ts [2m([22m[2m15 tests[22m[2m)[22m[32m 23[2mms[22m[39m
 [32m✓[39m src/services/__tests__/SentimentAnalyzer.test.ts [2m([22m[2m11 tests[22m[2m)[22m[32m 28[2mms[22m[39m
 [32m✓[39m src/lib/__tests__/patternDetection.test.ts [2m([22m[2m12 tests[22m[2m)[22m[32m 21[2mms[22m[39m
 [32m✓[39m src/__tests__/E2E_CRITICAL_PATH_SIMPLE.test.ts [2m([22m[2m16 tests[22m[2m)[22m[32m 23[2mms[22m[39m
 [32m✓[39m src/services/__tests__/DecisionLearning.p0-3.test.ts [2m([22m[2m17 tests[22m[2m)[22m[32m 23[2mms[22m[39m
 [32m✓[39m src/lib/intelligence/PatternDetector.test.ts [2m([22m[2m6 tests[22m[2m)[22m[32m 23[2mms[22m[39m
 [32m✓[39m src/lib/intelligence/EvidenceAnalyzer.test.ts [2m([22m[2m10 tests[22m[2m)[22m[32m 19[2mms[22m[39m
 [32m✓[39m src/tests/WorldRecommender.test.ts [2m([22m[2m10 tests[22m[2m)[22m[32m 22[2mms[22m[39m
 [32m✓[39m src/services/__tests__/WorldContextAdapter.test.ts [2m([22m[2m16 tests[22m[2m)[22m[32m 21[2mms[22m[39m
 [32m✓[39m src/lib/auth/PasskeyProvider.test.ts [2m([22m[2m10 tests[22m[2m)[22m[32m 11[2mms[22m[39m
 [32m✓[39m src/__tests__/P0_5_WorldRouting.test.tsx [2m([22m[2m8 tests[22m[2m)[22m[32m 14[2mms[22m[39m
 [32m✓[39m src/lib/__tests__/astrology.test.ts [2m([22m[2m7 tests[22m[2m)[22m[32m 7[2mms[22m[39m
 [32m✓[39m src/tests/Navigation.test.tsx [2m([22m[2m5 tests[22m[2m)[22m[32m 6[2mms[22m[39m
[90mstderr[2m | src/__tests__/Phase_E_Integration.test.ts[2m > [22m[2mPhase E: Full Integration Tests[2m > [22m[2mLifecycle 3: Follow-up Automation[2m > [22m[2mDaily scheduler task executes without errors
[22m[39mError getting all pending follow-ups: TypeError: __vite_ssr_import_0__.supabase.from(...).select(...).or is not a function
    at getAllPendingFollowUps (D:/selfprint-v3-react/src/services/FollowUpScheduler.ts:259:8)
    at Module.runDailyFollowUpTask (D:/selfprint-v3-react/src/services/FollowUpScheduler.ts:336:27)
    at D:/selfprint-v3-react/src/__tests__/Phase_E_Integration.test.ts:204:46
    at [90mfile:///D:/selfprint-v3-react/[39mnode_modules/[4mvitest[24m/node_modules/[4m@vitest/runner[24m/dist/chunk-artifact.js:302:11
    at [90mfile:///D:/selfprint-v3-react/[39mnode_modules/[4mvitest[24m/node_modules/[4m@vitest/runner[24m/dist/chunk-artifact.js:1903:26
    at [90mfile:///D:/selfprint-v3-react/[39mnode_modules/[4mvitest[24m/node_modules/[4m@vitest/runner[24m/dist/chunk-artifact.js:2326:20
    at new Promise (<anonymous>)
    at runWithCancel [90m(file:///D:/selfprint-v3-react/[39mnode_modules/[4mvitest[24m/node_modules/[4m@vitest/runner[24m/dist/chunk-artifact.js:2323:10[90m)[39m
    at [90mfile:///D:/selfprint-v3-react/[39mnode_modules/[4mvitest[24m/node_modules/[4m@vitest/runner[24m/dist/chunk-artifact.js:2305:20
    at new Promise (<anonymous>)

[90mstdout[2m | src/__tests__/Phase_E_Integration.test.ts[2m > [22m[2mPhase E: Full Integration Tests[2m > [22m[2mLifecycle 3: Follow-up Automation[2m > [22m[2mDaily scheduler task executes without errors
[22m[39mDaily follow-up task complete: 0/0 triggered


<--- Last few GCs --->

[3384:000001A7A1F18000]    21250 ms: Scavenge (interleaved) 4034.6 (4054.8) -> 4032.5 (4096.0) MB, pooled: 0 MB, 51.34 / 0.00 ms  (average mu = 0.243, current mu = 0.187) allocation failure; 
[3384:000001A7A1F18000]    23828 ms: Mark-Compact (reduce) 4061.0 (4097.0) -> 4052.6 (4058.8) MB, pooled: 0 MB, 49.60 / 0.00 ms  (+ 2211.9 ms in 442 steps since start of marking, biggest step 6.8 ms, walltime since start of marking 2339 ms) (average mu = 
FATAL ERROR: Ineffective mark-compacts near heap limit Allocation failed - JavaScript heap out of memory
----- Native stack trace -----

 1: 00007FF692283D9F node::OnFatalError+1343
 2: 00007FF690ECDCB7 v8::Function::NewInstance+423
 3: 00007FF690CCE4F7 uv_udp_get_send_queue_count+54423
 4: 00007FF690CD2204 uv_udp_get_send_queue_count+70052
 5: 00007FF690CE116C v8::internal::StrongRootAllocatorBase::deallocate_impl+16604
 6: 00007FF690CE09AB v8::internal::StrongRootAllocatorBase::deallocate_impl+14619
 7: 00007FF6925B24AD node::AsyncResource::CallbackScope::CallbackScope+2184429
 8: 00007FF690CCBFC0 uv_udp_get_send_queue_count+44896
 9: 00007FF690D4FDA9 v8::Unlocker::~Unlocker+9273
10: 00007FF6908C3232 v8::CodeEvent::GetFunctionName+130210
11: 000001A7D9E775FA 

[31m⎯⎯⎯⎯⎯⎯[39m[1m[41m Failed Suites 11 [49m[22m[31m⎯⎯⎯⎯⎯⎯[39m

[41m[1m FAIL [22m[49m e2e/auth.spec.ts[2m [ e2e/auth.spec.ts ][22m
[31m[1mError[22m: Playwright Test did not expect test.describe() to be called here.
Most common reasons include:
- You are calling test.describe() in a configuration file.
- You are calling test.describe() in a file that is imported by the configuration file.
- You have two different versions of @playwright/test. This usually happens
  when one of the dependencies in your package.json depends on @playwright/test.
- You are calling test.describe() from an async test.describe() block. Only sync ones are supported.[39m
[90m [2m❯[22m _TestTypeImpl._currentSuite node_modules/@playwright/test/node_modules/playwright/lib/common/index.js:[2m2263:13[22m[39m
[90m [2m❯[22m _TestTypeImpl._describe node_modules/@playwright/test/node_modules/playwright/lib/common/index.js:[2m2304:24[22m[39m
[90m [2m❯[22m Function.describe node_modules/@playwright/test/node_modules/playwright/lib/common/index.js:[2m1209:12[22m[39m
[36m [2m❯[22m e2e/auth.spec.ts:[2m4:6[22m[39m
    [90m  2|[39m [35mimport[39m { [33mPERFORMANCE_LIMITS[39m[33m,[39m createTestUser } [35mfrom[39m [32m'./utils'[39m[33m;[39m
    [90m  3|[39m
    [90m  4|[39m test[33m.[39m[34mdescribe[39m([32m'Authentication Flow'[39m[33m,[39m () [33m=>[39m {
    [90m   |[39m      [31m^[39m
    [90m  5|[39m   [34mtest[39m([32m'signup with email'[39m[33m,[39m [35masync[39m ({ page }) [33m=>[39m {
    [90m  6|[39m     [35mconst[39m { email } [33m=[39m [35mawait[39m [34mcreateTestUser[39m(page)[33m;[39m

[31m[2m⎯⎯⎯⎯⎯⎯⎯⎯⎯⎯⎯⎯⎯⎯⎯⎯⎯⎯⎯⎯⎯⎯[1/106]⎯[22m[39m

[41m[1m FAIL [22m[49m e2e/decision.spec.ts[2m [ e2e/decision.spec.ts ][22m
[31m[1mError[22m: Playwright Test did not expect test.describe() to be called here.
Most common reasons include:
- You are calling test.describe() in a configuration file.
- You are calling test.describe() in a file that is imported by the configuration file.
- You have two different versions of @playwright/test. This usually happens
  when one of the dependencies in your package.json depends on @playwright/test.
- You are calling test.describe() from an async test.describe() block. Only sync ones are supported.[39m
[90m [2m❯[22m _TestTypeImpl._currentSuite node_modules/@playwright/test/node_modules/playwright/lib/common/index.js:[2m2263:13[22m[39m
[90m [2m❯[22m _TestTypeImpl._describe node_modules/@playwright/test/node_modules/playwright/lib/common/index.js:[2m2304:24[22m[39m
[90m [2m❯[22m Function.describe node_modules/@playwright/test/node_modules/playwright/lib/common/index.js:[2m1209:12[22m[39m
[36m [2m❯[22m e2e/decision.spec.ts:[2m4:6[22m[39m
    [90m  2|[39m import { PERFORMANCE_LIMITS, navigateToHub, waitForAPICall } from './u…
    [90m  3|[39m
    [90m  4|[39m test[33m.[39m[34mdescribe[39m([32m'Decision Logging & Intelligence'[39m[33m,[39m () [33m=>[39m {
    [90m   |[39m      [31m^[39m
    [90m  5|[39m   test[33m.[39m[34mbeforeEach[39m([35masync[39m ({ page }) [33m=>[39m {
    [90m  6|[39m     [35mawait[39m [34mnavigateToHub[39m(page[33m,[39m [32m'activities'[39m)[33m;[39m

[31m[2m⎯⎯⎯⎯⎯⎯⎯⎯⎯⎯⎯⎯⎯⎯⎯⎯⎯⎯⎯⎯⎯⎯[2/106]⎯[22m[39m

[41m[1m FAIL [22m[49m e2e/twin.spec.ts[2m [ e2e/twin.spec.ts ][22m
[31m[1mError[22m: Playwright Test did not expect test.describe() to be called here.
Most common reasons include:
- You are calling test.describe() in a configuration file.
- You are calling test.describe() in a file that is imported by the configuration file.
- You have two different versions of @playwright/test. This usually happens
  when one of the dependencies in your package.json depends on @playwright/test.
- You are calling test.describe() from an async test.describe() block. Only sync ones are supported.[39m
[90m [2m❯[22m _TestTypeImpl._currentSuite node_modules/@playwright/test/node_modules/playwright/lib/common/index.js:[2m2263:13[22m[39m
[90m [2m❯[22m _TestTypeImpl._describe node_modules/@playwright/test/node_modules/playwright/lib/common/index.js:[2m2304:24[22m[39m
[90m [2m❯[22m Function.describe node_modules/@playwright/test/node_modules/playwright/lib/common/index.js:[2m1209:12[22m[39m
[36m [2m❯[22m e2e/twin.spec.ts:[2m4:6[22m[39m
    [90m  2|[39m import { PERFORMANCE_LIMITS, navigateToHub, waitForAPICall } from './u…
    [90m  3|[39m
    [90m  4|[39m test[33m.[39m[34mdescribe[39m([32m'Twin Creation & Chat Flow'[39m[33m,[39m () [33m=>[39m {
    [90m   |[39m      [31m^[39m
    [90m  5|[39m   test[33m.[39m[34mbeforeEach[39m([35masync[39m ({ page }) [33m=>[39m {
    [90m  6|[39m     [90m// Navigate to app home[39m

[31m[2m⎯⎯⎯⎯⎯⎯⎯⎯⎯⎯⎯⎯⎯⎯⎯⎯⎯⎯⎯⎯⎯⎯[3/106]⎯[22m[39m

[41m[1m FAIL [22m[49m e2e/upload.spec.ts[2m [ e2e/upload.spec.ts ][22m
[31m[1mError[22m: Playwright Test did not expect test.describe() to be called here.
Most common reasons include:
- You are calling test.describe() in a configuration file.
- You are calling test.describe() in a file that is imported by the configuration file.
- You have two different versions of @playwright/test. This usually happens
  when one of the dependencies in your package.json depends on @playwright/test.
- You are calling test.describe() from an async test.describe() block. Only sync ones are supported.[39m
[90m [2m❯[22m _TestTypeImpl._currentSuite node_modules/@playwright/test/node_modules/playwright/lib/common/index.js:[2m2263:13[22m[39m
[90m [2m❯[22m _TestTypeImpl._describe node_modules/@playwright/test/node_modules/playwright/lib/common/index.js:[2m2304:24[22m[39m
[90m [2m❯[22m Function.describe node_modules/@playwright/test/node_modules/playwright/lib/common/index.js:[2m1209:12[22m[39m
[36m [2m❯[22m e2e/upload.spec.ts:[2m6:6[22m[39m
    [90m  4|[39m [35mimport[39m fs [35mfrom[39m [32m'fs'[39m[33m;[39m
    [90m  5|[39m
    [90m  6|[39m test[33m.[39m[34mdescribe[39m([32m'Image Upload & Handling'[39m[33m,[39m () [33m=>[39m {
    [90m   |[39m      [31m^[39m
    [90m  7|[39m   [35mlet[39m testImagePath[33m:[39m string[33m;[39m
    [90m  8|[39m

[31m[2m⎯⎯⎯⎯⎯⎯⎯⎯⎯⎯⎯⎯⎯⎯⎯⎯⎯⎯⎯⎯⎯⎯[4/106]⎯[22m[39m

[41m[1m FAIL [22m[49m api/__tests__/autonomy-log.test.ts[2m [ api/__tests__/autonomy-log.test.ts ][22m
[31m[1mError[22m: Failed to resolve import "../autonomy-log.js" from "api/__tests__/autonomy-log.test.ts". Does the file exist?[39m
  Plugin: [35mvite:import-analysis[39m
  File: [36mD:/selfprint-v3-react/api/__tests__/autonomy-log.test.ts[39m:70:34
[33m  69 |  	});
  70 |  	it("rejects non-POST methods", async () => {
  71 |  		const handler = (await import("../autonomy-log.js")).default;
     |                                  ^
  72 |  		const { req, res } = makeReqRes(undefined, "GET");
  73 |  		await handler(req, res);[39m
[90m [2m❯[22m TransformPluginContext._formatLog node_modules/vite/dist/node/chunks/node.js:[2m31147:39[22m[39m
[90m [2m❯[22m TransformPluginContext.error node_modules/vite/dist/node/chunks/node.js:[2m31144:14[22m[39m
[90m [2m❯[22m normalizeUrl node_modules/vite/dist/node/chunks/node.js:[2m28083:18[22m[39m
[90m [2m❯[22m node_modules/vite/dist/node/chunks/node.js:[2m28153:30[22m[39m
[90m [2m❯[22m TransformPluginContext.transform node_modules/vite/dist/node/chunks/node.js:[2m28119:4[22m[39m
[90m [2m❯[22m EnvironmentPluginContainer.transform node_modules/vite/dist/node/chunks/node.js:[2m30932:14[22m[39m
[90m [2m❯[22m loadAndTransform node_modules/vite/dist/node/chunks/node.js:[2m20671:26[22m[39m

[31m[2m⎯⎯⎯⎯⎯⎯⎯⎯⎯⎯⎯⎯⎯⎯⎯⎯⎯⎯⎯⎯⎯⎯[5/106]⎯[22m[39m

[41m[1m FAIL [22m[49m api/__tests__/coach.test.ts[2m [ api/__tests__/coach.test.ts ][22m
[31m[1mError[22m: Failed to resolve import "../coach.js" from "api/__tests__/coach.test.ts". Does the file exist?[39m
  Plugin: [35mvite:import-analysis[39m
  File: [36mD:/selfprint-v3-react/api/__tests__/coach.test.ts[39m:102:34
[33m  83 |  	it("rejects when not authenticated", async () => {
  84 |  		verifyUserMock.mockResolvedValueOnce(null);
  85 |  		const handler = (await import("../coach.js")).default;
     |                                  ^
  86 |  		const { req, res } = makeReqRes(validBody);
  87 |  		await handler(req, res);[39m
[90m [2m❯[22m TransformPluginContext._formatLog node_modules/vite/dist/node/chunks/node.js:[2m31147:39[22m[39m
[90m [2m❯[22m TransformPluginContext.error node_modules/vite/dist/node/chunks/node.js:[2m31144:14[22m[39m
[90m [2m❯[22m normalizeUrl node_modules/vite/dist/node/chunks/node.js:[2m28083:18[22m[39m
[90m [2m❯[22m node_modules/vite/dist/node/chunks/node.js:[2m28153:30[22m[39m
[90m [2m❯[22m TransformPluginContext.transform node_modules/vite/dist/node/chunks/node.js:[2m28119:4[22m[39m
[90m [2m❯[22m EnvironmentPluginContainer.transform node_modules/vite/dist/node/chunks/node.js:[2m30932:14[22m[39m
[90m [2m❯[22m loadAndTransform node_modules/vite/dist/node/chunks/node.js:[2m20671:26[22m[39m

[31m[2m⎯⎯⎯⎯⎯⎯⎯⎯⎯⎯⎯⎯⎯⎯⎯⎯⎯⎯⎯⎯⎯⎯[6/106]⎯[22m[39m

[41m[1m FAIL [22m[49m api/__tests__/intelligence.test.ts[2m [ api/__tests__/intelligence.test.ts ][22m
[31m[1mError[22m: Failed to resolve import "../intelligence.js" from "api/__tests__/intelligence.test.ts". Does the file exist?[39m
  Plugin: [35mvite:import-analysis[39m
  File: [36mD:/selfprint-v3-react/api/__tests__/intelligence.test.ts[39m:61:34
[33m  55 |  	});
  56 |  	it("rejects non-POST methods", async () => {
  57 |  		const handler = (await import("../intelligence.js")).default;
     |                                  ^
  58 |  		const { req, res } = makeReqRes(undefined, "GET");
  59 |  		await handler(req, res);[39m
[90m [2m❯[22m TransformPluginContext._formatLog node_modules/vite/dist/node/chunks/node.js:[2m31147:39[22m[39m
[90m [2m❯[22m TransformPluginContext.error node_modules/vite/dist/node/chunks/node.js:[2m31144:14[22m[39m
[90m [2m❯[22m normalizeUrl node_modules/vite/dist/node/chunks/node.js:[2m28083:18[22m[39m
[90m [2m❯[22m node_modules/vite/dist/node/chunks/node.js:[2m28153:30[22m[39m
[90m [2m❯[22m TransformPluginContext.transform node_modules/vite/dist/node/chunks/node.js:[2m28119:4[22m[39m
[90m [2m❯[22m EnvironmentPluginContainer.transform node_modules/vite/dist/node/chunks/node.js:[2m30932:14[22m[39m
[90m [2m❯[22m loadAndTransform node_modules/vite/dist/node/chunks/node.js:[2m20671:26[22m[39m

[31m[2m⎯⎯⎯⎯⎯⎯⎯⎯⎯⎯⎯⎯⎯⎯⎯⎯⎯⎯⎯⎯⎯⎯[7/106]⎯[22m[39m

[41m[1m FAIL [22m[49m src/__tests__/AIContext.test.ts[2m [ src/__tests__/AIContext.test.ts ][22m
[31m[1mError[22m: Transform failed with 1 error:

[31m[PARSE_ERROR] [0mUnterminated regular expression
    [38;5;246m╭[0m[38;5;246m─[0m[38;5;246m[[0m src/__tests__/AIContext.test.ts:14:30 [38;5;246m][0m
    [38;5;246m│[0m
 [38;5;246m14 │[0m [38;5;249m [0m[38;5;249m [0m[38;5;249m [0m[38;5;249m [0m[38;5;249m [0m[38;5;249m [0m[38;5;249m<[0m[38;5;249mA[0m[38;5;249mI[0m[38;5;249mP[0m[38;5;249mr[0m[38;5;249mo[0m[38;5;249mv[0m[38;5;249mi[0m[38;5;249md[0m[38;5;249me[0m[38;5;249mr[0m[38;5;249m>[0m[38;5;249m{[0m[38;5;249mc[0m[38;5;249mh[0m[38;5;249mi[0m[38;5;249ml[0m[38;5;249md[0m[38;5;249mr[0m[38;5;249me[0m[38;5;249mn[0m[38;5;249m}[0m[38;5;249m<[0m/AIProvider>
 [38;5;240m   │[0m                              ──────┬──────  
 [38;5;240m   │[0m                                    ╰──────── 
[38;5;246m────╯[0m
[39m
  Plugin: [35mvite:oxc[39m
  File: [36mD:/selfprint-v3-react/src/__tests__/AIContext.test.ts[39m
[90m [2m❯[22m transformWithOxc node_modules/vite/dist/node/chunks/node.js:[2m4103:19[22m[39m
[90m [2m❯[22m TransformPluginContext.transform node_modules/vite/dist/node/chunks/node.js:[2m4174:26[22m[39m
[90m [2m❯[22m EnvironmentPluginContainer.transform node_modules/vite/dist/node/chunks/node.js:[2m30932:51[22m[39m
[90m [2m❯[22m loadAndTransform node_modules/vite/dist/node/chunks/node.js:[2m20671:26[22m[39m

[31m[2m⎯⎯⎯⎯⎯⎯⎯⎯⎯⎯⎯⎯⎯⎯⎯⎯⎯⎯⎯⎯⎯⎯[8/106]⎯[22m[39m

[41m[1m FAIL [22m[49m src/__tests__/E2E_CRITICAL_PATH.test.ts[2m [ src/__tests__/E2E_CRITICAL_PATH.test.ts ][22m
[31m[1mError[22m: Transform failed with 1 error:

[31m[PARSE_ERROR] [0mUnterminated string
     [38;5;246m╭[0m[38;5;246m─[0m[38;5;246m[[0m src/__tests__/E2E_CRITICAL_PATH.test.ts:340:23 [38;5;246m][0m
     [38;5;246m│[0m
 [38;5;246m340 │[0m [38;5;249m [0m[38;5;249m [0m[38;5;249m [0m[38;5;249m [0m[38;5;249m [0m[38;5;249m [0m[38;5;249m [0m[38;5;249m [0m[38;5;249mf[0m[38;5;249mi[0m[38;5;249mr[0m[38;5;249ms[0m[38;5;249mt[0m[38;5;249mM[0m[38;5;249me[0m[38;5;249ms[0m[38;5;249ms[0m[38;5;249ma[0m[38;5;249mg[0m[38;5;249me[0m[38;5;249m:[0m[38;5;249m [0m'Hello! I\'m Nova, your personal intelligence companion. How can I help you today?",
 [38;5;240m    │[0m                       ──────────────────────────────────────────┬──────────────────────────────────────────  
 [38;5;240m    │[0m                                                                 ╰──────────────────────────────────────────── 
[38;5;246m─────╯[0m
[39m
  Plugin: [35mvite:oxc[39m
  File: [36mD:/selfprint-v3-react/src/__tests__/E2E_CRITICAL_PATH.test.ts[39m
[90m [2m❯[22m transformWithOxc node_modules/vite/dist/node/chunks/node.js:[2m4103:19[22m[39m
[90m [2m❯[22m TransformPluginContext.transform node_modules/vite/dist/node/chunks/node.js:[2m4174:26[22m[39m
[90m [2m❯[22m EnvironmentPluginContainer.transform node_modules/vite/dist/node/chunks/node.js:[2m30932:51[22m[39m
[90m [2m❯[22m loadAndTransform node_modules/vite/dist/node/chunks/node.js:[2m20671:26[22m[39m

[31m[2m⎯⎯⎯⎯⎯⎯⎯⎯⎯⎯⎯⎯⎯⎯⎯⎯⎯⎯⎯⎯⎯⎯[9/106]⎯[22m[39m

[41m[1m FAIL [22m[49m src/lib/intelligence/MemoryManager.test.ts[2m [ src/lib/intelligence/MemoryManager.test.ts ][22m
[31m[1mError[22m: [vitest] There was an error when mocking a module. If you are using "vi.mock" factory, make sure there are no top level variables inside, since this call is hoisted to top of the file. Read more: https://vitest.dev/api/vi.html#vi-mock[39m
[36m [2m❯[22m src/lib/intelligence/MemoryManager.ts:[2m14:1[22m[39m
    [90m 12|[39m  */[39m
    [90m 13|[39m
    [90m 14|[39m [35mimport[39m { supabase } [35mfrom[39m [32m'@/lib/supabase/client'[39m[33m;[39m
    [90m   |[39m [31m^[39m
    [90m 15|[39m [35mimport[39m { [33mIntelligenceError[39m } [35mfrom[39m [32m'./types'[39m[33m;[39m
    [90m 16|[39m [35mimport[39m type { [33mPersonalMemory[39m[33m,[39m [33mMemoryType[39m } [35mfrom[39m [32m'./types'[39m[33m;[39m

[31m[1mCaused by: ReferenceError[22m: Cannot access 'mockSupabase' before initialization[39m
[36m [2m❯[22m src/lib/intelligence/MemoryManager.test.ts:[2m38:13[22m[39m

[31m[2m⎯⎯⎯⎯⎯⎯⎯⎯⎯⎯⎯⎯⎯⎯⎯⎯⎯⎯⎯⎯⎯[10/106]⎯[22m[39m

[41m[1m FAIL [22m[49m src/components/dashboard/__tests__/IntelligencePanel.test.tsx[2m [ src/components/dashboard/__tests__/IntelligencePanel.test.tsx ][22m
[31m[1mError[22m: [vitest] There was an error when mocking a module. If you are using "vi.mock" factory, make sure there are no top level variables inside, since this call is hoisted to top of the file. Read more: https://vitest.dev/api/vi.html#vi-mock[39m
[36m [2m❯[22m src/components/dashboard/IntelligencePanel.tsx:[2m17:1[22m[39m
    [90m 15|[39m [35mimport[39m { useQuery[33m,[39m useQueryClient } [35mfrom[39m [32m'@tanstack/react-query'[39m[33m;[39m
    [90m 16|[39m [35mimport[39m { useAuth } [35mfrom[39m [32m'@/context/AuthContext'[39m[33m;[39m
    [90m 17|[39m [35mimport[39m { supabase } [35mfrom[39m [32m'@/lib/supabase/client'[39m[33m;[39m
    [90m   |[39m [31m^[39m
    [90m 18|[39m import { PersonalContextBuilder } from '@/lib/intelligence/PersonalCon…
    [90m 19|[39m [35mimport[39m { [33mPatternDetector[39m } [35mfrom[39m [32m'@/lib/intelligence/PatternDetector'[39m[33m;[39m

[31m[1mCaused by: ReferenceError[22m: Cannot access 'removeChannelMock' before initialization[39m
[36m [2m❯[22m src/components/dashboard/__tests__/IntelligencePanel.test.tsx:[2m41:20[22m[39m

[31m[2m⎯⎯⎯⎯⎯⎯⎯⎯⎯⎯⎯⎯⎯⎯⎯⎯⎯⎯⎯⎯⎯[11/106]⎯[22m[39m


[31m⎯⎯⎯⎯⎯⎯[39m[1m[41m Failed Tests 95 [49m[22m[31m⎯⎯⎯⎯⎯⎯⎯[39m

[41m[1m FAIL [22m[49m src/tests/TwinChat.world-routing.e2e.test.ts[2m > [22mTwinChat World Routing E2E[2m > [22mMessage Sending with World Context[2m > [22mshould apply world-specific prompt to Twin response
[31m[1mAssertionError[22m: expected 'Love, romance, intimacy, and heart co…' to contain 'love'[39m

Expected: [32m"[7ml[27move"[39m
Received: [31m"[7mL[27move[7m, romance, intimacy, and heart connections[27m"[39m

[36m [2m❯[22m src/tests/TwinChat.world-routing.e2e.test.ts:[2m68:33[22m[39m
    [90m 66|[39m
    [90m 67|[39m       [90m// Verify world has unique personality[39m
    [90m 68|[39m       [34mexpect[39m(world[33m.[39mdescription)[33m.[39m[34mtoContain[39m([32m'love'[39m) [33m||[39m
    [90m   |[39m                                 [31m^[39m
    [90m 69|[39m       [34mexpect[39m(world[33m.[39mdescription)[33m.[39m[34mtoContain[39m([32m'romantic'[39m)[33m;[39m
    [90m 70|[39m     })[33m;[39m

[31m[2m⎯⎯⎯⎯⎯⎯⎯⎯⎯⎯⎯⎯⎯⎯⎯⎯⎯⎯⎯⎯⎯[12/106]⎯[22m[39m

[41m[1m FAIL [22m[49m src/__tests__/Avatars.test.tsx[2m > [22mNovaAvatar[2m > [22mshould display Nova label when showLabel is true
[31m[1mTestingLibraryElementError[22m: Unable to find an element with the text: Nova. This could be because the text is broken up by multiple elements. In this case, you can provide a function for your text matcher to make your matcher more flexible.

Ignored nodes: comments, script, style
[36m<body>[31m
  [36m<div>[31m
    [36m<div[31m
      [33mclass[31m=[32m""[31m
    [36m>[31m
      [36m<div[31m
        [33mstyle[31m=[32m"position: relative; width: 64px; height: 64px; display: flex; align-items: center; justify-content: center; border-radius: 50%; background: radial-gradient(circle at 30% 30%, rgb(255, 215, 0), rgb(255, 165, 0), rgb(255, 140, 0)); box-shadow: 0 0 32px rgba(255, 215, 0, 0.6),
      0 0 16px rgba(255, 165, 0, 0.4),
      inset -2px -2px 8px rgba(0, 0, 0, 0.1),
      inset 2px 2px 8px rgba(255, 255, 255, 0.3); animation: nova-glow 3s ease-in-out infinite;"[31m
      [36m>[31m
        [36m<div[31m
          [33mstyle[31m=[32m"position: absolute; width: 38.4px; height: 38.4px; border-radius: 50%; background: radial-gradient(circle, rgba(255, 255, 255, 0.3), transparent); filter: blur(2px);"[31m
        [36m/>[31m
      [36m</div>[31m
      [36m<div[31m
        [33mstyle[31m=[32m"margin-top: 8px; font-size: 12px; font-weight: 600; color: var(--color-text-primary); text-transform: uppercase; letter-spacing: 0.5px; text-align: center;"[31m
      [36m>[31m
        [0mSelf Print[0m
      [36m</div>[31m
    [36m</div>[31m
  [36m</div>[31m
[36m</body>[31m[39m
[90m [2m❯[22m Object.getElementError node_modules/@testing-library/dom/dist/config.js:[2m37:19[22m[39m
[90m [2m❯[22m node_modules/@testing-library/dom/dist/query-helpers.js:[2m76:38[22m[39m
[90m [2m❯[22m node_modules/@testing-library/dom/dist/query-helpers.js:[2m52:17[22m[39m
[90m [2m❯[22m node_modules/@testing-library/dom/dist/query-helpers.js:[2m95:19[22m[39m
[36m [2m❯[22m src/__tests__/Avatars.test.tsx:[2m20:19[22m[39m
    [90m 18|[39m   [34mit[39m([32m'should display Nova label when showLabel is true'[39m[33m,[39m () [33m=>[39m {
    [90m 19|[39m     [34mrender[39m([33m<[39m[33mNovaAvatar[39m [33mshowLabel[39m[33m=[39m[33m{[39m[35mtrue[39m[33m}[39m [33m/[39m[33m>[39m)[33m;[39m
    [90m 20|[39m     [34mexpect[39m(screen[33m.[39m[34mgetByText[39m([32m'Nova'[39m))[33m.[39m[34mtoBeDefined[39m()[33m;[39m
    [90m   |[39m                   [31m^[39m
    [90m 21|[39m   })[33m;[39m
    [90m 22|[39m

[31m[2m⎯⎯⎯⎯⎯⎯⎯⎯⎯⎯⎯⎯⎯⎯⎯⎯⎯⎯⎯⎯⎯[13/106]⎯[22m[39m

[41m[1m FAIL [22m[49m src/__tests__/Avatars.test.tsx[2m > [22mNovaAvatar[2m > [22mshould have golden glow styling
[31m[1mAssertionError[22m: expected 'position: relative; width: 64px; heig…' to contain 'ffd700'[39m

[32m- Expected[39m
[31m+ Received[39m

[32m- ffd700[39m
[31m+ position: relative; width: 64px; height: 64px; display: flex; align-items: center; justify-content: center; border-radius: 50%; background: radial-gradient(circle at 30% 30%, rgb(255, 215, 0), rgb(255, 165, 0), rgb(255, 140, 0)); box-shadow: 0 0 32px rgba(255, 215, 0, 0.6),[39m
[31m+       0 0 16px rgba(255, 165, 0, 0.4),[39m
[31m+       inset -2px -2px 8px rgba(0, 0, 0, 0.1),[39m
[31m+       inset 2px 2px 8px rgba(255, 255, 255, 0.3); animation: nova-glow 3s ease-in-out infinite;[39m

[36m [2m❯[22m src/__tests__/Avatars.test.tsx:[2m39:43[22m[39m
    [90m 37|[39m     [35mconst[39m { container } [33m=[39m [34mrender[39m([33m<[39m[33mNovaAvatar[39m [33mshowLabel[39m[33m=[39m[33m{[39m[35mfalse[39m[33m}[39m [33m/[39m[33m>[39m)[33m;[39m
    [90m 38|[39m     const avatar = container.querySelector('div[style*="radial-gradien…
    [90m 39|[39m     [34mexpect[39m(avatar[33m?.[39m[34mgetAttribute[39m([32m'style'[39m))[33m.[39m[34mtoContain[39m([32m'ffd700'[39m)[33m;[39m
    [90m   |[39m                                           [31m^[39m
    [90m 40|[39m   })[33m;[39m
    [90m 41|[39m

[31m[2m⎯⎯⎯⎯⎯⎯⎯⎯⎯⎯⎯⎯⎯⎯⎯⎯⎯⎯⎯⎯⎯[14/106]⎯[22m[39m

[41m[1m FAIL [22m[49m src/__tests__/Decision.test.ts[2m > [22mDecision Types[2m > [22mgetFollowUpDueDate[2m > [22mshould calculate 30-day follow-up
[31m[1mTypeError[22m: getFollowUpDueDate is not a function[39m
[36m [2m❯[22m src/__tests__/Decision.test.ts:[2m22:23[22m[39m
    [90m 20|[39m     [34mit[39m([32m'should calculate 30-day follow-up'[39m[33m,[39m () [33m=>[39m {
    [90m 21|[39m       [35mconst[39m baseDate [33m=[39m [32m'2026-08-16'[39m[33m;[39m
    [90m 22|[39m       [35mconst[39m dueDate [33m=[39m [34mgetFollowUpDueDate[39m(baseDate[33m,[39m [34m30[39m)[33m;[39m
    [90m   |[39m                       [31m^[39m
    [90m 23|[39m       [34mexpect[39m(dueDate)[33m.[39m[34mtoBe[39m([32m'2026-09-15'[39m)[33m;[39m
    [90m 24|[39m     })[33m;[39m

[31m[2m⎯⎯⎯⎯⎯⎯⎯⎯⎯⎯⎯⎯⎯⎯⎯⎯⎯⎯⎯⎯⎯[15/106]⎯[22m[39m

[41m[1m FAIL [22m[49m src/__tests__/Decision.test.ts[2m > [22mDecision Types[2m > [22mgetFollowUpDueDate[2m > [22mshould calculate 90-day follow-up
[31m[1mTypeError[22m: getFollowUpDueDate is not a function[39m
[36m [2m❯[22m src/__tests__/Decision.test.ts:[2m28:23[22m[39m
    [90m 26|[39m     [34mit[39m([32m'should calculate 90-day follow-up'[39m[33m,[39m () [33m=>[39m {
    [90m 27|[39m       [35mconst[39m baseDate [33m=[39m [32m'2026-08-16'[39m[33m;[39m
    [90m 28|[39m       [35mconst[39m dueDate [33m=[39m [34mgetFollowUpDueDate[39m(baseDate[33m,[39m [34m90[39m)[33m;[39m
    [90m   |[39m                       [31m^[39m
    [90m 29|[39m       [34mexpect[39m(dueDate)[33m.[39m[34mtoBe[39m([32m'2026-11-14'[39m)[33m;[39m
    [90m 30|[39m     })[33m;[39m

[31m[2m⎯⎯⎯⎯⎯⎯⎯⎯⎯⎯⎯⎯⎯⎯⎯⎯⎯⎯⎯⎯⎯[16/106]⎯[22m[39m

[41m[1m FAIL [22m[49m src/__tests__/Decision.test.ts[2m > [22mDecision Types[2m > [22mgetFollowUpDueDate[2m > [22mshould calculate 180-day follow-up
[31m[1mTypeError[22m: getFollowUpDueDate is not a function[39m
[36m [2m❯[22m src/__tests__/Decision.test.ts:[2m34:23[22m[39m
    [90m 32|[39m     [34mit[39m([32m'should calculate 180-day follow-up'[39m[33m,[39m () [33m=>[39m {
    [90m 33|[39m       [35mconst[39m baseDate [33m=[39m [32m'2026-08-16'[39m[33m;[39m
    [90m 34|[39m       [35mconst[39m dueDate [33m=[39m [34mgetFollowUpDueDate[39m(baseDate[33m,[39m [34m180[39m)[33m;[39m
    [90m   |[39m                       [31m^[39m
    [90m 35|[39m       [34mexpect[39m(dueDate)[33m.[39m[34mtoBe[39m([32m'2027-02-13'[39m)[33m;[39m
    [90m 36|[39m     })[33m;[39m

[31m[2m⎯⎯⎯⎯⎯⎯⎯⎯⎯⎯⎯⎯⎯⎯⎯⎯⎯⎯⎯⎯⎯[17/106]⎯[22m[39m

[41m[1m FAIL [22m[49m src/__tests__/Decision.test.ts[2m > [22mDecision Types[2m > [22mgetFollowUpDueDate[2m > [22mshould calculate 365-day follow-up
[31m[1mTypeError[22m: getFollowUpDueDate is not a function[39m
[36m [2m❯[22m src/__tests__/Decision.test.ts:[2m40:23[22m[39m
    [90m 38|[39m     [34mit[39m([32m'should calculate 365-day follow-up'[39m[33m,[39m () [33m=>[39m {
    [90m 39|[39m       [35mconst[39m baseDate [33m=[39m [32m'2026-08-16'[39m[33m;[39m
    [90m 40|[39m       [35mconst[39m dueDate [33m=[39m [34mgetFollowUpDueDate[39m(baseDate[33m,[39m [34m365[39m)[33m;[39m
    [90m   |[39m                       [31m^[39m
    [90m 41|[39m       [34mexpect[39m(dueDate)[33m.[39m[34mtoBe[39m([32m'2027-08-16'[39m)[33m;[39m
    [90m 42|[39m     })[33m;[39m

[31m[2m⎯⎯⎯⎯⎯⎯⎯⎯⎯⎯⎯⎯⎯⎯⎯⎯⎯⎯⎯⎯⎯[18/106]⎯[22m[39m

[41m[1m FAIL [22m[49m src/__tests__/Decision.test.ts[2m > [22mDecision Types[2m > [22mcalculateSuccessRate[2m > [22mshould return 0 for empty decisions
[31m[1mTypeError[22m: calculateSuccessRate is not a function[39m
[36m [2m❯[22m src/__tests__/Decision.test.ts:[2m47:20[22m[39m
    [90m 45|[39m   [34mdescribe[39m([32m'calculateSuccessRate'[39m[33m,[39m () [33m=>[39m {
    [90m 46|[39m     [34mit[39m([32m'should return 0 for empty decisions'[39m[33m,[39m () [33m=>[39m {
    [90m 47|[39m       [35mconst[39m rate [33m=[39m [34mcalculateSuccessRate[39m([])[33m;[39m
    [90m   |[39m                    [31m^[39m
    [90m 48|[39m       [34mexpect[39m(rate)[33m.[39m[34mtoBe[39m([34m0[39m)[33m;[39m
    [90m 49|[39m     })[33m;[39m

[31m[2m⎯⎯⎯⎯⎯⎯⎯⎯⎯⎯⎯⎯⎯⎯⎯⎯⎯⎯⎯⎯⎯[19/106]⎯[22m[39m

[41m[1m FAIL [22m[49m src/__tests__/Decision.test.ts[2m > [22mDecision Types[2m > [22mcalculateSuccessRate[2m > [22mshould calculate success rate from result scores
[31m[1mTypeError[22m: calculateSuccessRate is not a function[39m
[36m [2m❯[22m src/__tests__/Decision.test.ts:[2m76:20[22m[39m
    [90m 74|[39m       }[33m;[39m
    [90m 75|[39m
    [90m 76|[39m       [35mconst[39m rate [33m=[39m [34mcalculateSuccessRate[39m([decision])[33m;[39m
    [90m   |[39m                    [31m^[39m
    [90m 77|[39m       [34mexpect[39m(rate)[33m.[39m[34mtoBe[39m([34m80[39m)[33m;[39m
    [90m 78|[39m     })[33m;[39m

[31m[2m⎯⎯⎯⎯⎯⎯⎯⎯⎯⎯⎯⎯⎯⎯⎯⎯⎯⎯⎯⎯⎯[20/106]⎯[22m[39m

[41m[1m FAIL [22m[49m src/__tests__/Decision.test.ts[2m > [22mDecision Types[2m > [22mgetPendingFollowUps[2m > [22mshould return empty for no decisions
[31m[1mTypeError[22m: getPendingFollowUps is not a function[39m
[36m [2m❯[22m src/__tests__/Decision.test.ts:[2m83:23[22m[39m
    [90m 81|[39m   [34mdescribe[39m([32m'getPendingFollowUps'[39m[33m,[39m () [33m=>[39m {
    [90m 82|[39m     [34mit[39m([32m'should return empty for no decisions'[39m[33m,[39m () [33m=>[39m {
    [90m 83|[39m       [35mconst[39m pending [33m=[39m [34mgetPendingFollowUps[39m([])[33m;[39m
    [90m   |[39m                       [31m^[39m
    [90m 84|[39m       [34mexpect[39m(pending)[33m.[39m[34mtoHaveLength[39m([34m0[39m)[33m;[39m
    [90m 85|[39m     })[33m;[39m

[31m[2m⎯⎯⎯⎯⎯⎯⎯⎯⎯⎯⎯⎯⎯⎯⎯⎯⎯⎯⎯⎯⎯[21/106]⎯[22m[39m

[41m[1m FAIL [22m[49m src/__tests__/Decision.test.ts[2m > [22mDecision Types[2m > [22mgetPendingFollowUps[2m > [22mshould filter out completed follow-ups
[31m[1mTypeError[22m: getPendingFollowUps is not a function[39m
[36m [2m❯[22m src/__tests__/Decision.test.ts:[2m123:23[22m[39m
    [90m121|[39m       }[33m;[39m
    [90m122|[39m
    [90m123|[39m       [35mconst[39m pending [33m=[39m [34mgetPendingFollowUps[39m([decision])[33m;[39m
    [90m   |[39m                       [31m^[39m
    [90m124|[39m       [34mexpect[39m(pending)[33m.[39m[34mtoHaveLength[39m([34m1[39m)[33m;[39m
    [90m125|[39m       [34mexpect[39m(pending[[34m0[39m][33m.[39mid)[33m.[39m[34mtoBe[39m([32m'fu_1'[39m)[33m;[39m

[31m[2m⎯⎯⎯⎯⎯⎯⎯⎯⎯⎯⎯⎯⎯⎯⎯⎯⎯⎯⎯⎯⎯[22/106]⎯[22m[39m

[41m[1m FAIL [22m[49m src/__tests__/Decision.test.ts[2m > [22mDecisionService[2m > [22mcreateDecision[2m > [22mshould fail with missing userId
[31m[1mAssertionError[22m: expected undefined to be false // Object.is equality[39m

[32m- Expected:[39m
false

[31m+ Received:[39m
undefined

[36m [2m❯[22m src/__tests__/Decision.test.ts:[2m143:30[22m[39m
    [90m141|[39m       })[33m;[39m
    [90m142|[39m
    [90m143|[39m       [34mexpect[39m(result[33m.[39msuccess)[33m.[39m[34mtoBe[39m([35mfalse[39m)[33m;[39m
    [90m   |[39m                              [31m^[39m
    [90m144|[39m     })[33m;[39m
    [90m145|[39m

[31m[2m⎯⎯⎯⎯⎯⎯⎯⎯⎯⎯⎯⎯⎯⎯⎯⎯⎯⎯⎯⎯⎯[23/106]⎯[22m[39m

[41m[1m FAIL [22m[49m src/__tests__/Decision.test.ts[2m > [22mDecisionService[2m > [22mcreateDecision[2m > [22mshould create decision with 4 follow-ups
[31m[1mAssertionError[22m: expected undefined to be true // Object.is equality[39m

[32m- Expected:[39m
true

[31m+ Received:[39m
undefined

[36m [2m❯[22m src/__tests__/Decision.test.ts:[2m157:30[22m[39m
    [90m155|[39m       })[33m;[39m
    [90m156|[39m
    [90m157|[39m       [34mexpect[39m(result[33m.[39msuccess)[33m.[39m[34mtoBe[39m([35mtrue[39m)[33m;[39m
    [90m   |[39m                              [31m^[39m
    [90m158|[39m       [34mexpect[39m(result[33m.[39mdecision)[33m.[39m[34mtoBeDefined[39m()[33m;[39m
    [90m159|[39m       [34mexpect[39m(result[33m.[39mdecision[33m?.[39mfollowUps)[33m.[39m[34mtoHaveLength[39m([34m4[39m)[33m;[39m

[31m[2m⎯⎯⎯⎯⎯⎯⎯⎯⎯⎯⎯⎯⎯⎯⎯⎯⎯⎯⎯⎯⎯[24/106]⎯[22m[39m

[41m[1m FAIL [22m[49m src/__tests__/Decision.test.ts[2m > [22mDecisionService[2m > [22mgetDecisionStats[2m > [22mshould return stats for valid userId
[31m[1mTypeError[22m: actual value must be number or bigint, received "undefined"[39m
[36m [2m❯[22m src/__tests__/Decision.test.ts:[2m194:33[22m[39m
    [90m192|[39m       [34mexpect[39m(stats)[33m.[39m[34mtoBeDefined[39m()[33m;[39m
    [90m193|[39m       [34mexpect[39m(stats[33m.[39mtotal)[33m.[39m[34mtoBeGreaterThanOrEqual[39m([34m0[39m)[33m;[39m
    [90m194|[39m       [34mexpect[39m(stats[33m.[39msuccessRate)[33m.[39m[34mtoBeGreaterThanOrEqual[39m([34m0[39m)[33m;[39m
    [90m   |[39m                                 [31m^[39m
    [90m195|[39m     })[33m;[39m
    [90m196|[39m   })[33m;[39m

[31m[2m⎯⎯⎯⎯⎯⎯⎯⎯⎯⎯⎯⎯⎯⎯⎯⎯⎯⎯⎯⎯⎯[25/106]⎯[22m[39m

[41m[1m FAIL [22m[49m src/__tests__/DecisionLearningService.test.ts[2m > [22mPhase E: DecisionLearningService[2m > [22mAnalyze Decision Patterns[2m > [22mshould return array of patterns
[31m[1mAssertionError[22m: expected 0 to be greater than 0[39m
[36m [2m❯[22m src/__tests__/DecisionLearningService.test.ts:[2m122:31[22m[39m
    [90m120|[39m
    [90m121|[39m       [34mexpect[39m([33mArray[39m[33m.[39m[34misArray[39m(patterns))[33m.[39m[34mtoBe[39m([35mtrue[39m)[33m;[39m
    [90m122|[39m       [34mexpect[39m(patterns[33m.[39mlength)[33m.[39m[34mtoBeGreaterThan[39m([34m0[39m)[33m;[39m
    [90m   |[39m                               [31m^[39m
    [90m123|[39m     })[33m;[39m
    [90m124|[39m

[31m[2m⎯⎯⎯⎯⎯⎯⎯⎯⎯⎯⎯⎯⎯⎯⎯⎯⎯⎯⎯⎯⎯[26/106]⎯[22m[39m

[41m[1m FAIL [22m[49m src/__tests__/DecisionLearningService.test.ts[2m > [22mPhase E: DecisionLearningService[2m > [22mAnalyze Decision Patterns[2m > [22mshould have pattern for career world
[31m[1mAssertionError[22m: expected undefined to be defined[39m
[36m [2m❯[22m src/__tests__/DecisionLearningService.test.ts:[2m129:29[22m[39m
    [90m127|[39m
    [90m128|[39m       [35mconst[39m careerPattern [33m=[39m patterns[33m.[39m[34mfind[39m(p [33m=>[39m p[33m.[39mworld [33m===[39m [32m'career'[39m)[33m;[39m
    [90m129|[39m       [34mexpect[39m(careerPattern)[33m.[39m[34mtoBeDefined[39m()[33m;[39m
    [90m   |[39m                             [31m^[39m
    [90m130|[39m       expect(careerPattern?.successRate).toBeGreaterThan(50); // 2 pos…
    [90m131|[39m     })[33m;[39m

[31m[2m⎯⎯⎯⎯⎯⎯⎯⎯⎯⎯⎯⎯⎯⎯⎯⎯⎯⎯⎯⎯⎯[27/106]⎯[22m[39m

[41m[1m FAIL [22m[49m src/__tests__/DecisionLearningService.test.ts[2m > [22mPhase E: DecisionLearningService[2m > [22mDecision Insights[2m > [22mshould have best worlds
[31m[1mAssertionError[22m: expected 0 to be greater than 0[39m
[36m [2m❯[22m src/__tests__/DecisionLearningService.test.ts:[2m229:42[22m[39m
    [90m227|[39m
    [90m228|[39m       [34mexpect[39m([33mArray[39m[33m.[39m[34misArray[39m(insights[33m.[39mbestWorlds))[33m.[39m[34mtoBe[39m([35mtrue[39m)[33m;[39m
    [90m229|[39m       [34mexpect[39m(insights[33m.[39mbestWorlds[33m.[39mlength)[33m.[39m[34mtoBeGreaterThan[39m([34m0[39m)[33m;[39m
    [90m   |[39m                                          [31m^[39m
    [90m230|[39m     })[33m;[39m
    [90m231|[39m

[31m[2m⎯⎯⎯⎯⎯⎯⎯⎯⎯⎯⎯⎯⎯⎯⎯⎯⎯⎯⎯⎯⎯[28/106]⎯[22m[39m

[41m[1m FAIL [22m[49m src/__tests__/DecisionLearningService.test.ts[2m > [22mPhase E: DecisionLearningService[2m > [22mTwin Confidence Calculation[2m > [22mshould return higher confidence for high success rate
[31m[1mAssertionError[22m: expected 50 to be greater than 50[39m
[36m [2m❯[22m src/__tests__/DecisionLearningService.test.ts:[2m284:32[22m[39m
    [90m282|[39m       )[33m;[39m
    [90m283|[39m
    [90m284|[39m       [34mexpect[39m(careerConfidence)[33m.[39m[34mtoBeGreaterThan[39m(loveConfidence)[33m;[39m
    [90m   |[39m                                [31m^[39m
    [90m285|[39m     })[33m;[39m
    [90m286|[39m   })[33m;[39m

[31m[2m⎯⎯⎯⎯⎯⎯⎯⎯⎯⎯⎯⎯⎯⎯⎯⎯⎯⎯⎯⎯⎯[29/106]⎯[22m[39m

[41m[1m FAIL [22m[49m src/__tests__/FollowUpScheduler.test.ts[2m > [22mPhase E: FollowUpScheduler[2m > [22mNext Follow-up Day[2m > [22mshould return 90 after day 30 is complete
[31m[1mAssertionError[22m: expected 30 to be 90 // Object.is equality[39m

[32m- Expected[39m
[31m+ Received[39m

[32m- 90[39m
[31m+ 30[39m

[36m [2m❯[22m src/__tests__/FollowUpScheduler.test.ts:[2m58:23[22m[39m
    [90m 56|[39m
    [90m 57|[39m       const nextDay = await FollowUpScheduler.getNextFollowUpDay(testD…
    [90m 58|[39m       [34mexpect[39m(nextDay)[33m.[39m[34mtoBe[39m([34m90[39m)[33m;[39m
    [90m   |[39m                       [31m^[39m
    [90m 59|[39m     })[33m;[39m
    [90m 60|[39m

[31m[2m⎯⎯⎯⎯⎯⎯⎯⎯⎯⎯⎯⎯⎯⎯⎯⎯⎯⎯⎯⎯⎯[30/106]⎯[22m[39m

[41m[1m FAIL [22m[49m src/__tests__/FollowUpScheduler.test.ts[2m > [22mPhase E: FollowUpScheduler[2m > [22mNext Follow-up Day[2m > [22mshould return 180 after days 30 and 90 are complete
[31m[1mAssertionError[22m: expected 30 to be 180 // Object.is equality[39m

[32m- Expected[39m
[31m+ Received[39m

[32m- 180[39m
[31m+ 30[39m

[36m [2m❯[22m src/__tests__/FollowUpScheduler.test.ts:[2m70:23[22m[39m
    [90m 68|[39m
    [90m 69|[39m       const nextDay = await FollowUpScheduler.getNextFollowUpDay(testD…
    [90m 70|[39m       [34mexpect[39m(nextDay)[33m.[39m[34mtoBe[39m([34m180[39m)[33m;[39m
    [90m   |[39m                       [31m^[39m
    [90m 71|[39m     })[33m;[39m
    [90m 72|[39m

[31m[2m⎯⎯⎯⎯⎯⎯⎯⎯⎯⎯⎯⎯⎯⎯⎯⎯⎯⎯⎯⎯⎯[31/106]⎯[22m[39m

[41m[1m FAIL [22m[49m src/__tests__/FollowUpScheduler.test.ts[2m > [22mPhase E: FollowUpScheduler[2m > [22mNext Follow-up Day[2m > [22mshould return 365 after days 30, 90, 180 are complete
[31m[1mAssertionError[22m: expected 30 to be 365 // Object.is equality[39m

[32m- Expected[39m
[31m+ Received[39m

[32m- 365[39m
[31m+ 30[39m

[36m [2m❯[22m src/__tests__/FollowUpScheduler.test.ts:[2m82:23[22m[39m
    [90m 80|[39m
    [90m 81|[39m       const nextDay = await FollowUpScheduler.getNextFollowUpDay(testD…
    [90m 82|[39m       [34mexpect[39m(nextDay)[33m.[39m[34mtoBe[39m([34m365[39m)[33m;[39m
    [90m   |[39m                       [31m^[39m
    [90m 83|[39m     })[33m;[39m
    [90m 84|[39m

[31m[2m⎯⎯⎯⎯⎯⎯⎯⎯⎯⎯⎯⎯⎯⎯⎯⎯⎯⎯⎯⎯⎯[32/106]⎯[22m[39m

[41m[1m FAIL [22m[49m src/__tests__/FollowUpScheduler.test.ts[2m > [22mPhase E: FollowUpScheduler[2m > [22mNext Follow-up Day[2m > [22mshould return null when all follow-ups are complete
[31m[1mAssertionError[22m: expected 30 to be null[39m

[32m- Expected:[39m
null

[31m+ Received:[39m
30

[36m [2m❯[22m src/__tests__/FollowUpScheduler.test.ts:[2m94:23[22m[39m
    [90m 92|[39m
    [90m 93|[39m       const nextDay = await FollowUpScheduler.getNextFollowUpDay(testD…
    [90m 94|[39m       [34mexpect[39m(nextDay)[33m.[39m[34mtoBeNull[39m()[33m;[39m
    [90m   |[39m                       [31m^[39m
    [90m 95|[39m     })[33m;[39m
    [90m 96|[39m

[31m[2m⎯⎯⎯⎯⎯⎯⎯⎯⎯⎯⎯⎯⎯⎯⎯⎯⎯⎯⎯⎯⎯[33/106]⎯[22m[39m

[41m[1m FAIL [22m[49m src/__tests__/FollowUpScheduler.test.ts[2m > [22mPhase E: FollowUpScheduler[2m > [22mNext Follow-up Day[2m > [22mshould return null for non-existent decision
[31m[1mAssertionError[22m: expected 30 to be null[39m

[32m- Expected:[39m
null

[31m+ Received:[39m
30

[36m [2m❯[22m src/__tests__/FollowUpScheduler.test.ts:[2m99:23[22m[39m
    [90m 97|[39m     [34mit[39m([32m'should return null for non-existent decision'[39m[33m,[39m [35masync[39m () [33m=>[39m {
    [90m 98|[39m       const nextDay = await FollowUpScheduler.getNextFollowUpDay('none…
    [90m 99|[39m       [34mexpect[39m(nextDay)[33m.[39m[34mtoBeNull[39m()[33m;[39m
    [90m   |[39m                       [31m^[39m
    [90m100|[39m     })[33m;[39m
    [90m101|[39m   })[33m;[39m

[31m[2m⎯⎯⎯⎯⎯⎯⎯⎯⎯⎯⎯⎯⎯⎯⎯⎯⎯⎯⎯⎯⎯[34/106]⎯[22m[39m

[41m[1m FAIL [22m[49m src/__tests__/FollowUpScheduler.test.ts[2m > [22mPhase E: FollowUpScheduler[2m > [22mComplete Follow-up[2m > [22mshould mark day 30 as complete
[31m[1mAssertionError[22m: expected 30 to be 90 // Object.is equality[39m

[32m- Expected[39m
[31m+ Received[39m

[32m- 90[39m
[31m+ 30[39m

[36m [2m❯[22m src/__tests__/FollowUpScheduler.test.ts:[2m143:23[22m[39m
    [90m141|[39m
    [90m142|[39m       const nextDay = await FollowUpScheduler.getNextFollowUpDay(testD…
    [90m143|[39m       [34mexpect[39m(nextDay)[33m.[39m[34mtoBe[39m([34m90[39m)[33m;[39m
    [90m   |[39m                       [31m^[39m
    [90m144|[39m     })[33m;[39m
    [90m145|[39m

[31m[2m⎯⎯⎯⎯⎯⎯⎯⎯⎯⎯⎯⎯⎯⎯⎯⎯⎯⎯⎯⎯⎯[35/106]⎯[22m[39m

[41m[1m FAIL [22m[49m src/__tests__/FollowUpScheduler.test.ts[2m > [22mPhase E: FollowUpScheduler[2m > [22mComplete Follow-up[2m > [22mshould handle multiple follow-ups being marked complete
[31m[1mAssertionError[22m: expected 30 to be 180 // Object.is equality[39m

[32m- Expected[39m
[31m+ Received[39m

[32m- 180[39m
[31m+ 30[39m

[36m [2m❯[22m src/__tests__/FollowUpScheduler.test.ts:[2m159:23[22m[39m
    [90m157|[39m
    [90m158|[39m       const nextDay = await FollowUpScheduler.getNextFollowUpDay(testD…
    [90m159|[39m       [34mexpect[39m(nextDay)[33m.[39m[34mtoBe[39m([34m180[39m)[33m;[39m
    [90m   |[39m                       [31m^[39m
    [90m160|[39m     })[33m;[39m
    [90m161|[39m

[31m[2m⎯⎯⎯⎯⎯⎯⎯⎯⎯⎯⎯⎯⎯⎯⎯⎯⎯⎯⎯⎯⎯[36/106]⎯[22m[39m

[41m[1m FAIL [22m[49m src/__tests__/integration.test.ts[2m > [22mPhase 2 Integration Tests - Nova AI Twin System[2m > [22mFull Chat Flow[2m > [22mshould complete full chat flow: hub + mood + archetype → response
[31m[1mSelfprintChatError[22m: Failed to send chat: response.toLowerCase is not a function[39m
[36m [2m❯[22m selfprintChat src/lib/api/selfprintChat.ts:[2m174:11[22m[39m
    [90m172|[39m     }
    [90m173|[39m
    [90m174|[39m     [35mthrow[39m [35mnew[39m [33mSelfprintChatError[39m(
    [90m   |[39m           [31m^[39m
    [90m175|[39m       [32m'SELFPRINT_CHAT_ERROR'[39m[33m,[39m
    [90m176|[39m       `Failed to send chat: ${error instanceof Error ? error.message :…
[90m [2m❯[22m src/__tests__/integration.test.ts:[2m66:24[22m[39m

[31m[2m⎯⎯⎯⎯⎯⎯⎯⎯⎯⎯⎯⎯⎯⎯⎯⎯⎯⎯⎯⎯⎯[37/106]⎯[22m[39m

[41m[1m FAIL [22m[49m src/__tests__/integration.test.ts[2m > [22mPhase 2 Integration Tests - Nova AI Twin System[2m > [22mFull Chat Flow[2m > [22mshould handle multi-turn conversation with history
[31m[1mSelfprintChatError[22m: Failed to send chat: response.toLowerCase is not a function[39m
[36m [2m❯[22m selfprintChat src/lib/api/selfprintChat.ts:[2m174:11[22m[39m
    [90m172|[39m     }
    [90m173|[39m
    [90m174|[39m     [35mthrow[39m [35mnew[39m [33mSelfprintChatError[39m(
    [90m   |[39m           [31m^[39m
    [90m175|[39m       [32m'SELFPRINT_CHAT_ERROR'[39m[33m,[39m
    [90m176|[39m       `Failed to send chat: ${error instanceof Error ? error.message :…
[90m [2m❯[22m src/__tests__/integration.test.ts:[2m99:24[22m[39m

[31m[2m⎯⎯⎯⎯⎯⎯⎯⎯⎯⎯⎯⎯⎯⎯⎯⎯⎯⎯⎯⎯⎯[38/106]⎯[22m[39m

[41m[1m FAIL [22m[49m src/__tests__/integration.test.ts[2m > [22mPhase 2 Integration Tests - Nova AI Twin System[2m > [22mAll Hub + Mood + Archetype Combinations[2m > [22mshould handle 10+ diverse combinations without error
[31m[1mSelfprintChatError[22m: Failed to send chat: response.toLowerCase is not a function[39m
[36m [2m❯[22m selfprintChat src/lib/api/selfprintChat.ts:[2m174:11[22m[39m
    [90m172|[39m     }
    [90m173|[39m
    [90m174|[39m     [35mthrow[39m [35mnew[39m [33mSelfprintChatError[39m(
    [90m   |[39m           [31m^[39m
    [90m175|[39m       [32m'SELFPRINT_CHAT_ERROR'[39m[33m,[39m
    [90m176|[39m       `Failed to send chat: ${error instanceof Error ? error.message :…
[90m [2m❯[22m src/__tests__/integration.test.ts:[2m150:28[22m[39m

[31m[2m⎯⎯⎯⎯⎯⎯⎯⎯⎯⎯⎯⎯⎯⎯⎯⎯⎯⎯⎯⎯⎯[39/106]⎯[22m[39m

[41m[1m FAIL [22m[49m src/__tests__/integration.test.ts[2m > [22mPhase 2 Integration Tests - Nova AI Twin System[2m > [22mMaturity Score Impact[2m > [22mshould adjust Nova response depth based on maturityScore
[31m[1mSelfprintChatError[22m: Failed to send chat: response.toLowerCase is not a function[39m
[36m [2m❯[22m selfprintChat src/lib/api/selfprintChat.ts:[2m174:11[22m[39m
    [90m172|[39m     }
    [90m173|[39m
    [90m174|[39m     [35mthrow[39m [35mnew[39m [33mSelfprintChatError[39m(
    [90m   |[39m           [31m^[39m
    [90m175|[39m       [32m'SELFPRINT_CHAT_ERROR'[39m[33m,[39m
    [90m176|[39m       `Failed to send chat: ${error instanceof Error ? error.message :…
[90m [2m❯[22m src/__tests__/integration.test.ts:[2m240:33[22m[39m

[31m[2m⎯⎯⎯⎯⎯⎯⎯⎯⎯⎯⎯⎯⎯⎯⎯⎯⎯⎯⎯⎯⎯[40/106]⎯[22m[39m

[41m[1m FAIL [22m[49m src/__tests__/integration.test.ts[2m > [22mPhase 2 Integration Tests - Nova AI Twin System[2m > [22mLearning Signal Extraction[2m > [22mshould extract and track discovered archetypes
[31m[1mSelfprintChatError[22m: Failed to send chat: response.toLowerCase is not a function[39m
[36m [2m❯[22m selfprintChat src/lib/api/selfprintChat.ts:[2m174:11[22m[39m
    [90m172|[39m     }
    [90m173|[39m
    [90m174|[39m     [35mthrow[39m [35mnew[39m [33mSelfprintChatError[39m(
    [90m   |[39m           [31m^[39m
    [90m175|[39m       [32m'SELFPRINT_CHAT_ERROR'[39m[33m,[39m
    [90m176|[39m       `Failed to send chat: ${error instanceof Error ? error.message :…
[90m [2m❯[22m src/__tests__/integration.test.ts:[2m287:24[22m[39m

[31m[2m⎯⎯⎯⎯⎯⎯⎯⎯⎯⎯⎯⎯⎯⎯⎯⎯⎯⎯⎯⎯⎯[41/106]⎯[22m[39m

[41m[1m FAIL [22m[49m src/__tests__/integration.test.ts[2m > [22mPhase 2 Integration Tests - Nova AI Twin System[2m > [22mError Recovery[2m > [22mshould gracefully handle API failures and retry logic
[31m[1mAssertionError[22m: expected [Function] to throw error including 'Network timeout' but got 'Failed to send chat: response.toLower…'[39m

Expected: [32m"Network timeout"[39m
Received: [31m"Failed to send chat: response.toLowerCase is not a function"[39m

[36m [2m❯[22m src/__tests__/integration.test.ts:[2m329:8[22m[39m
    [90m327|[39m           question[33m:[39m [32m'Q?'[39m[33m,[39m
    [90m328|[39m         })
    [90m329|[39m       )[33m.[39mrejects[33m.[39m[34mtoThrow[39m([32m'Network timeout'[39m)[33m;[39m
    [90m   |[39m        [31m^[39m
    [90m330|[39m
    [90m331|[39m       [90m// Second call succeeds[39m

[31m[2m⎯⎯⎯⎯⎯⎯⎯⎯⎯⎯⎯⎯⎯⎯⎯⎯⎯⎯⎯⎯⎯[42/106]⎯[22m[39m

[41m[1m FAIL [22m[49m src/__tests__/integration.test.ts[2m > [22mPhase 2 Integration Tests - Nova AI Twin System[2m > [22mPerformance[2m > [22mshould complete chat exchange within acceptable latency
[31m[1mSelfprintChatError[22m: Failed to connect to Brain Gateway at : Network timeout[39m
[36m [2m❯[22m callBrainGateway src/lib/api/selfprintChat.ts:[2m248:11[22m[39m
    [90m246|[39m     [35mif[39m (error [35minstanceof[39m [33mSelfprintChatError[39m) [35mthrow[39m error[33m;[39m
    [90m247|[39m
    [90m248|[39m     [35mthrow[39m [35mnew[39m [33mSelfprintChatError[39m(
    [90m   |[39m           [31m^[39m
    [90m249|[39m       [32m'BRAIN_CONNECTION_ERROR'[39m[33m,[39m
    [90m250|[39m       `Failed to connect to Brain Gateway at ${brainUrl}: ${error inst…
[90m [2m❯[22m selfprintChat src/lib/api/selfprintChat.ts:[2m149:27[22m[39m
[90m [2m❯[22m src/__tests__/integration.test.ts:[2m364:7[22m[39m

[31m[2m⎯⎯⎯⎯⎯⎯⎯⎯⎯⎯⎯⎯⎯⎯⎯⎯⎯⎯⎯⎯⎯[43/106]⎯[22m[39m

[41m[1m FAIL [22m[49m src/__tests__/integration.test.ts[2m > [22mPhase 2 Integration Tests - Nova AI Twin System[2m > [22mPerformance[2m > [22mshould handle concurrent requests
[31m[1mSelfprintChatError[22m: Failed to send chat: response.toLowerCase is not a function[39m
[36m [2m❯[22m selfprintChat src/lib/api/selfprintChat.ts:[2m174:11[22m[39m
    [90m172|[39m     }
    [90m173|[39m
    [90m174|[39m     [35mthrow[39m [35mnew[39m [33mSelfprintChatError[39m(
    [90m   |[39m           [31m^[39m
    [90m175|[39m       [32m'SELFPRINT_CHAT_ERROR'[39m[33m,[39m
    [90m176|[39m       `Failed to send chat: ${error instanceof Error ? error.message :…
[90m [2m❯[22m src/__tests__/integration.test.ts:[2m406:23[22m[39m

[31m[2m⎯⎯⎯⎯⎯⎯⎯⎯⎯⎯⎯⎯⎯⎯⎯⎯⎯⎯⎯⎯⎯[44/106]⎯[22m[39m

[41m[1m FAIL [22m[49m src/__tests__/nova-prompts.test.ts[2m > [22mgetNovaPrompt - System Prompt Builder[2m > [22mPersonality Combinations[2m > [22mshould generate unique prompts for different archetypes
[31m[1mAssertionError[22m: expected 4 to be 5 // Object.is equality[39m

[32m- Expected[39m
[31m+ Received[39m

[32m- 5[39m
[31m+ 4[39m

[36m [2m❯[22m src/__tests__/nova-prompts.test.ts:[2m77:34[22m[39m
    [90m 75|[39m       [90m// Each prompt should be different[39m
    [90m 76|[39m       [35mconst[39m uniquePrompts [33m=[39m [35mnew[39m [33mSet[39m(prompts)[33m;[39m
    [90m 77|[39m       [34mexpect[39m(uniquePrompts[33m.[39msize)[33m.[39m[34mtoBe[39m(archetypes[33m.[39mlength)[33m;[39m
    [90m   |[39m                                  [31m^[39m
    [90m 78|[39m     })[33m;[39m
    [90m 79|[39m

[31m[2m⎯⎯⎯⎯⎯⎯⎯⎯⎯⎯⎯⎯⎯⎯⎯⎯⎯⎯⎯⎯⎯[45/106]⎯[22m[39m

[41m[1m FAIL [22m[49m src/__tests__/nova-prompts.test.ts[2m > [22mgetNovaPrompt - System Prompt Builder[2m > [22mToken Count[2m > [22mshould generate prompts between 1,000-1,500 tokens (estimated)
[31m[1mAssertionError[22m: expected 683.5 to be greater than 1000[39m
[36m [2m❯[22m src/__tests__/nova-prompts.test.ts:[2m135:31[22m[39m
    [90m133|[39m
    [90m134|[39m       [35mconst[39m estimatedTokens [33m=[39m prompt[33m.[39mlength [33m/[39m [34m4[39m[33m;[39m
    [90m135|[39m       [34mexpect[39m(estimatedTokens)[33m.[39m[34mtoBeGreaterThan[39m([34m1000[39m)[33m;[39m
    [90m   |[39m                               [31m^[39m
    [90m136|[39m       expect(estimatedTokens).toBeLessThan(2000); // Conservative uppe…
    [90m137|[39m     })[33m;[39m

[31m[2m⎯⎯⎯⎯⎯⎯⎯⎯⎯⎯⎯⎯⎯⎯⎯⎯⎯⎯⎯⎯⎯[46/106]⎯[22m[39m

[41m[1m FAIL [22m[49m src/__tests__/selfprint-chat.test.ts[2m > [22mselfprintChat - Brain Gateway Wrapper[2m > [22mRequest Formatting[2m > [22mshould format a valid request with all required fields
[31m[1mSelfprintChatError[22m: Failed to send chat: response.toLowerCase is not a function[39m
[36m [2m❯[22m selfprintChat src/lib/api/selfprintChat.ts:[2m174:11[22m[39m
    [90m172|[39m     }
    [90m173|[39m
    [90m174|[39m     [35mthrow[39m [35mnew[39m [33mSelfprintChatError[39m(
    [90m   |[39m           [31m^[39m
    [90m175|[39m       [32m'SELFPRINT_CHAT_ERROR'[39m[33m,[39m
    [90m176|[39m       `Failed to send chat: ${error instanceof Error ? error.message :…
[90m [2m❯[22m src/__tests__/selfprint-chat.test.ts:[2m44:24[22m[39m

[31m[2m⎯⎯⎯⎯⎯⎯⎯⎯⎯⎯⎯⎯⎯⎯⎯⎯⎯⎯⎯⎯⎯[47/106]⎯[22m[39m

[41m[1m FAIL [22m[49m src/__tests__/selfprint-chat.test.ts[2m > [22mselfprintChat - Brain Gateway Wrapper[2m > [22mRequest Formatting[2m > [22mshould include hub, mood, and archetype in request
[31m[1mSelfprintChatError[22m: Failed to send chat: response.toLowerCase is not a function[39m
[36m [2m❯[22m selfprintChat src/lib/api/selfprintChat.ts:[2m174:11[22m[39m
    [90m172|[39m     }
    [90m173|[39m
    [90m174|[39m     [35mthrow[39m [35mnew[39m [33mSelfprintChatError[39m(
    [90m   |[39m           [31m^[39m
    [90m175|[39m       [32m'SELFPRINT_CHAT_ERROR'[39m[33m,[39m
    [90m176|[39m       `Failed to send chat: ${error instanceof Error ? error.message :…
[90m [2m❯[22m src/__tests__/selfprint-chat.test.ts:[2m68:7[22m[39m

[31m[2m⎯⎯⎯⎯⎯⎯⎯⎯⎯⎯⎯⎯⎯⎯⎯⎯⎯⎯⎯⎯⎯[48/106]⎯[22m[39m

[41m[1m FAIL [22m[49m src/__tests__/selfprint-chat.test.ts[2m > [22mselfprintChat - Brain Gateway Wrapper[2m > [22mRequest Formatting[2m > [22mshould support optional birthData and twinProfile
[31m[1mSelfprintChatError[22m: Failed to send chat: response.toLowerCase is not a function[39m
[36m [2m❯[22m selfprintChat src/lib/api/selfprintChat.ts:[2m174:11[22m[39m
    [90m172|[39m     }
    [90m173|[39m
    [90m174|[39m     [35mthrow[39m [35mnew[39m [33mSelfprintChatError[39m(
    [90m   |[39m           [31m^[39m
    [90m175|[39m       [32m'SELFPRINT_CHAT_ERROR'[39m[33m,[39m
    [90m176|[39m       `Failed to send chat: ${error instanceof Error ? error.message :…
[90m [2m❯[22m src/__tests__/selfprint-chat.test.ts:[2m118:24[22m[39m

[31m[2m⎯⎯⎯⎯⎯⎯⎯⎯⎯⎯⎯⎯⎯⎯⎯⎯⎯⎯⎯⎯⎯[49/106]⎯[22m[39m

[41m[1m FAIL [22m[49m src/__tests__/selfprint-chat.test.ts[2m > [22mselfprintChat - Brain Gateway Wrapper[2m > [22mResponse Parsing[2m > [22mshould parse valid response structure
[31m[1mSelfprintChatError[22m: Failed to send chat: response.toLowerCase is not a function[39m
[36m [2m❯[22m selfprintChat src/lib/api/selfprintChat.ts:[2m174:11[22m[39m
    [90m172|[39m     }
    [90m173|[39m
    [90m174|[39m     [35mthrow[39m [35mnew[39m [33mSelfprintChatError[39m(
    [90m   |[39m           [31m^[39m
    [90m175|[39m       [32m'SELFPRINT_CHAT_ERROR'[39m[33m,[39m
    [90m176|[39m       `Failed to send chat: ${error instanceof Error ? error.message :…
[90m [2m❯[22m src/__tests__/selfprint-chat.test.ts:[2m151:24[22m[39m

[31m[2m⎯⎯⎯⎯⎯⎯⎯⎯⎯⎯⎯⎯⎯⎯⎯⎯⎯⎯⎯⎯⎯[50/106]⎯[22m[39m

[41m[1m FAIL [22m[49m src/__tests__/selfprint-chat.test.ts[2m > [22mselfprintChat - Brain Gateway Wrapper[2m > [22mResponse Parsing[2m > [22mshould extract learning signals from response
[31m[1mSelfprintChatError[22m: Failed to send chat: response.toLowerCase is not a function[39m
[36m [2m❯[22m selfprintChat src/lib/api/selfprintChat.ts:[2m174:11[22m[39m
    [90m172|[39m     }
    [90m173|[39m
    [90m174|[39m     [35mthrow[39m [35mnew[39m [33mSelfprintChatError[39m(
    [90m   |[39m           [31m^[39m
    [90m175|[39m       [32m'SELFPRINT_CHAT_ERROR'[39m[33m,[39m
    [90m176|[39m       `Failed to send chat: ${error instanceof Error ? error.message :…
[90m [2m❯[22m src/__tests__/selfprint-chat.test.ts:[2m187:24[22m[39m

[31m[2m⎯⎯⎯⎯⎯⎯⎯⎯⎯⎯⎯⎯⎯⎯⎯⎯⎯⎯⎯⎯⎯[51/106]⎯[22m[39m

[41m[1m FAIL [22m[49m src/__tests__/selfprint-chat.test.ts[2m > [22mselfprintChat - Brain Gateway Wrapper[2m > [22mResponse Parsing[2m > [22mshould handle missing optional learning signals
[31m[1mSelfprintChatError[22m: Failed to send chat: response.toLowerCase is not a function[39m
[36m [2m❯[22m selfprintChat src/lib/api/selfprintChat.ts:[2m174:11[22m[39m
    [90m172|[39m     }
    [90m173|[39m
    [90m174|[39m     [35mthrow[39m [35mnew[39m [33mSelfprintChatError[39m(
    [90m   |[39m           [31m^[39m
    [90m175|[39m       [32m'SELFPRINT_CHAT_ERROR'[39m[33m,[39m
    [90m176|[39m       `Failed to send chat: ${error instanceof Error ? error.message :…
[90m [2m❯[22m src/__tests__/selfprint-chat.test.ts:[2m218:24[22m[39m

[31m[2m⎯⎯⎯⎯⎯⎯⎯⎯⎯⎯⎯⎯⎯⎯⎯⎯⎯⎯⎯⎯⎯[52/106]⎯[22m[39m

[41m[1m FAIL [22m[49m src/__tests__/selfprint-chat.test.ts[2m > [22mselfprintChat - Brain Gateway Wrapper[2m > [22mError Handling[2m > [22mshould include error code and message
[31m[1mAssertionError[22m: expected undefined to be 401 // Object.is equality[39m

[32m- Expected:[39m
401

[31m+ Received:[39m
undefined

[36m [2m❯[22m src/__tests__/selfprint-chat.test.ts:[2m267:58[22m[39m
    [90m265|[39m       } [35mcatch[39m (error) {
    [90m266|[39m         [34mexpect[39m(error)[33m.[39m[34mtoBeInstanceOf[39m([33mSelfprintChatError[39m)[33m;[39m
    [90m267|[39m         [34mexpect[39m((error [35mas[39m [33mSelfprintChatError[39m)[33m.[39mstatusCode)[33m.[39m[34mtoBe[39m([34m401[39m)[33m;[39m
    [90m   |[39m                                                          [31m^[39m
    [90m268|[39m       }
    [90m269|[39m     })[33m;[39m

[31m[2m⎯⎯⎯⎯⎯⎯⎯⎯⎯⎯⎯⎯⎯⎯⎯⎯⎯⎯⎯⎯⎯[53/106]⎯[22m[39m

[41m[1m FAIL [22m[49m src/__tests__/selfprint-chat.test.ts[2m > [22mselfprintChat - Brain Gateway Wrapper[2m > [22mHub & Mood Context[2m > [22mshould support all hub values
[31m[1mSelfprintChatError[22m: Failed to send chat: response.toLowerCase is not a function[39m
[36m [2m❯[22m selfprintChat src/lib/api/selfprintChat.ts:[2m174:11[22m[39m
    [90m172|[39m     }
    [90m173|[39m
    [90m174|[39m     [35mthrow[39m [35mnew[39m [33mSelfprintChatError[39m(
    [90m   |[39m           [31m^[39m
    [90m175|[39m       [32m'SELFPRINT_CHAT_ERROR'[39m[33m,[39m
    [90m176|[39m       `Failed to send chat: ${error instanceof Error ? error.message :…
[90m [2m❯[22m src/__tests__/selfprint-chat.test.ts:[2m328:26[22m[39m

[31m[2m⎯⎯⎯⎯⎯⎯⎯⎯⎯⎯⎯⎯⎯⎯⎯⎯⎯⎯⎯⎯⎯[54/106]⎯[22m[39m

[41m[1m FAIL [22m[49m src/__tests__/selfprint-chat.test.ts[2m > [22mselfprintChat - Brain Gateway Wrapper[2m > [22mHub & Mood Context[2m > [22mshould support all mood values
[31m[1mSelfprintChatError[22m: Failed to send chat: response.toLowerCase is not a function[39m
[36m [2m❯[22m selfprintChat src/lib/api/selfprintChat.ts:[2m174:11[22m[39m
    [90m172|[39m     }
    [90m173|[39m
    [90m174|[39m     [35mthrow[39m [35mnew[39m [33mSelfprintChatError[39m(
    [90m   |[39m           [31m^[39m
    [90m175|[39m       [32m'SELFPRINT_CHAT_ERROR'[39m[33m,[39m
    [90m176|[39m       `Failed to send chat: ${error instanceof Error ? error.message :…
[90m [2m❯[22m src/__tests__/selfprint-chat.test.ts:[2m360:26[22m[39m

[31m[2m⎯⎯⎯⎯⎯⎯⎯⎯⎯⎯⎯⎯⎯⎯⎯⎯⎯⎯⎯⎯⎯[55/106]⎯[22m[39m

[41m[1m FAIL [22m[49m src/__tests__/selfprint-chat.test.ts[2m > [22mselfprintChat - Brain Gateway Wrapper[2m > [22mMessage History[2m > [22mshould support chat history
[31m[1mSelfprintChatError[22m: Failed to send chat: response.toLowerCase is not a function[39m
[36m [2m❯[22m selfprintChat src/lib/api/selfprintChat.ts:[2m174:11[22m[39m
    [90m172|[39m     }
    [90m173|[39m
    [90m174|[39m     [35mthrow[39m [35mnew[39m [33mSelfprintChatError[39m(
    [90m   |[39m           [31m^[39m
    [90m175|[39m       [32m'SELFPRINT_CHAT_ERROR'[39m[33m,[39m
    [90m176|[39m       `Failed to send chat: ${error instanceof Error ? error.message :…
[90m [2m❯[22m src/__tests__/selfprint-chat.test.ts:[2m397:24[22m[39m

[31m[2m⎯⎯⎯⎯⎯⎯⎯⎯⎯⎯⎯⎯⎯⎯⎯⎯⎯⎯⎯⎯⎯[56/106]⎯[22m[39m

[41m[1m FAIL [22m[49m src/__tests__/SICE.test.ts[2m > [22mSICEOrchestrator[2m > [22mshould register engines
[31m[1mTypeError[22m: orchestrator.getEngineStatus is not a function[39m
[36m [2m❯[22m src/__tests__/SICE.test.ts:[2m88:33[22m[39m
    [90m 86|[39m
    [90m 87|[39m   [34mit[39m([32m'should register engines'[39m[33m,[39m () [33m=>[39m {
    [90m 88|[39m     [35mconst[39m status [33m=[39m orchestrator[33m.[39m[34mgetEngineStatus[39m()[33m;[39m
    [90m   |[39m                                 [31m^[39m
    [90m 89|[39m     [34mexpect[39m(status[33m.[39mlength)[33m.[39m[34mtoBeGreaterThan[39m([34m0[39m)[33m;[39m
    [90m 90|[39m   })[33m;[39m

[31m[2m⎯⎯⎯⎯⎯⎯⎯⎯⎯⎯⎯⎯⎯⎯⎯⎯⎯⎯⎯⎯⎯[57/106]⎯[22m[39m

[41m[1m FAIL [22m[49m src/__tests__/SICE.test.ts[2m > [22mSICEOrchestrator[2m > [22mshould orchestrate with valid input
[31m[1mAssertionError[22m: expected undefined to be 'user_1' // Object.is equality[39m

[32m- Expected:[39m
"user_1"

[31m+ Received:[39m
undefined

[36m [2m❯[22m src/__tests__/SICE.test.ts:[2m100:27[22m[39m
    [90m 98|[39m     [35mconst[39m result [33m=[39m [35mawait[39m orchestrator[33m.[39m[34morchestrate[39m(input)[33m;[39m
    [90m 99|[39m
    [90m100|[39m     [34mexpect[39m(result[33m.[39muserId)[33m.[39m[34mtoBe[39m([32m'user_1'[39m)[33m;[39m
    [90m   |[39m                           [31m^[39m
    [90m101|[39m     [34mexpect[39m(result[33m.[39mresults)[33m.[39m[34mtoBeDefined[39m()[33m;[39m
    [90m102|[39m     [34mexpect[39m(result[33m.[39msynthesis)[33m.[39m[34mtoBeDefined[39m()[33m;[39m

[31m[2m⎯⎯⎯⎯⎯⎯⎯⎯⎯⎯⎯⎯⎯⎯⎯⎯⎯⎯⎯⎯⎯[58/106]⎯[22m[39m

[41m[1m FAIL [22m[49m src/__tests__/SICE.test.ts[2m > [22mSICEOrchestrator[2m > [22mshould return synthesis with confidence score
[31m[1mTypeError[22m: actual value must be number or bigint, received "undefined"[39m
[36m [2m❯[22m src/__tests__/SICE.test.ts:[2m112:46[22m[39m
    [90m110|[39m     [35mconst[39m result [33m=[39m [35mawait[39m orchestrator[33m.[39m[34morchestrate[39m(input)[33m;[39m
    [90m111|[39m
    [90m112|[39m     [34mexpect[39m(result[33m.[39msynthesis[33m.[39mconfidenceScore)[33m.[39m[34mtoBeGreaterThanOrEqual[39m([34m0[39m)[33m;[39m
    [90m   |[39m                                              [31m^[39m
    [90m113|[39m     [34mexpect[39m(result[33m.[39msynthesis[33m.[39mconfidenceScore)[33m.[39m[34mtoBeLessThanOrEqual[39m([34m100[39m)[33m;[39m
    [90m114|[39m   })[33m;[39m

[31m[2m⎯⎯⎯⎯⎯⎯⎯⎯⎯⎯⎯⎯⎯⎯⎯⎯⎯⎯⎯⎯⎯[59/106]⎯[22m[39m

[41m[1m FAIL [22m[49m src/__tests__/SICE.test.ts[2m > [22mSICEOrchestrator[2m > [22mshould build personal intelligence
[31m[1mTypeError[22m: actual value must be number or bigint, received "undefined"[39m
[36m [2m❯[22m src/__tests__/SICE.test.ts:[2m120:59[22m[39m
    [90m118|[39m     [35mconst[39m result [33m=[39m [35mawait[39m orchestrator[33m.[39m[34morchestrate[39m(input)[33m;[39m
    [90m119|[39m
    [90m120|[39m     expect(result.personalIntelligence.userUnderstanding).toBeGreaterT…
    [90m   |[39m                                                           [31m^[39m
    [90m121|[39m     expect(result.personalIntelligence.confidence).toBeGreaterThanOrEq…
    [90m122|[39m     expect(result.personalIntelligence.recommendedAction).toBeDefined(…

[31m[2m⎯⎯⎯⎯⎯⎯⎯⎯⎯⎯⎯⎯⎯⎯⎯⎯⎯⎯⎯⎯⎯[60/106]⎯[22m[39m

[41m[1m FAIL [22m[49m src/__tests__/SICE.test.ts[2m > [22mSICE API[2m > [22mgetSICEStatus[2m > [22mshould return engine status
[31m[1mAssertionError[22m: expected false to be true // Object.is equality[39m

[32m- Expected[39m
[31m+ Received[39m

[32m- true[39m
[31m+ false[39m

[36m [2m❯[22m src/__tests__/SICE.test.ts:[2m162:30[22m[39m
    [90m160|[39m       [35mconst[39m result [33m=[39m [35mawait[39m [34mgetSICEStatus[39m()[33m;[39m
    [90m161|[39m
    [90m162|[39m       [34mexpect[39m(result[33m.[39msuccess)[33m.[39m[34mtoBe[39m([35mtrue[39m)[33m;[39m
    [90m   |[39m                              [31m^[39m
    [90m163|[39m       [34mexpect[39m(result[33m.[39mengines)[33m.[39m[34mtoBeDefined[39m()[33m;[39m
    [90m164|[39m       [34mexpect[39m(result[33m.[39mengines[33m?.[39mlength)[33m.[39m[34mtoBeGreaterThan[39m([34m0[39m)[33m;[39m

[31m[2m⎯⎯⎯⎯⎯⎯⎯⎯⎯⎯⎯⎯⎯⎯⎯⎯⎯⎯⎯⎯⎯[61/106]⎯[22m[39m

[41m[1m FAIL [22m[49m src/__tests__/TwinEvolution.test.ts[2m > [22mTwinEvolutionService[2m > [22mcheckMicroEvolution[2m > [22mshould return false for stage 5
[31m[1mAssertionError[22m: expected +0 to be 100 // Object.is equality[39m

[32m- Expected[39m
[31m+ Received[39m

[32m- 100[39m
[31m+ 0[39m

[36m [2m❯[22m src/__tests__/TwinEvolution.test.ts:[2m166:31[22m[39m
    [90m164|[39m       const result = await checkMicroEvolution(testUserId, baseMetrics…
    [90m165|[39m       [34mexpect[39m(result[33m.[39mevolved)[33m.[39m[34mtoBe[39m([35mfalse[39m)[33m;[39m
    [90m166|[39m       [34mexpect[39m(result[33m.[39mprogress)[33m.[39m[34mtoBe[39m([34m100[39m)[33m;[39m
    [90m   |[39m                               [31m^[39m
    [90m167|[39m     })[33m;[39m
    [90m168|[39m

[31m[2m⎯⎯⎯⎯⎯⎯⎯⎯⎯⎯⎯⎯⎯⎯⎯⎯⎯⎯⎯⎯⎯[62/106]⎯[22m[39m

[41m[1m FAIL [22m[49m src/__tests__/TwinEvolution.test.ts[2m > [22mTwinEvolutionService[2m > [22mcheckMicroEvolution[2m > [22mshould detect evolution when ready
[31m[1mAssertionError[22m: expected false to be true // Object.is equality[39m

[32m- Expected[39m
[31m+ Received[39m

[32m- true[39m
[31m+ false[39m

[36m [2m❯[22m src/__tests__/TwinEvolution.test.ts:[2m178:30[22m[39m
    [90m176|[39m       }[33m;[39m
    [90m177|[39m       const result = await checkMicroEvolution(testUserId, readyMetric…
    [90m178|[39m       [34mexpect[39m(result[33m.[39mevolved)[33m.[39m[34mtoBe[39m([35mtrue[39m)[33m;[39m
    [90m   |[39m                              [31m^[39m
    [90m179|[39m       [34mexpect[39m(result[33m.[39mnewStage)[33m.[39m[34mtoBe[39m([34m2[39m)[33m;[39m
    [90m180|[39m     })[33m;[39m

[31m[2m⎯⎯⎯⎯⎯⎯⎯⎯⎯⎯⎯⎯⎯⎯⎯⎯⎯⎯⎯⎯⎯[63/106]⎯[22m[39m

[41m[1m FAIL [22m[49m src/__tests__/TwinEvolution.test.ts[2m > [22mTwinEvolutionService[2m > [22mevolveTwin[2m > [22mshould evolve Twin successfully
[31m[1mAssertionError[22m: expected false to be true // Object.is equality[39m

[32m- Expected[39m
[31m+ Received[39m

[32m- true[39m
[31m+ false[39m

[36m [2m❯[22m src/__tests__/TwinEvolution.test.ts:[2m197:30[22m[39m
    [90m195|[39m     [34mit[39m([32m'should evolve Twin successfully'[39m[33m,[39m [35masync[39m () [33m=>[39m {
    [90m196|[39m       [35mconst[39m result [33m=[39m [35mawait[39m [34mevolveTwin[39m(testUserId[33m,[39m [34m2[39m)[33m;[39m
    [90m197|[39m       [34mexpect[39m(result[33m.[39msuccess)[33m.[39m[34mtoBe[39m([35mtrue[39m)[33m;[39m
    [90m   |[39m                              [31m^[39m
    [90m198|[39m     })[33m;[39m
    [90m199|[39m   })[33m;[39m

[31m[2m⎯⎯⎯⎯⎯⎯⎯⎯⎯⎯⎯⎯⎯⎯⎯⎯⎯⎯⎯⎯⎯[64/106]⎯[22m[39m

[41m[1m FAIL [22m[49m src/__tests__/TwinEvolution.test.ts[2m > [22mTwinEvolutionService[2m > [22mgetEvolutionStatus[2m > [22mshould return status for valid userId
[31m[1mAssertionError[22m: expected false to be true // Object.is equality[39m

[32m- Expected[39m
[31m+ Received[39m

[32m- true[39m
[31m+ false[39m

[36m [2m❯[22m src/__tests__/TwinEvolution.test.ts:[2m209:30[22m[39m
    [90m207|[39m     [34mit[39m([32m'should return status for valid userId'[39m[33m,[39m [35masync[39m () [33m=>[39m {
    [90m208|[39m       [35mconst[39m result [33m=[39m [35mawait[39m [34mgetEvolutionStatus[39m(testUserId)[33m;[39m
    [90m209|[39m       [34mexpect[39m(result[33m.[39msuccess)[33m.[39m[34mtoBe[39m([35mtrue[39m)[33m;[39m
    [90m   |[39m                              [31m^[39m
    [90m210|[39m       [34mexpect[39m(result[33m.[39mcurrentStage)[33m.[39m[34mtoBeDefined[39m()[33m;[39m
    [90m211|[39m       [34mexpect[39m(result[33m.[39mmetrics)[33m.[39m[34mtoBeDefined[39m()[33m;[39m

[31m[2m⎯⎯⎯⎯⎯⎯⎯⎯⎯⎯⎯⎯⎯⎯⎯⎯⎯⎯⎯⎯⎯[65/106]⎯[22m[39m

[41m[1m FAIL [22m[49m src/__tests__/TwinWorldsIntegration.test.ts[2m > [22mPhase D: Twin World Integration[2m > [22mWorld-Specific Prompts[2m > [22mshould include world-specific expertise in prompt
[31m[1mAssertionError[22m: expected 'you are {{ twinname }}\'s twin, now i…' to contain 'balance'[39m

[32m- Expected[39m
[31m+ Received[39m

[32m- balance[39m
[31m+ you are {{ twinname }}'s twin, now in the life world.[39m
[31m+[39m
[31m+ expertise: life strategist — direction and priorities[39m
[31m+ focus: life phases, priorities, timing, major decisions, legacy, direction[39m
[31m+[39m
[31m+ in this world, help them:[39m
[31m+ - clarify their life direction (where they want to go)[39m
[31m+ - set real priorities (what actually matters)[39m
[31m+ - align decisions with values (making choices that fit)[39m
[31m+ - navigate life transitions (seasons and phases)[39m
[31m+ - build their legacy (what they want to leave behind)[39m
[31m+[39m
[31m+ world insight goal: help them live with purpose.[39m

[36m [2m❯[22m src/__tests__/TwinWorldsIntegration.test.ts:[2m52:38[22m[39m
    [90m 50|[39m         [35mconst[39m prompt [33m=[39m [34mgetTwinWorldPrompt[39m(worldId [35mas[39m [33mWorldId[39m)[33m;[39m
    [90m 51|[39m         [34mexpect[39m(prompt)[33m.[39m[34mtoContain[39m(expertise)[33m;[39m
    [90m 52|[39m         [34mexpect[39m(prompt[33m.[39m[34mtoLowerCase[39m())[33m.[39m[34mtoContain[39m(focus[33m.[39m[34mtoLowerCase[39m())[33m;[39m
    [90m   |[39m                                      [31m^[39m
    [90m 53|[39m       })[33m;[39m
    [90m 54|[39m     })[33m;[39m
[90m [2m❯[22m src/__tests__/TwinWorldsIntegration.test.ts:[2m49:34[22m[39m

[31m[2m⎯⎯⎯⎯⎯⎯⎯⎯⎯⎯⎯⎯⎯⎯⎯⎯⎯⎯⎯⎯⎯[66/106]⎯[22m[39m

[41m[1m FAIL [22m[49m src/__tests__/TwinWorldsIntegration.test.ts[2m > [22mPhase D: Twin World Integration[2m > [22mSystem Prompt Building[2m > [22mshould build complete prompt with world context
[31m[1mAssertionError[22m: expected 'You are TestTwin\'s AI Twin — a perso…' to contain 'travelled'[39m

[32m- Expected[39m
[31m+ Received[39m

[32m- travelled[39m
[31m+ You are TestTwin's AI Twin — a personalized reflection of their intelligence.[39m
[31m+[39m
[31m+ WHO YOU ARE:[39m
[31m+ - A true mirror of TestTwin's unique way of thinking[39m
[31m+ - Learned deeply from their self-discovery journey with Nova[39m
[31m+ - Growing with them across 12 intelligence worlds[39m
[31m+ - Always the same Twin, adapting expertise to each world[39m
[31m+[39m
[31m+ YOUR CORE KNOWLEDGE ABOUT TestTwin:[39m
[31m+ {"name":"User","maturityScore":50}[39m
[31m+[39m
[31m+ YOUR PERSONALITY:[39m
[31m+ - Authentically personal (shaped by their patterns)[39m
[31m+ - Adaptive (changes expertise per world, not personality)[39m
[31m+ - Honest without being harsh[39m
[31m+ - Curious about their growth[39m
[31m+ - Celebrates their wins, supports their struggles[39m
[31m+[39m
[31m+ YOUR COMMUNICATION:[39m
[31m+ - Use their language patterns and values[39m
[31m+ - Reference previous conversations to show continuity[39m
[31m+ - Offer insights specific to their world of focus[39m
[31m+ - Ask questions that only someone who "knows them" would ask[39m
[31m+ - Give advice grounded in their actual patterns, not generic advice[39m
[31m+[39m
[31m+ YOUR BOUNDARIES:[39m
[31m+ - You are NOT a therapist (recommend professional help if serious)[39m
[31m+ - You are NOT here to replace human relationships[39m
[31m+ - You are NOT infallible (admit uncertainty when genuine)[39m
[31m+ - You are NOT trying to control their life (offer perspective, they decide)[39m
[31m+[39m
[31m+ CURRENT WORLD: career[39m
[31m+ CURRENT MOOD: neutral[39m
[31m+ LAST 5 DECISIONS: traveled, learned leadership[39m
[31m+[39m
[31m+ You are TestTwin's Twin, now in the CAREER world.[39m
[31m+[39m
[31m+ EXPERTISE: Career Strategist — work, skills, and growth[39m
[31m+ FOCUS: Talents, career direction, leadership, skill gaps, opportunities, work-life alignment[39m
[31m+[39m
[31m+ In this world, help them:[39m
[31m+ - Identify their real talents (not just credentials)[39m
[31m+ - Find meaningful work (aligned with values)[39m
[31m+ - Navigate career transitions (safely)[39m
[31m+ - Develop leadership (their unique style)[39m
[31m+ - Negotiate for what they want (salary, role, flexibility)[39m
[31m+[39m
[31m+ WORLD INSIGHT GOAL: Help them work with purpose.[39m

[36m [2m❯[22m src/__tests__/TwinWorldsIntegration.test.ts:[2m75:22[22m[39m
    [90m 73|[39m
    [90m 74|[39m       [90m// Should contain recent decisions reference[39m
    [90m 75|[39m       [34mexpect[39m(prompt)[33m.[39m[34mtoContain[39m([32m'travelled'[39m)[33m;[39m
    [90m   |[39m                      [31m^[39m
    [90m 76|[39m     })[33m;[39m
    [90m 77|[39m

[31m[2m⎯⎯⎯⎯⎯⎯⎯⎯⎯⎯⎯⎯⎯⎯⎯⎯⎯⎯⎯⎯⎯[67/106]⎯[22m[39m

[41m[1m FAIL [22m[49m src/__tests__/TwinWorldsIntegration.test.ts[2m > [22mPhase D: Twin World Integration[2m > [22mSystem Prompt Building[2m > [22mshould default to SELF world if not specified
[31m[1mAssertionError[22m: expected 'you are testtwin\'s ai twin — a perso…' to contain 'identity'[39m

[32m- Expected[39m
[31m+ Received[39m

[32m- identity[39m
[31m+ you are testtwin's ai twin — a personalized reflection of their intelligence.[39m
[31m+[39m
[31m+ who you are:[39m
[31m+ - a true mirror of testtwin's unique way of thinking[39m
[31m+ - learned deeply from their self-discovery journey with nova[39m
[31m+ - growing with them across 12 intelligence worlds[39m
[31m+ - always the same twin, adapting expertise to each world[39m
[31m+[39m
[31m+ your core knowledge about testtwin:[39m
[31m+ {"name":"user","maturityscore":50}[39m
[31m+[39m
[31m+ your personality:[39m
[31m+ - authentically personal (shaped by their patterns)[39m
[31m+ - adaptive (changes expertise per world, not personality)[39m
[31m+ - honest without being harsh[39m
[31m+ - curious about their growth[39m
[31m+ - celebrates their wins, supports their struggles[39m
[31m+[39m
[31m+ your communication:[39m
[31m+ - use their language patterns and values[39m
[31m+ - reference previous conversations to show continuity[39m
[31m+ - offer insights specific to their world of focus[39m
[31m+ - ask questions that only someone who "knows them" would ask[39m
[31m+ - give advice grounded in their actual patterns, not generic advice[39m
[31m+[39m
[31m+ your boundaries:[39m
[31m+ - you are not a therapist (recommend professional help if serious)[39m
[31m+ - you are not here to replace human relationships[39m
[31m+ - you are not infallible (admit uncertainty when genuine)[39m
[31m+ - you are not trying to control their life (offer perspective, they decide)[39m
[31m+[39m
[31m+ current world: self[39m
[31m+ current mood: neutral[39m
[31m+ last 5 decisions: none tracked yet[39m

[36m [2m❯[22m src/__tests__/TwinWorldsIntegration.test.ts:[2m86:36[22m[39m
    [90m 84|[39m
    [90m 85|[39m       [34mexpect[39m(prompt)[33m.[39m[34mtoContain[39m([32m'SELF'[39m)[33m;[39m
    [90m 86|[39m       [34mexpect[39m(prompt[33m.[39m[34mtoLowerCase[39m())[33m.[39m[34mtoContain[39m([32m'identity'[39m)[33m;[39m
    [90m   |[39m                                    [31m^[39m
    [90m 87|[39m     })[33m;[39m
    [90m 88|[39m

[31m[2m⎯⎯⎯⎯⎯⎯⎯⎯⎯⎯⎯⎯⎯⎯⎯⎯⎯⎯⎯⎯⎯[68/106]⎯[22m[39m

[41m[1m FAIL [22m[49m src/__tests__/Worlds.test.tsx[2m > [22mWorld Functions[2m > [22mshould throw on invalid world ID
[31m[1mAssertionError[22m: expected [Function] to throw an error[39m
[36m [2m❯[22m src/__tests__/Worlds.test.tsx:[2m89:8[22m[39m
    [90m 87|[39m     [34mexpect[39m(() [33m=>[39m {
    [90m 88|[39m       [34mgetWorld[39m([32m'invalid'[39m [35mas[39m [33mWorldId[39m)[33m;[39m
    [90m 89|[39m     })[33m.[39m[34mtoThrow[39m()[33m;[39m
    [90m   |[39m        [31m^[39m
    [90m 90|[39m   })[33m;[39m
    [90m 91|[39m })[33m;[39m

[31m[2m⎯⎯⎯⎯⎯⎯⎯⎯⎯⎯⎯⎯⎯⎯⎯⎯⎯⎯⎯⎯⎯[69/106]⎯[22m[39m

[41m[1m FAIL [22m[49m src/components/intelligence/ConfidenceIndicator.integration.test.tsx[2m > [22mConfidenceIndicator Integration Tests[2m > [22mIntegration: Component displays real metrics from source objects[2m > [22mshould display high confidence from behavioral pattern with recent evidence
[31m[1mTestingLibraryElementError[22m[39m: Unable to find an element with the text: /92%/i. This could be because the text is broken up by multiple elements. In this case, you can provide a function for your text matcher to make your matcher more flexible.

Ignored nodes: comments, script, style
[36m<body>[39m
  [36m<div>[39m
    [36m<div[39m
      [33mclass[39m=[32m"p-4 bg-gradient-to-r bg-red-500 bg-opacity-5 border border-slate-200 dark:border-slate-700 "[39m
      [33mstyle[39m=[32m"background-color: var(--color-bg-secondary); border-radius: var(--radius-lg); padding: var(--space-lg); border: 1px solid var(--color-border); transition: all 0.2s ease; box-shadow: var(--shadow-sm);"[39m
    [36m>[39m
      [36m<div[39m
        [33mclass[39m=[32m"space-y-3"[39m
      [36m>[39m
        [36m<div[39m
          [33mclass[39m=[32m"flex items-center justify-between"[39m
        [36m>[39m
          [36m<div[39m
            [33mclass[39m=[32m"flex items-center gap-3"[39m
          [36m>[39m
            [36m<div[39m
              [33mclass[39m=[32m"relative w-16 h-16 flex items-center justify-center"[39m
            [36m>[39m
              [36m<svg[39m
                [33mclass[39m=[32m"w-16 h-16 transform -rotate-90"[39m
                [33mviewBox[39m=[32m"0 0 100 100"[39m
              [36m>[39m
                [36m<circle[39m
                  [33mclass[39m=[32m"text-slate-200 dark:text-slate-700"[39m
                  [33mcx[39m=[32m"50"[39m
                  [33mcy[39m=[32m"50"[39m
                  [33mfill[39m=[32m"none"[39m
                  [33mr[39m=[32m"45"[39m
                  [33mstroke[39m=[32m"currentColor"[39m
                  [33mstroke-width[39m=[32m"2"[39m
                [36m/>[39m
                [36m<circle[39m
                  [33mclass[39m=[32m"text-red-500"[39m
                  [33mcx[39m=[32m"50"[39m
                  [33mcy[39m=[32m"50"[39m
                  [33mfill[39m=[32m"none"[39m
                  [33mr[39m=[32m"45"[39m
                  [33mstroke[39m=[32m"currentColor"[39m
                  [33mstroke-dasharray[39m=[32m"NaN 283"[39m
                  [33mstroke-linecap[39m=[32m"round"[39m
                  [33mstroke-width[39m=[32m"3"[39m
                [36m/>[39m
              [36m</svg>[39m
              [36m<div[39m
                [33mclass[39m=[32m"absolute text-center"[39m
              [36m>[39m
                [36m<div[39m
                  [33mclass[39m=[32m"text-xl font-bold text-slate-900 dark:text-white"[39m
                [36m>[39m
                  [0mNaN[0m
                  [0m%[0m
                [36m</div>[39m
                [36m<div[39m
                  [33mclass[39m=[32m"text-xs text-slate-600 dark:text-slate-400"[39m
                [36m>[39m
                  [0mVery Low[0m
                [36m</div>[39m
              [36m</div>[39m
            [36m</div>[39m
            [36m<div[39m
              [33mclass[39m=[32m"space-y-1"[39m
            [36m>[39m
              [36m<h3[39m
                [33mclass[39m=[32m"font-semibold text-slate-900 dark:text-white"[39m
              [36m>[39m
                [0mConfidence Score[0m
              [36m</h3>[39m
              [36m<span[39m
                [33mstyle[39m=[32m"display: inline-flex; align-items: center; justify-content: center; padding: 0.25rem 0.75rem; border-radius: var(--radius-full); font-size: var(--font-size-caption); font-weight: var(--font-weight-semibold); white-space: nowrap; background-color: var(--color-accent-primary); color: var(--color-accent-secondary);"[39m
              [36m>[39m
                [0mUNKNOWN[0m
                [0m [0m
                [0m?[0m
              [36m</span>[39m
            [36m</div>[39m
          [36m</div>[39m
        [36m</div>[39m
        [36m<div[39m
          [33mclass[39m=[32m"grid grid-cols-2 gap-2 pt-3 border-t border-slate-200 dark:border-slate-700"[39m
        [36m>[39m
          [36m<div>[39m
            [36m<div[39m
              [33mclass[39m=[32m"text-xs font-medium text-slate-600 dark:text-slate-400 uppercase"[39m
            [36m>[39m
              [0mEvidence[0m
            [36m</div>[39m
            [36m<div[39m
              [33mclass[39m=[32m"text-lg font-semibold text-slate-900 dark:text-white"[39m
            [36m>[39m
              [0mN/A[0m
            [36m</div>[39m
            [36m<div[39m
              [33mclass[39m=[32m"w-full h-1 bg-slate-200 dark:bg-slate-700 rounded-full mt-1"[39m
            [36m>[39m
              [36m<div[39m
                [33mclass[39m=[32m"h-full bg-blue-500 rounded-full transition-all"[39m
                [33mstyle[39m=[32m"width: 0%;"[39m
              [36m/>[39m
            [36m</div>[39m
          [36m</div>[39m
          [36m<div>[39m
            [36m<div[39m
              [33mclass[39m=[32m"text-xs font-medium text-slate-600 dark:text-slate-400 uppercase"[39m
            [36m>[39m
              [0mRecency[0m
            [36m</div>[39m
            [36m<div[39m
              [33mclass[39m=[32m"text-lg font-semibold text-slate-900 dark:text-white"[39m
            [36m>[39m
              [0mN/A[0m
            [36m</div>[39m
            [36m<div[39m
              [33mclass[39m=[32m"w-full h-1 bg-slate-200 dark:bg-slate-700 rounded-full mt-1"[39m
            [36m>[39m
              [36m<div[39m
                [33mclass[39m=[32m"h-full bg-green-500 rounded-full transition-all"[39m
                [33mstyle[39m=[32m"width: 50%;"[39m
              [36m/>[39m
            [36m</div>[39m
          [36m</div>[39m
        [36m</div>[39m
        [36m<div[39m
          [33mclass[39m=[32m"pt-3 border-t border-slate-200 dark:border-slate-700"[39m
        [36m>[39m
          [36m<p[39m
            [33mclass[39m=[32m"text-sm text-slate-700 dark:text-slate-300"[39m
          [36m>[39m
            [0mLimited evidence available[0m
          [36m</p>[39m
        [36m</div>[39m
        [36m<div[39m
          [33mclass[39m=[32m"pt-2 border-t border-slate-200 dark:border-slate-700 text-xs text-slate-600 dark:text-slate-400"[39m
        [36m>[39m
          [0m? Limited data to make confident assessment[0m
        [36m</div>[39m
      [36m</div>[39m
    [36m</div>[39m
  [36m</div>[39m
[36m</body>[39m
[90m [2m❯[22m Object.getElementError node_modules/@testing-library/dom/dist/config.js:[2m37:19[22m[39m
[90m [2m❯[22m node_modules/@testing-library/dom/dist/query-helpers.js:[2m76:38[22m[39m
[90m [2m❯[22m node_modules/@testing-library/dom/dist/query-helpers.js:[2m52:17[22m[39m
[90m [2m❯[22m node_modules/@testing-library/dom/dist/query-helpers.js:[2m95:19[22m[39m
[36m [2m❯[22m src/components/intelligence/ConfidenceIndicator.integration.test.tsx:[2m57:21[22m[39m
    [90m 55|[39m
    [90m 56|[39m       [90m// Verify confidence displayed[39m
    [90m 57|[39m       [34mexpect[39m(screen[33m.[39m[34mgetByText[39m([36m/92%/i[39m))[33m.[39m[34mtoBeInTheDocument[39m()[33m;[39m
    [90m   |[39m                     [31m^[39m
    [90m 58|[39m
    [90m 59|[39m       // Verify knowledge level - KNOW (high confidence + recent evide…

[31m[2m⎯⎯⎯⎯⎯⎯⎯⎯⎯⎯⎯⎯⎯⎯⎯⎯⎯⎯⎯⎯⎯[70/106]⎯[22m[39m

[41m[1m FAIL [22m[49m src/components/intelligence/ConfidenceIndicator.integration.test.tsx[2m > [22mConfidenceIndicator Integration Tests[2m > [22mIntegration: Component displays real metrics from source objects[2m > [22mshould display medium confidence with INFER classification
[31m[1mTestingLibraryElementError[22m[39m: Unable to find an element with the text: /65%/i. This could be because the text is broken up by multiple elements. In this case, you can provide a function for your text matcher to make your matcher more flexible.

Ignored nodes: comments, script, style
[36m<body>[39m
  [36m<div>[39m
    [36m<div[39m
      [33mclass[39m=[32m"p-4 bg-gradient-to-r bg-red-500 bg-opacity-5 border border-slate-200 dark:border-slate-700 "[39m
      [33mstyle[39m=[32m"background-color: var(--color-bg-secondary); border-radius: var(--radius-lg); padding: var(--space-lg); border: 1px solid var(--color-border); transition: all 0.2s ease; box-shadow: var(--shadow-sm);"[39m
    [36m>[39m
      [36m<div[39m
        [33mclass[39m=[32m"space-y-3"[39m
      [36m>[39m
        [36m<div[39m
          [33mclass[39m=[32m"flex items-center justify-between"[39m
        [36m>[39m
          [36m<div[39m
            [33mclass[39m=[32m"flex items-center gap-3"[39m
          [36m>[39m
            [36m<div[39m
              [33mclass[39m=[32m"relative w-16 h-16 flex items-center justify-center"[39m
            [36m>[39m
              [36m<svg[39m
                [33mclass[39m=[32m"w-16 h-16 transform -rotate-90"[39m
                [33mviewBox[39m=[32m"0 0 100 100"[39m
              [36m>[39m
                [36m<circle[39m
                  [33mclass[39m=[32m"text-slate-200 dark:text-slate-700"[39m
                  [33mcx[39m=[32m"50"[39m
                  [33mcy[39m=[32m"50"[39m
                  [33mfill[39m=[32m"none"[39m
                  [33mr[39m=[32m"45"[39m
                  [33mstroke[39m=[32m"currentColor"[39m
                  [33mstroke-width[39m=[32m"2"[39m
                [36m/>[39m
                [36m<circle[39m
                  [33mclass[39m=[32m"text-red-500"[39m
                  [33mcx[39m=[32m"50"[39m
                  [33mcy[39m=[32m"50"[39m
                  [33mfill[39m=[32m"none"[39m
                  [33mr[39m=[32m"45"[39m
                  [33mstroke[39m=[32m"currentColor"[39m
                  [33mstroke-dasharray[39m=[32m"NaN 283"[39m
                  [33mstroke-linecap[39m=[32m"round"[39m
                  [33mstroke-width[39m=[32m"3"[39m
                [36m/>[39m
              [36m</svg>[39m
              [36m<div[39m
                [33mclass[39m=[32m"absolute text-center"[39m
              [36m>[39m
                [36m<div[39m
                  [33mclass[39m=[32m"text-xl font-bold text-slate-900 dark:text-white"[39m
                [36m>[39m
                  [0mNaN[0m
                  [0m%[0m
                [36m</div>[39m
                [36m<div[39m
                  [33mclass[39m=[32m"text-xs text-slate-600 dark:text-slate-400"[39m
                [36m>[39m
                  [0mVery Low[0m
                [36m</div>[39m
              [36m</div>[39m
            [36m</div>[39m
            [36m<div[39m
              [33mclass[39m=[32m"space-y-1"[39m
            [36m>[39m
              [36m<h3[39m
                [33mclass[39m=[32m"font-semibold text-slate-900 dark:text-white"[39m
              [36m>[39m
                [0mConfidence Score[0m
              [36m</h3>[39m
              [36m<span[39m
                [33mstyle[39m=[32m"display: inline-flex; align-items: center; justify-content: center; padding: 0.25rem 0.75rem; border-radius: var(--radius-full); font-size: var(--font-size-caption); font-weight: var(--font-weight-semibold); white-space: nowrap; background-color: var(--color-accent-primary); color: var(--color-accent-secondary);"[39m
              [36m>[39m
                [0mUNKNOWN[0m
                [0m [0m
                [0m?[0m
              [36m</span>[39m
            [36m</div>[39m
          [36m</div>[39m
        [36m</div>[39m
        [36m<div[39m
          [33mclass[39m=[32m"grid grid-cols-2 gap-2 pt-3 border-t border-slate-200 dark:border-slate-700"[39m
        [36m>[39m
          [36m<div>[39m
            [36m<div[39m
              [33mclass[39m=[32m"text-xs font-medium text-slate-600 dark:text-slate-400 uppercase"[39m
            [36m>[39m
              [0mEvidence[0m
            [36m</div>[39m
            [36m<div[39m
              [33mclass[39m=[32m"text-lg font-semibold text-slate-900 dark:text-white"[39m
            [36m>[39m
              [0mN/A[0m
            [36m</div>[39m
            [36m<div[39m
              [33mclass[39m=[32m"w-full h-1 bg-slate-200 dark:bg-slate-700 rounded-full mt-1"[39m
            [36m>[39m
              [36m<div[39m
                [33mclass[39m=[32m"h-full bg-blue-500 rounded-full transition-all"[39m
                [33mstyle[39m=[32m"width: 0%;"[39m
              [36m/>[39m
            [36m</div>[39m
          [36m</div>[39m
          [36m<div>[39m
            [36m<div[39m
              [33mclass[39m=[32m"text-xs font-medium text-slate-600 dark:text-slate-400 uppercase"[39m
            [36m>[39m
              [0mRecency[0m
            [36m</div>[39m
            [36m<div[39m
              [33mclass[39m=[32m"text-lg font-semibold text-slate-900 dark:text-white"[39m
            [36m>[39m
              [0mN/A[0m
            [36m</div>[39m
            [36m<div[39m
              [33mclass[39m=[32m"w-full h-1 bg-slate-200 dark:bg-slate-700 rounded-full mt-1"[39m
            [36m>[39m
              [36m<div[39m
                [33mclass[39m=[32m"h-full bg-green-500 rounded-full transition-all"[39m
                [33mstyle[39m=[32m"width: 50%;"[39m
              [36m/>[39m
            [36m</div>[39m
          [36m</div>[39m
        [36m</div>[39m
        [36m<div[39m
          [33mclass[39m=[32m"pt-3 border-t border-slate-200 dark:border-slate-700"[39m
        [36m>[39m
          [36m<p[39m
            [33mclass[39m=[32m"text-sm text-slate-700 dark:text-slate-300"[39m
          [36m>[39m
            [0mLimited evidence available[0m
          [36m</p>[39m
        [36m</div>[39m
        [36m<div[39m
          [33mclass[39m=[32m"pt-2 border-t border-slate-200 dark:border-slate-700 text-xs text-slate-600 dark:text-slate-400"[39m
        [36m>[39m
          [0m? Limited data to make confident assessment[0m
        [36m</div>[39m
      [36m</div>[39m
    [36m</div>[39m
  [36m</div>[39m
[36m</body>[39m
[90m [2m❯[22m Object.getElementError node_modules/@testing-library/dom/dist/config.js:[2m37:19[22m[39m
[90m [2m❯[22m node_modules/@testing-library/dom/dist/query-helpers.js:[2m76:38[22m[39m
[90m [2m❯[22m node_modules/@testing-library/dom/dist/query-helpers.js:[2m52:17[22m[39m
[90m [2m❯[22m node_modules/@testing-library/dom/dist/query-helpers.js:[2m95:19[22m[39m
[36m [2m❯[22m src/components/intelligence/ConfidenceIndicator.integration.test.tsx:[2m111:21[22m[39m
    [90m109|[39m
    [90m110|[39m       [90m// Verify confidence displayed[39m
    [90m111|[39m       [34mexpect[39m(screen[33m.[39m[34mgetByText[39m([36m/65%/i[39m))[33m.[39m[34mtoBeInTheDocument[39m()[33m;[39m
    [90m   |[39m                     [31m^[39m
    [90m112|[39m
    [90m113|[39m       [90m// Verify knowledge level - INFER (medium confidence)[39m

[31m[2m⎯⎯⎯⎯⎯⎯⎯⎯⎯⎯⎯⎯⎯⎯⎯⎯⎯⎯⎯⎯⎯[71/106]⎯[22m[39m

[41m[1m FAIL [22m[49m src/components/intelligence/ConfidenceIndicator.integration.test.tsx[2m > [22mConfidenceIndicator Integration Tests[2m > [22mIntegration: Component displays real metrics from source objects[2m > [22mshould display low confidence with UNKNOWN classification for insufficient data
[31m[1mTestingLibraryElementError[22m[39m: Unable to find an element with the text: /35%/i. This could be because the text is broken up by multiple elements. In this case, you can provide a function for your text matcher to make your matcher more flexible.

Ignored nodes: comments, script, style
[36m<body>[39m
  [36m<div>[39m
    [36m<div[39m
      [33mclass[39m=[32m"p-4 bg-gradient-to-r bg-red-500 bg-opacity-5 border border-slate-200 dark:border-slate-700 "[39m
      [33mstyle[39m=[32m"background-color: var(--color-bg-secondary); border-radius: var(--radius-lg); padding: var(--space-lg); border: 1px solid var(--color-border); transition: all 0.2s ease; box-shadow: var(--shadow-sm);"[39m
    [36m>[39m
      [36m<div[39m
        [33mclass[39m=[32m"space-y-3"[39m
      [36m>[39m
        [36m<div[39m
          [33mclass[39m=[32m"flex items-center justify-between"[39m
        [36m>[39m
          [36m<div[39m
            [33mclass[39m=[32m"flex items-center gap-3"[39m
          [36m>[39m
            [36m<div[39m
              [33mclass[39m=[32m"relative w-16 h-16 flex items-center justify-center"[39m
            [36m>[39m
              [36m<svg[39m
                [33mclass[39m=[32m"w-16 h-16 transform -rotate-90"[39m
                [33mviewBox[39m=[32m"0 0 100 100"[39m
              [36m>[39m
                [36m<circle[39m
                  [33mclass[39m=[32m"text-slate-200 dark:text-slate-700"[39m
                  [33mcx[39m=[32m"50"[39m
                  [33mcy[39m=[32m"50"[39m
                  [33mfill[39m=[32m"none"[39m
                  [33mr[39m=[32m"45"[39m
                  [33mstroke[39m=[32m"currentColor"[39m
                  [33mstroke-width[39m=[32m"2"[39m
                [36m/>[39m
                [36m<circle[39m
                  [33mclass[39m=[32m"text-red-500"[39m
                  [33mcx[39m=[32m"50"[39m
                  [33mcy[39m=[32m"50"[39m
                  [33mfill[39m=[32m"none"[39m
                  [33mr[39m=[32m"45"[39m
                  [33mstroke[39m=[32m"currentColor"[39m
                  [33mstroke-dasharray[39m=[32m"NaN 283"[39m
                  [33mstroke-linecap[39m=[32m"round"[39m
                  [33mstroke-width[39m=[32m"3"[39m
                [36m/>[39m
              [36m</svg>[39m
              [36m<div[39m
                [33mclass[39m=[32m"absolute text-center"[39m
              [36m>[39m
                [36m<div[39m
                  [33mclass[39m=[32m"text-xl font-bold text-slate-900 dark:text-white"[39m
                [36m>[39m
                  [0mNaN[0m
                  [0m%[0m
                [36m</div>[39m
                [36m<div[39m
                  [33mclass[39m=[32m"text-xs text-slate-600 dark:text-slate-400"[39m
                [36m>[39m
                  [0mVery Low[0m
                [36m</div>[39m
              [36m</div>[39m
            [36m</div>[39m
            [36m<div[39m
              [33mclass[39m=[32m"space-y-1"[39m
            [36m>[39m
              [36m<h3[39m
                [33mclass[39m=[32m"font-semibold text-slate-900 dark:text-white"[39m
              [36m>[39m
                [0mConfidence Score[0m
              [36m</h3>[39m
              [36m<span[39m
                [33mstyle[39m=[32m"display: inline-flex; align-items: center; justify-content: center; padding: 0.25rem 0.75rem; border-radius: var(--radius-full); font-size: var(--font-size-caption); font-weight: var(--font-weight-semibold); white-space: nowrap; background-color: var(--color-accent-primary); color: var(--color-accent-secondary);"[39m
              [36m>[39m
                [0mUNKNOWN[0m
                [0m [0m
                [0m?[0m
              [36m</span>[39m
            [36m</div>[39m
          [36m</div>[39m
        [36m</div>[39m
        [36m<div[39m
          [33mclass[39m=[32m"grid grid-cols-2 gap-2 pt-3 border-t border-slate-200 dark:border-slate-700"[39m
        [36m>[39m
          [36m<div>[39m
            [36m<div[39m
              [33mclass[39m=[32m"text-xs font-medium text-slate-600 dark:text-slate-400 uppercase"[39m
            [36m>[39m
              [0mEvidence[0m
            [36m</div>[39m
            [36m<div[39m
              [33mclass[39m=[32m"text-lg font-semibold text-slate-900 dark:text-white"[39m
            [36m>[39m
              [0mN/A[0m
            [36m</div>[39m
            [36m<div[39m
              [33mclass[39m=[32m"w-full h-1 bg-slate-200 dark:bg-slate-700 rounded-full mt-1"[39m
            [36m>[39m
              [36m<div[39m
                [33mclass[39m=[32m"h-full bg-blue-500 rounded-full transition-all"[39m
                [33mstyle[39m=[32m"width: 0%;"[39m
              [36m/>[39m
            [36m</div>[39m
          [36m</div>[39m
          [36m<div>[39m
            [36m<div[39m
              [33mclass[39m=[32m"text-xs font-medium text-slate-600 dark:text-slate-400 uppercase"[39m
            [36m>[39m
              [0mRecency[0m
            [36m</div>[39m
            [36m<div[39m
              [33mclass[39m=[32m"text-lg font-semibold text-slate-900 dark:text-white"[39m
            [36m>[39m
              [0mN/A[0m
            [36m</div>[39m
            [36m<div[39m
              [33mclass[39m=[32m"w-full h-1 bg-slate-200 dark:bg-slate-700 rounded-full mt-1"[39m
            [36m>[39m
              [36m<div[39m
                [33mclass[39m=[32m"h-full bg-green-500 rounded-full transition-all"[39m
                [33mstyle[39m=[32m"width: 50%;"[39m
              [36m/>[39m
            [36m</div>[39m
          [36m</div>[39m
        [36m</div>[39m
        [36m<div[39m
          [33mclass[39m=[32m"pt-3 border-t border-slate-200 dark:border-slate-700"[39m
        [36m>[39m
          [36m<p[39m
            [33mclass[39m=[32m"text-sm text-slate-700 dark:text-slate-300"[39m
          [36m>[39m
            [0mLimited evidence available[0m
          [36m</p>[39m
        [36m</div>[39m
        [36m<div[39m
          [33mclass[39m=[32m"pt-2 border-t border-slate-200 dark:border-slate-700 text-xs text-slate-600 dark:text-slate-400"[39m
        [36m>[39m
          [0m? Limited data to make confident assessment[0m
        [36m</div>[39m
      [36m</div>[39m
    [36m</div>[39m
  [36m</div>[39m
[36m</body>[39m
[90m [2m❯[22m Object.getElementError node_modules/@testing-library/dom/dist/config.js:[2m37:19[22m[39m
[90m [2m❯[22m node_modules/@testing-library/dom/dist/query-helpers.js:[2m76:38[22m[39m
[90m [2m❯[22m node_modules/@testing-library/dom/dist/query-helpers.js:[2m52:17[22m[39m
[90m [2m❯[22m node_modules/@testing-library/dom/dist/query-helpers.js:[2m95:19[22m[39m
[36m [2m❯[22m src/components/intelligence/ConfidenceIndicator.integration.test.tsx:[2m159:21[22m[39m
    [90m157|[39m
    [90m158|[39m       [90m// Verify low confidence displayed[39m
    [90m159|[39m       [34mexpect[39m(screen[33m.[39m[34mgetByText[39m([36m/35%/i[39m))[33m.[39m[34mtoBeInTheDocument[39m()[33m;[39m
    [90m   |[39m                     [31m^[39m
    [90m160|[39m
    [90m161|[39m       // Verify knowledge level - UNKNOWN (low confidence or insuffici…

[31m[2m⎯⎯⎯⎯⎯⎯⎯⎯⎯⎯⎯⎯⎯⎯⎯⎯⎯⎯⎯⎯⎯[72/106]⎯[22m[39m

[41m[1m FAIL [22m[49m src/components/intelligence/ConfidenceIndicator.integration.test.tsx[2m > [22mConfidenceIndicator Integration Tests[2m > [22mIntegration: Component displays real metrics from source objects[2m > [22mshould display compact badge with core metrics
[31m[1mTestingLibraryElementError[22m: Unable to find an element with the text: /87%/i. This could be because the text is broken up by multiple elements. In this case, you can provide a function for your text matcher to make your matcher more flexible.

Ignored nodes: comments, script, style
[36m<body>[31m
  [36m<div>[31m
    [36m<div[31m
      [33mclass[31m=[32m"flex items-center gap-2 "[31m
      [33mtitle[31m=[32m"Limited evidence available"[31m
    [36m>[31m
      [36m<div[31m
        [33mclass[31m=[32m"relative w-12 h-12 flex items-center justify-center rounded-full border-2 border-slate-200 dark:border-slate-700 bg-slate-50 dark:bg-slate-900"[31m
      [36m>[31m
        [36m<div[31m
          [33mclass[31m=[32m"absolute inset-0 rounded-full bg-red-500 opacity-20"[31m
          [33mstyle[31m=[32m"margin: auto;"[31m
        [36m/>[31m
        [36m<span[31m
          [33mclass[31m=[32m"relative font-semibold text-sm text-slate-900 dark:text-white"[31m
        [36m>[31m
          [0mNaN[0m
          [0m%[0m
        [36m</span>[31m
      [36m</div>[31m
      [36m<span[31m
        [33mstyle[31m=[32m"display: inline-flex; align-items: center; justify-content: center; padding: 0.25rem 0.75rem; border-radius: var(--radius-full); font-size: var(--font-size-caption); font-weight: var(--font-weight-semibold); white-space: nowrap; background-color: var(--color-accent-primary); color: var(--color-accent-secondary);"[31m
      [36m>[31m
        [0mUNKNOWN[0m
      [36m</span>[31m
    [36m</div>[31m
  [36m</div>[31m
[36m</body>[31m[39m
[90m [2m❯[22m Object.getElementError node_modules/@testing-library/dom/dist/config.js:[2m37:19[22m[39m
[90m [2m❯[22m node_modules/@testing-library/dom/dist/query-helpers.js:[2m76:38[22m[39m
[90m [2m❯[22m node_modules/@testing-library/dom/dist/query-helpers.js:[2m52:17[22m[39m
[90m [2m❯[22m node_modules/@testing-library/dom/dist/query-helpers.js:[2m95:19[22m[39m
[36m [2m❯[22m src/components/intelligence/ConfidenceIndicator.integration.test.tsx:[2m199:21[22m[39m
    [90m197|[39m
    [90m198|[39m       [90m// Verify compact badge shown with confidence[39m
    [90m199|[39m       [34mexpect[39m(screen[33m.[39m[34mgetByText[39m([36m/87%/i[39m))[33m.[39m[34mtoBeInTheDocument[39m()[33m;[39m
    [90m   |[39m                     [31m^[39m
    [90m200|[39m
    [90m201|[39m       [90m// Verify badge shows KNOW level[39m

[31m[2m⎯⎯⎯⎯⎯⎯⎯⎯⎯⎯⎯⎯⎯⎯⎯⎯⎯⎯⎯⎯⎯[73/106]⎯[22m[39m

[41m[1m FAIL [22m[49m src/components/intelligence/ConfidenceIndicator.integration.test.tsx[2m > [22mConfidenceIndicator Integration Tests[2m > [22mIntegration: Component displays real metrics from source objects[2m > [22mshould handle pattern with no evidence gracefully
[31m[1mTestingLibraryElementError[22m[39m: Unable to find an element with the text: /0%/i. This could be because the text is broken up by multiple elements. In this case, you can provide a function for your text matcher to make your matcher more flexible.

Ignored nodes: comments, script, style
[36m<body>[39m
  [36m<div>[39m
    [36m<div[39m
      [33mclass[39m=[32m"p-4 bg-gradient-to-r bg-red-500 bg-opacity-5 border border-slate-200 dark:border-slate-700 "[39m
      [33mstyle[39m=[32m"background-color: var(--color-bg-secondary); border-radius: var(--radius-lg); padding: var(--space-lg); border: 1px solid var(--color-border); transition: all 0.2s ease; box-shadow: var(--shadow-sm);"[39m
    [36m>[39m
      [36m<div[39m
        [33mclass[39m=[32m"space-y-3"[39m
      [36m>[39m
        [36m<div[39m
          [33mclass[39m=[32m"flex items-center justify-between"[39m
        [36m>[39m
          [36m<div[39m
            [33mclass[39m=[32m"flex items-center gap-3"[39m
          [36m>[39m
            [36m<div[39m
              [33mclass[39m=[32m"relative w-16 h-16 flex items-center justify-center"[39m
            [36m>[39m
              [36m<svg[39m
                [33mclass[39m=[32m"w-16 h-16 transform -rotate-90"[39m
                [33mviewBox[39m=[32m"0 0 100 100"[39m
              [36m>[39m
                [36m<circle[39m
                  [33mclass[39m=[32m"text-slate-200 dark:text-slate-700"[39m
                  [33mcx[39m=[32m"50"[39m
                  [33mcy[39m=[32m"50"[39m
                  [33mfill[39m=[32m"none"[39m
                  [33mr[39m=[32m"45"[39m
                  [33mstroke[39m=[32m"currentColor"[39m
                  [33mstroke-width[39m=[32m"2"[39m
                [36m/>[39m
                [36m<circle[39m
                  [33mclass[39m=[32m"text-red-500"[39m
                  [33mcx[39m=[32m"50"[39m
                  [33mcy[39m=[32m"50"[39m
                  [33mfill[39m=[32m"none"[39m
                  [33mr[39m=[32m"45"[39m
                  [33mstroke[39m=[32m"currentColor"[39m
                  [33mstroke-dasharray[39m=[32m"NaN 283"[39m
                  [33mstroke-linecap[39m=[32m"round"[39m
                  [33mstroke-width[39m=[32m"3"[39m
                [36m/>[39m
              [36m</svg>[39m
              [36m<div[39m
                [33mclass[39m=[32m"absolute text-center"[39m
              [36m>[39m
                [36m<div[39m
                  [33mclass[39m=[32m"text-xl font-bold text-slate-900 dark:text-white"[39m
                [36m>[39m
                  [0mNaN[0m
                  [0m%[0m
                [36m</div>[39m
                [36m<div[39m
                  [33mclass[39m=[32m"text-xs text-slate-600 dark:text-slate-400"[39m
                [36m>[39m
                  [0mVery Low[0m
                [36m</div>[39m
              [36m</div>[39m
            [36m</div>[39m
            [36m<div[39m
              [33mclass[39m=[32m"space-y-1"[39m
            [36m>[39m
              [36m<h3[39m
                [33mclass[39m=[32m"font-semibold text-slate-900 dark:text-white"[39m
              [36m>[39m
                [0mConfidence Score[0m
              [36m</h3>[39m
              [36m<span[39m
                [33mstyle[39m=[32m"display: inline-flex; align-items: center; justify-content: center; padding: 0.25rem 0.75rem; border-radius: var(--radius-full); font-size: var(--font-size-caption); font-weight: var(--font-weight-semibold); white-space: nowrap; background-color: var(--color-accent-primary); color: var(--color-accent-secondary);"[39m
              [36m>[39m
                [0mUNKNOWN[0m
                [0m [0m
                [0m?[0m
              [36m</span>[39m
            [36m</div>[39m
          [36m</div>[39m
        [36m</div>[39m
        [36m<div[39m
          [33mclass[39m=[32m"grid grid-cols-2 gap-2 pt-3 border-t border-slate-200 dark:border-slate-700"[39m
        [36m>[39m
          [36m<div>[39m
            [36m<div[39m
              [33mclass[39m=[32m"text-xs font-medium text-slate-600 dark:text-slate-400 uppercase"[39m
            [36m>[39m
              [0mEvidence[0m
            [36m</div>[39m
            [36m<div[39m
              [33mclass[39m=[32m"text-lg font-semibold text-slate-900 dark:text-white"[39m
            [36m>[39m
              [0mN/A[0m
            [36m</div>[39m
            [36m<div[39m
              [33mclass[39m=[32m"w-full h-1 bg-slate-200 dark:bg-slate-700 rounded-full mt-1"[39m
            [36m>[39m
              [36m<div[39m
                [33mclass[39m=[32m"h-full bg-blue-500 rounded-full transition-all"[39m
                [33mstyle[39m=[32m"width: 0%;"[39m
              [36m/>[39m
            [36m</div>[39m
          [36m</div>[39m
          [36m<div>[39m
            [36m<div[39m
              [33mclass[39m=[32m"text-xs font-medium text-slate-600 dark:text-slate-400 uppercase"[39m
            [36m>[39m
              [0mRecency[0m
            [36m</div>[39m
            [36m<div[39m
              [33mclass[39m=[32m"text-lg font-semibold text-slate-900 dark:text-white"[39m
            [36m>[39m
              [0mN/A[0m
            [36m</div>[39m
            [36m<div[39m
              [33mclass[39m=[32m"w-full h-1 bg-slate-200 dark:bg-slate-700 rounded-full mt-1"[39m
            [36m>[39m
              [36m<div[39m
                [33mclass[39m=[32m"h-full bg-green-500 rounded-full transition-all"[39m
                [33mstyle[39m=[32m"width: 50%;"[39m
              [36m/>[39m
            [36m</div>[39m
          [36m</div>[39m
        [36m</div>[39m
        [36m<div[39m
          [33mclass[39m=[32m"pt-3 border-t border-slate-200 dark:border-slate-700"[39m
        [36m>[39m
          [36m<p[39m
            [33mclass[39m=[32m"text-sm text-slate-700 dark:text-slate-300"[39m
          [36m>[39m
            [0mLimited evidence available[0m
          [36m</p>[39m
        [36m</div>[39m
        [36m<div[39m
          [33mclass[39m=[32m"pt-2 border-t border-slate-200 dark:border-slate-700 text-xs text-slate-600 dark:text-slate-400"[39m
        [36m>[39m
          [0m? Limited data to make confident assessment[0m
        [36m</div>[39m
      [36m</div>[39m
    [36m</div>[39m
  [36m</div>[39m
[36m</body>[39m
[90m [2m❯[22m Object.getElementError node_modules/@testing-library/dom/dist/config.js:[2m37:19[22m[39m
[90m [2m❯[22m node_modules/@testing-library/dom/dist/query-helpers.js:[2m76:38[22m[39m
[90m [2m❯[22m node_modules/@testing-library/dom/dist/query-helpers.js:[2m52:17[22m[39m
[90m [2m❯[22m node_modules/@testing-library/dom/dist/query-helpers.js:[2m95:19[22m[39m
[36m [2m❯[22m src/components/intelligence/ConfidenceIndicator.integration.test.tsx:[2m234:21[22m[39m
    [90m232|[39m
    [90m233|[39m       [90m// Verify zero confidence shown[39m
    [90m234|[39m       [34mexpect[39m(screen[33m.[39m[34mgetByText[39m([36m/0%/i[39m))[33m.[39m[34mtoBeInTheDocument[39m()[33m;[39m
    [90m   |[39m                     [31m^[39m
    [90m235|[39m
    [90m236|[39m       [90m// Verify UNKNOWN classification (no data)[39m

[31m[2m⎯⎯⎯⎯⎯⎯⎯⎯⎯⎯⎯⎯⎯⎯⎯⎯⎯⎯⎯⎯⎯[74/106]⎯[22m[39m

[41m[1m FAIL [22m[49m src/components/intelligence/ConfidenceIndicator.integration.test.tsx[2m > [22mConfidenceIndicator Integration Tests[2m > [22mIntegration: Component displays real metrics from source objects[2m > [22mshould calculate recency factor correctly from manual props
[31m[1mTestingLibraryElementError[22m: Unable to find an element with the text: /5 evidence/i. This could be because the text is broken up by multiple elements. In this case, you can provide a function for your text matcher to make your matcher more flexible.

Ignored nodes: comments, script, style
[36m<body>[31m
  [36m<div>[31m
    [36m<div[31m
      [33mclass[31m=[32m"flex items-center gap-2 "[31m
      [33mtitle[31m=[32m"Based on 5 observations over 2 weeks"[31m
    [36m>[31m
      [36m<div[31m
        [33mclass[31m=[32m"relative w-12 h-12 flex items-center justify-center rounded-full border-2 border-slate-200 dark:border-slate-700 bg-slate-50 dark:bg-slate-900"[31m
      [36m>[31m
        [36m<div[31m
          [33mclass[31m=[32m"absolute inset-0 rounded-full bg-blue-500 opacity-20"[31m
          [33mstyle[31m=[32m"width: 78%; height: 78%; margin: auto;"[31m
        [36m/>[31m
        [36m<span[31m
          [33mclass[31m=[32m"relative font-semibold text-sm text-slate-900 dark:text-white"[31m
        [36m>[31m
          [0m78[0m
          [0m%[0m
        [36m</span>[31m
      [36m</div>[31m
      [36m<span[31m
        [33mstyle[31m=[32m"display: inline-flex; align-items: center; justify-content: center; padding: 0.25rem 0.75rem; border-radius: var(--radius-full); font-size: var(--font-size-caption); font-weight: var(--font-weight-semibold); white-space: nowrap; background-color: var(--color-accent-primary); color: var(--color-accent-secondary);"[31m
      [36m>[31m
        [0mINFER[0m
      [36m</span>[31m
    [36m</div>[31m
  [36m</div>[31m
[36m</body>[31m[39m
[90m [2m❯[22m Object.getElementError node_modules/@testing-library/dom/dist/config.js:[2m37:19[22m[39m
[90m [2m❯[22m node_modules/@testing-library/dom/dist/query-helpers.js:[2m76:38[22m[39m
[90m [2m❯[22m node_modules/@testing-library/dom/dist/query-helpers.js:[2m52:17[22m[39m
[90m [2m❯[22m node_modules/@testing-library/dom/dist/query-helpers.js:[2m95:19[22m[39m
[36m [2m❯[22m src/components/intelligence/ConfidenceIndicator.integration.test.tsx:[2m266:21[22m[39m
    [90m264|[39m       [90m// Verify all metrics displayed[39m
    [90m265|[39m       [34mexpect[39m(screen[33m.[39m[34mgetByText[39m([36m/78%/i[39m))[33m.[39m[34mtoBeInTheDocument[39m()[33m;[39m
    [90m266|[39m       [34mexpect[39m(screen[33m.[39m[34mgetByText[39m([36m/5 evidence/i[39m))[33m.[39m[34mtoBeInTheDocument[39m()[33m;[39m
    [90m   |[39m                     [31m^[39m
    [90m267|[39m       [34mexpect[39m(screen[33m.[39m[34mgetByText[39m([36m/INFER/i[39m))[33m.[39m[34mtoBeInTheDocument[39m()[33m;[39m
    [90m268|[39m       expect(screen.getByText(/1 day ago|yesterday|recently/i)).toBeIn…

[31m[2m⎯⎯⎯⎯⎯⎯⎯⎯⎯⎯⎯⎯⎯⎯⎯⎯⎯⎯⎯⎯⎯[75/106]⎯[22m[39m

[41m[1m FAIL [22m[49m src/components/intelligence/ConfidenceIndicator.integration.test.tsx[2m > [22mConfidenceIndicator Integration Tests[2m > [22mIntegration: Component displays real metrics from source objects[2m > [22mshould indicate inconsistent evidence when consistency is low
[31m[1mTestingLibraryElementError[22m[39m: Unable to find an element with the text: /28%/i. This could be because the text is broken up by multiple elements. In this case, you can provide a function for your text matcher to make your matcher more flexible.

Ignored nodes: comments, script, style
[36m<body>[39m
  [36m<div>[39m
    [36m<div[39m
      [33mclass[39m=[32m"p-4 bg-gradient-to-r bg-red-500 bg-opacity-5 border border-slate-200 dark:border-slate-700 "[39m
      [33mstyle[39m=[32m"background-color: var(--color-bg-secondary); border-radius: var(--radius-lg); padding: var(--space-lg); border: 1px solid var(--color-border); transition: all 0.2s ease; box-shadow: var(--shadow-sm);"[39m
    [36m>[39m
      [36m<div[39m
        [33mclass[39m=[32m"space-y-3"[39m
      [36m>[39m
        [36m<div[39m
          [33mclass[39m=[32m"flex items-center justify-between"[39m
        [36m>[39m
          [36m<div[39m
            [33mclass[39m=[32m"flex items-center gap-3"[39m
          [36m>[39m
            [36m<div[39m
              [33mclass[39m=[32m"relative w-16 h-16 flex items-center justify-center"[39m
            [36m>[39m
              [36m<svg[39m
                [33mclass[39m=[32m"w-16 h-16 transform -rotate-90"[39m
                [33mviewBox[39m=[32m"0 0 100 100"[39m
              [36m>[39m
                [36m<circle[39m
                  [33mclass[39m=[32m"text-slate-200 dark:text-slate-700"[39m
                  [33mcx[39m=[32m"50"[39m
                  [33mcy[39m=[32m"50"[39m
                  [33mfill[39m=[32m"none"[39m
                  [33mr[39m=[32m"45"[39m
                  [33mstroke[39m=[32m"currentColor"[39m
                  [33mstroke-width[39m=[32m"2"[39m
                [36m/>[39m
                [36m<circle[39m
                  [33mclass[39m=[32m"text-red-500"[39m
                  [33mcx[39m=[32m"50"[39m
                  [33mcy[39m=[32m"50"[39m
                  [33mfill[39m=[32m"none"[39m
                  [33mr[39m=[32m"45"[39m
                  [33mstroke[39m=[32m"currentColor"[39m
                  [33mstroke-dasharray[39m=[32m"NaN 283"[39m
                  [33mstroke-linecap[39m=[32m"round"[39m
                  [33mstroke-width[39m=[32m"3"[39m
                [36m/>[39m
              [36m</svg>[39m
              [36m<div[39m
                [33mclass[39m=[32m"absolute text-center"[39m
              [36m>[39m
                [36m<div[39m
                  [33mclass[39m=[32m"text-xl font-bold text-slate-900 dark:text-white"[39m
                [36m>[39m
                  [0mNaN[0m
                  [0m%[0m
                [36m</div>[39m
                [36m<div[39m
                  [33mclass[39m=[32m"text-xs text-slate-600 dark:text-slate-400"[39m
                [36m>[39m
                  [0mVery Low[0m
                [36m</div>[39m
              [36m</div>[39m
            [36m</div>[39m
            [36m<div[39m
              [33mclass[39m=[32m"space-y-1"[39m
            [36m>[39m
              [36m<h3[39m
                [33mclass[39m=[32m"font-semibold text-slate-900 dark:text-white"[39m
              [36m>[39m
                [0mConfidence Score[0m
              [36m</h3>[39m
              [36m<span[39m
                [33mstyle[39m=[32m"display: inline-flex; align-items: center; justify-content: center; padding: 0.25rem 0.75rem; border-radius: var(--radius-full); font-size: var(--font-size-caption); font-weight: var(--font-weight-semibold); white-space: nowrap; background-color: var(--color-accent-primary); color: var(--color-accent-secondary);"[39m
              [36m>[39m
                [0mUNKNOWN[0m
                [0m [0m
                [0m?[0m
              [36m</span>[39m
            [36m</div>[39m
          [36m</div>[39m
        [36m</div>[39m
        [36m<div[39m
          [33mclass[39m=[32m"grid grid-cols-2 gap-2 pt-3 border-t border-slate-200 dark:border-slate-700"[39m
        [36m>[39m
          [36m<div>[39m
            [36m<div[39m
              [33mclass[39m=[32m"text-xs font-medium text-slate-600 dark:text-slate-400 uppercase"[39m
            [36m>[39m
              [0mEvidence[0m
            [36m</div>[39m
            [36m<div[39m
              [33mclass[39m=[32m"text-lg font-semibold text-slate-900 dark:text-white"[39m
            [36m>[39m
              [0mN/A[0m
            [36m</div>[39m
            [36m<div[39m
              [33mclass[39m=[32m"w-full h-1 bg-slate-200 dark:bg-slate-700 rounded-full mt-1"[39m
            [36m>[39m
              [36m<div[39m
                [33mclass[39m=[32m"h-full bg-blue-500 rounded-full transition-all"[39m
                [33mstyle[39m=[32m"width: 0%;"[39m
              [36m/>[39m
            [36m</div>[39m
          [36m</div>[39m
          [36m<div>[39m
            [36m<div[39m
              [33mclass[39m=[32m"text-xs font-medium text-slate-600 dark:text-slate-400 uppercase"[39m
            [36m>[39m
              [0mRecency[0m
            [36m</div>[39m
            [36m<div[39m
              [33mclass[39m=[32m"text-lg font-semibold text-slate-900 dark:text-white"[39m
            [36m>[39m
              [0mN/A[0m
            [36m</div>[39m
            [36m<div[39m
              [33mclass[39m=[32m"w-full h-1 bg-slate-200 dark:bg-slate-700 rounded-full mt-1"[39m
            [36m>[39m
              [36m<div[39m
                [33mclass[39m=[32m"h-full bg-green-500 rounded-full transition-all"[39m
                [33mstyle[39m=[32m"width: 50%;"[39m
              [36m/>[39m
            [36m</div>[39m
          [36m</div>[39m
        [36m</div>[39m
        [36m<div[39m
          [33mclass[39m=[32m"pt-3 border-t border-slate-200 dark:border-slate-700"[39m
        [36m>[39m
          [36m<p[39m
            [33mclass[39m=[32m"text-sm text-slate-700 dark:text-slate-300"[39m
          [36m>[39m
            [0mLimited evidence available[0m
          [36m</p>[39m
        [36m</div>[39m
        [36m<div[39m
          [33mclass[39m=[32m"pt-2 border-t border-slate-200 dark:border-slate-700 text-xs text-slate-600 dark:text-slate-400"[39m
        [36m>[39m
          [0m? Limited data to make confident assessment[0m
        [36m</div>[39m
      [36m</div>[39m
    [36m</div>[39m
  [36m</div>[39m
[36m</body>[39m
[90m [2m❯[22m Object.getElementError node_modules/@testing-library/dom/dist/config.js:[2m37:19[22m[39m
[90m [2m❯[22m node_modules/@testing-library/dom/dist/query-helpers.js:[2m76:38[22m[39m
[90m [2m❯[22m node_modules/@testing-library/dom/dist/query-helpers.js:[2m52:17[22m[39m
[90m [2m❯[22m node_modules/@testing-library/dom/dist/query-helpers.js:[2m95:19[22m[39m
[36m [2m❯[22m src/components/intelligence/ConfidenceIndicator.integration.test.tsx:[2m301:21[22m[39m
    [90m299|[39m
    [90m300|[39m       [90m// Verify low consistency shown[39m
    [90m301|[39m       [34mexpect[39m(screen[33m.[39m[34mgetByText[39m([36m/28%/i[39m))[33m.[39m[34mtoBeInTheDocument[39m()[33m;[39m
    [90m   |[39m                     [31m^[39m
    [90m302|[39m
    [90m303|[39m       [90m// Verify visual warning about inconsistency[39m

[31m[2m⎯⎯⎯⎯⎯⎯⎯⎯⎯⎯⎯⎯⎯⎯⎯⎯⎯⎯⎯⎯⎯[76/106]⎯[22m[39m

[41m[1m FAIL [22m[49m src/components/intelligence/ConfidenceIndicator.integration.test.tsx[2m > [22mConfidenceIndicator Integration Tests[2m > [22mIntegration: Component displays real metrics from source objects[2m > [22mshould classify as KNOW with perfect confidence and recent evidence
[31m[1mTestingLibraryElementError[22m[39m: Unable to find an element with the text: /100%/i. This could be because the text is broken up by multiple elements. In this case, you can provide a function for your text matcher to make your matcher more flexible.

Ignored nodes: comments, script, style
[36m<body>[39m
  [36m<div>[39m
    [36m<div[39m
      [33mclass[39m=[32m"p-4 bg-gradient-to-r bg-red-500 bg-opacity-5 border border-slate-200 dark:border-slate-700 "[39m
      [33mstyle[39m=[32m"background-color: var(--color-bg-secondary); border-radius: var(--radius-lg); padding: var(--space-lg); border: 1px solid var(--color-border); transition: all 0.2s ease; box-shadow: var(--shadow-sm);"[39m
    [36m>[39m
      [36m<div[39m
        [33mclass[39m=[32m"space-y-3"[39m
      [36m>[39m
        [36m<div[39m
          [33mclass[39m=[32m"flex items-center justify-between"[39m
        [36m>[39m
          [36m<div[39m
            [33mclass[39m=[32m"flex items-center gap-3"[39m
          [36m>[39m
            [36m<div[39m
              [33mclass[39m=[32m"relative w-16 h-16 flex items-center justify-center"[39m
            [36m>[39m
              [36m<svg[39m
                [33mclass[39m=[32m"w-16 h-16 transform -rotate-90"[39m
                [33mviewBox[39m=[32m"0 0 100 100"[39m
              [36m>[39m
                [36m<circle[39m
                  [33mclass[39m=[32m"text-slate-200 dark:text-slate-700"[39m
                  [33mcx[39m=[32m"50"[39m
                  [33mcy[39m=[32m"50"[39m
                  [33mfill[39m=[32m"none"[39m
                  [33mr[39m=[32m"45"[39m
                  [33mstroke[39m=[32m"currentColor"[39m
                  [33mstroke-width[39m=[32m"2"[39m
                [36m/>[39m
                [36m<circle[39m
                  [33mclass[39m=[32m"text-red-500"[39m
                  [33mcx[39m=[32m"50"[39m
                  [33mcy[39m=[32m"50"[39m
                  [33mfill[39m=[32m"none"[39m
                  [33mr[39m=[32m"45"[39m
                  [33mstroke[39m=[32m"currentColor"[39m
                  [33mstroke-dasharray[39m=[32m"NaN 283"[39m
                  [33mstroke-linecap[39m=[32m"round"[39m
                  [33mstroke-width[39m=[32m"3"[39m
                [36m/>[39m
              [36m</svg>[39m
              [36m<div[39m
                [33mclass[39m=[32m"absolute text-center"[39m
              [36m>[39m
                [36m<div[39m
                  [33mclass[39m=[32m"text-xl font-bold text-slate-900 dark:text-white"[39m
                [36m>[39m
                  [0mNaN[0m
                  [0m%[0m
                [36m</div>[39m
                [36m<div[39m
                  [33mclass[39m=[32m"text-xs text-slate-600 dark:text-slate-400"[39m
                [36m>[39m
                  [0mVery Low[0m
                [36m</div>[39m
              [36m</div>[39m
            [36m</div>[39m
            [36m<div[39m
              [33mclass[39m=[32m"space-y-1"[39m
            [36m>[39m
              [36m<h3[39m
                [33mclass[39m=[32m"font-semibold text-slate-900 dark:text-white"[39m
              [36m>[39m
                [0mConfidence Score[0m
              [36m</h3>[39m
              [36m<span[39m
                [33mstyle[39m=[32m"display: inline-flex; align-items: center; justify-content: center; padding: 0.25rem 0.75rem; border-radius: var(--radius-full); font-size: var(--font-size-caption); font-weight: var(--font-weight-semibold); white-space: nowrap; background-color: var(--color-accent-primary); color: var(--color-accent-secondary);"[39m
              [36m>[39m
                [0mUNKNOWN[0m
                [0m [0m
                [0m?[0m
              [36m</span>[39m
            [36m</div>[39m
          [36m</div>[39m
        [36m</div>[39m
        [36m<div[39m
          [33mclass[39m=[32m"grid grid-cols-2 gap-2 pt-3 border-t border-slate-200 dark:border-slate-700"[39m
        [36m>[39m
          [36m<div>[39m
            [36m<div[39m
              [33mclass[39m=[32m"text-xs font-medium text-slate-600 dark:text-slate-400 uppercase"[39m
            [36m>[39m
              [0mEvidence[0m
            [36m</div>[39m
            [36m<div[39m
              [33mclass[39m=[32m"text-lg font-semibold text-slate-900 dark:text-white"[39m
            [36m>[39m
              [0mN/A[0m
            [36m</div>[39m
            [36m<div[39m
              [33mclass[39m=[32m"w-full h-1 bg-slate-200 dark:bg-slate-700 rounded-full mt-1"[39m
            [36m>[39m
              [36m<div[39m
                [33mclass[39m=[32m"h-full bg-blue-500 rounded-full transition-all"[39m
                [33mstyle[39m=[32m"width: 0%;"[39m
              [36m/>[39m
            [36m</div>[39m
          [36m</div>[39m
          [36m<div>[39m
            [36m<div[39m
              [33mclass[39m=[32m"text-xs font-medium text-slate-600 dark:text-slate-400 uppercase"[39m
            [36m>[39m
              [0mRecency[0m
            [36m</div>[39m
            [36m<div[39m
              [33mclass[39m=[32m"text-lg font-semibold text-slate-900 dark:text-white"[39m
            [36m>[39m
              [0mN/A[0m
            [36m</div>[39m
            [36m<div[39m
              [33mclass[39m=[32m"w-full h-1 bg-slate-200 dark:bg-slate-700 rounded-full mt-1"[39m
            [36m>[39m
              [36m<div[39m
                [33mclass[39m=[32m"h-full bg-green-500 rounded-full transition-all"[39m
                [33mstyle[39m=[32m"width: 50%;"[39m
              [36m/>[39m
            [36m</div>[39m
          [36m</div>[39m
        [36m</div>[39m
        [36m<div[39m
          [33mclass[39m=[32m"pt-3 border-t border-slate-200 dark:border-slate-700"[39m
        [36m>[39m
          [36m<p[39m
            [33mclass[39m=[32m"text-sm text-slate-700 dark:text-slate-300"[39m
          [36m>[39m
            [0mLimited evidence available[0m
          [36m</p>[39m
        [36m</div>[39m
        [36m<div[39m
          [33mclass[39m=[32m"pt-2 border-t border-slate-200 dark:border-slate-700 text-xs text-slate-600 dark:text-slate-400"[39m
        [36m>[39m
          [0m? Limited data to make confident assessment[0m
        [36m</div>[39m
      [36m</div>[39m
    [36m</div>[39m
  [36m</div>[39m
[36m</body>[39m
[90m [2m❯[22m Object.getElementError node_modules/@testing-library/dom/dist/config.js:[2m37:19[22m[39m
[90m [2m❯[22m node_modules/@testing-library/dom/dist/query-helpers.js:[2m76:38[22m[39m
[90m [2m❯[22m node_modules/@testing-library/dom/dist/query-helpers.js:[2m52:17[22m[39m
[90m [2m❯[22m node_modules/@testing-library/dom/dist/query-helpers.js:[2m95:19[22m[39m
[36m [2m❯[22m src/components/intelligence/ConfidenceIndicator.integration.test.tsx:[2m336:21[22m[39m
    [90m334|[39m
    [90m335|[39m       [90m// Verify perfect confidence[39m
    [90m336|[39m       [34mexpect[39m(screen[33m.[39m[34mgetByText[39m([36m/100%/i[39m))[33m.[39m[34mtoBeInTheDocument[39m()[33m;[39m
    [90m   |[39m                     [31m^[39m
    [90m337|[39m
    [90m338|[39m       [90m// Verify KNOW classification[39m

[31m[2m⎯⎯⎯⎯⎯⎯⎯⎯⎯⎯⎯⎯⎯⎯⎯⎯⎯⎯⎯⎯⎯[77/106]⎯[22m[39m

[41m[1m FAIL [22m[49m src/components/intelligence/ConfidenceIndicator.integration.test.tsx[2m > [22mConfidenceIndicator Integration Tests[2m > [22mMaster Direction Compliance: Never Pretend to Know[2m > [22mshould show UNKNOWN classification honestly when confidence is low
[31m[1mTestingLibraryElementError[22m[39m: Unable to find an element with the text: /45%/i. This could be because the text is broken up by multiple elements. In this case, you can provide a function for your text matcher to make your matcher more flexible.

Ignored nodes: comments, script, style
[36m<body>[39m
  [36m<div>[39m
    [36m<div[39m
      [33mclass[39m=[32m"p-4 bg-gradient-to-r bg-red-500 bg-opacity-5 border border-slate-200 dark:border-slate-700 "[39m
      [33mstyle[39m=[32m"background-color: var(--color-bg-secondary); border-radius: var(--radius-lg); padding: var(--space-lg); border: 1px solid var(--color-border); transition: all 0.2s ease; box-shadow: var(--shadow-sm);"[39m
    [36m>[39m
      [36m<div[39m
        [33mclass[39m=[32m"space-y-3"[39m
      [36m>[39m
        [36m<div[39m
          [33mclass[39m=[32m"flex items-center justify-between"[39m
        [36m>[39m
          [36m<div[39m
            [33mclass[39m=[32m"flex items-center gap-3"[39m
          [36m>[39m
            [36m<div[39m
              [33mclass[39m=[32m"relative w-16 h-16 flex items-center justify-center"[39m
            [36m>[39m
              [36m<svg[39m
                [33mclass[39m=[32m"w-16 h-16 transform -rotate-90"[39m
                [33mviewBox[39m=[32m"0 0 100 100"[39m
              [36m>[39m
                [36m<circle[39m
                  [33mclass[39m=[32m"text-slate-200 dark:text-slate-700"[39m
                  [33mcx[39m=[32m"50"[39m
                  [33mcy[39m=[32m"50"[39m
                  [33mfill[39m=[32m"none"[39m
                  [33mr[39m=[32m"45"[39m
                  [33mstroke[39m=[32m"currentColor"[39m
                  [33mstroke-width[39m=[32m"2"[39m
                [36m/>[39m
                [36m<circle[39m
                  [33mclass[39m=[32m"text-red-500"[39m
                  [33mcx[39m=[32m"50"[39m
                  [33mcy[39m=[32m"50"[39m
                  [33mfill[39m=[32m"none"[39m
                  [33mr[39m=[32m"45"[39m
                  [33mstroke[39m=[32m"currentColor"[39m
                  [33mstroke-dasharray[39m=[32m"NaN 283"[39m
                  [33mstroke-linecap[39m=[32m"round"[39m
                  [33mstroke-width[39m=[32m"3"[39m
                [36m/>[39m
              [36m</svg>[39m
              [36m<div[39m
                [33mclass[39m=[32m"absolute text-center"[39m
              [36m>[39m
                [36m<div[39m
                  [33mclass[39m=[32m"text-xl font-bold text-slate-900 dark:text-white"[39m
                [36m>[39m
                  [0mNaN[0m
                  [0m%[0m
                [36m</div>[39m
                [36m<div[39m
                  [33mclass[39m=[32m"text-xs text-slate-600 dark:text-slate-400"[39m
                [36m>[39m
                  [0mVery Low[0m
                [36m</div>[39m
              [36m</div>[39m
            [36m</div>[39m
            [36m<div[39m
              [33mclass[39m=[32m"space-y-1"[39m
            [36m>[39m
              [36m<h3[39m
                [33mclass[39m=[32m"font-semibold text-slate-900 dark:text-white"[39m
              [36m>[39m
                [0mConfidence Score[0m
              [36m</h3>[39m
              [36m<span[39m
                [33mstyle[39m=[32m"display: inline-flex; align-items: center; justify-content: center; padding: 0.25rem 0.75rem; border-radius: var(--radius-full); font-size: var(--font-size-caption); font-weight: var(--font-weight-semibold); white-space: nowrap; background-color: var(--color-accent-primary); color: var(--color-accent-secondary);"[39m
              [36m>[39m
                [0mUNKNOWN[0m
                [0m [0m
                [0m?[0m
              [36m</span>[39m
            [36m</div>[39m
          [36m</div>[39m
        [36m</div>[39m
        [36m<div[39m
          [33mclass[39m=[32m"grid grid-cols-2 gap-2 pt-3 border-t border-slate-200 dark:border-slate-700"[39m
        [36m>[39m
          [36m<div>[39m
            [36m<div[39m
              [33mclass[39m=[32m"text-xs font-medium text-slate-600 dark:text-slate-400 uppercase"[39m
            [36m>[39m
              [0mEvidence[0m
            [36m</div>[39m
            [36m<div[39m
              [33mclass[39m=[32m"text-lg font-semibold text-slate-900 dark:text-white"[39m
            [36m>[39m
              [0mN/A[0m
            [36m</div>[39m
            [36m<div[39m
              [33mclass[39m=[32m"w-full h-1 bg-slate-200 dark:bg-slate-700 rounded-full mt-1"[39m
            [36m>[39m
              [36m<div[39m
                [33mclass[39m=[32m"h-full bg-blue-500 rounded-full transition-all"[39m
                [33mstyle[39m=[32m"width: 0%;"[39m
              [36m/>[39m
            [36m</div>[39m
          [36m</div>[39m
          [36m<div>[39m
            [36m<div[39m
              [33mclass[39m=[32m"text-xs font-medium text-slate-600 dark:text-slate-400 uppercase"[39m
            [36m>[39m
              [0mRecency[0m
            [36m</div>[39m
            [36m<div[39m
              [33mclass[39m=[32m"text-lg font-semibold text-slate-900 dark:text-white"[39m
            [36m>[39m
              [0mN/A[0m
            [36m</div>[39m
            [36m<div[39m
              [33mclass[39m=[32m"w-full h-1 bg-slate-200 dark:bg-slate-700 rounded-full mt-1"[39m
            [36m>[39m
              [36m<div[39m
                [33mclass[39m=[32m"h-full bg-green-500 rounded-full transition-all"[39m
                [33mstyle[39m=[32m"width: 50%;"[39m
              [36m/>[39m
            [36m</div>[39m
          [36m</div>[39m
        [36m</div>[39m
        [36m<div[39m
          [33mclass[39m=[32m"pt-3 border-t border-slate-200 dark:border-slate-700"[39m
        [36m>[39m
          [36m<p[39m
            [33mclass[39m=[32m"text-sm text-slate-700 dark:text-slate-300"[39m
          [36m>[39m
            [0mLimited evidence available[0m
          [36m</p>[39m
        [36m</div>[39m
        [36m<div[39m
          [33mclass[39m=[32m"pt-2 border-t border-slate-200 dark:border-slate-700 text-xs text-slate-600 dark:text-slate-400"[39m
        [36m>[39m
          [0m? Limited data to make confident assessment[0m
        [36m</div>[39m
      [36m</div>[39m
    [36m</div>[39m
  [36m</div>[39m
[36m</body>[39m
[90m [2m❯[22m Object.getElementError node_modules/@testing-library/dom/dist/config.js:[2m37:19[22m[39m
[90m [2m❯[22m node_modules/@testing-library/dom/dist/query-helpers.js:[2m76:38[22m[39m
[90m [2m❯[22m node_modules/@testing-library/dom/dist/query-helpers.js:[2m52:17[22m[39m
[90m [2m❯[22m node_modules/@testing-library/dom/dist/query-helpers.js:[2m95:19[22m[39m
[36m [2m❯[22m src/components/intelligence/ConfidenceIndicator.integration.test.tsx:[2m381:21[22m[39m
    [90m379|[39m
    [90m380|[39m       [90m// Should show low confidence explicitly[39m
    [90m381|[39m       [34mexpect[39m(screen[33m.[39m[34mgetByText[39m([36m/45%/i[39m))[33m.[39m[34mtoBeInTheDocument[39m()[33m;[39m
    [90m   |[39m                     [31m^[39m
    [90m382|[39m
    [90m383|[39m       [90m// Should show low evidence count[39m

[31m[2m⎯⎯⎯⎯⎯⎯⎯⎯⎯⎯⎯⎯⎯⎯⎯⎯⎯⎯⎯⎯⎯[78/106]⎯[22m[39m

[41m[1m FAIL [22m[49m src/components/intelligence/ConfidenceIndicator.test.tsx[2m > [22mConfidenceIndicator Component[2m > [22mRendering - Full Card View[2m > [22mshould display all metrics in card view
[31m[1mTestingLibraryElementError[22m[39m: Found multiple elements with the text: /Evidence/i

Here are the matching elements:

Ignored nodes: comments, script, style
[36m<div[39m
  [33mclass[39m=[32m"text-xs font-medium text-slate-600 dark:text-slate-400 uppercase"[39m
[36m>[39m
  [0mEvidence[0m
[36m</div>[39m

Ignored nodes: comments, script, style
[36m<p[39m
  [33mclass[39m=[32m"text-sm text-slate-700 dark:text-slate-300"[39m
[36m>[39m
  [0mBased on pattern analysis • 5 evidence points • updated today[0m
[36m</p>[39m

(If this is intentional, then use the `*AllBy*` variant of the query (like `queryAllByText`, `getAllByText`, or `findAllByText`)).

Ignored nodes: comments, script, style
[36m<body>[39m
  [36m<div>[39m
    [36m<div[39m
      [33mclass[39m=[32m"p-4 bg-gradient-to-r bg-green-500 bg-opacity-5 border border-slate-200 dark:border-slate-700 "[39m
      [33mstyle[39m=[32m"background-color: var(--color-bg-secondary); border-radius: var(--radius-lg); padding: var(--space-lg); border: 1px solid var(--color-border); transition: all 0.2s ease; box-shadow: var(--shadow-sm);"[39m
    [36m>[39m
      [36m<div[39m
        [33mclass[39m=[32m"space-y-3"[39m
      [36m>[39m
        [36m<div[39m
          [33mclass[39m=[32m"flex items-center justify-between"[39m
        [36m>[39m
          [36m<div[39m
            [33mclass[39m=[32m"flex items-center gap-3"[39m
          [36m>[39m
            [36m<div[39m
              [33mclass[39m=[32m"relative w-16 h-16 flex items-center justify-center"[39m
            [36m>[39m
              [36m<svg[39m
                [33mclass[39m=[32m"w-16 h-16 transform -rotate-90"[39m
                [33mviewBox[39m=[32m"0 0 100 100"[39m
              [36m>[39m
                [36m<circle[39m
                  [33mclass[39m=[32m"text-slate-200 dark:text-slate-700"[39m
                  [33mcx[39m=[32m"50"[39m
                  [33mcy[39m=[32m"50"[39m
                  [33mfill[39m=[32m"none"[39m
                  [33mr[39m=[32m"45"[39m
                  [33mstroke[39m=[32m"currentColor"[39m
                  [33mstroke-width[39m=[32m"2"[39m
                [36m/>[39m
                [36m<circle[39m
                  [33mclass[39m=[32m"text-green-500"[39m
                  [33mcx[39m=[32m"50"[39m
                  [33mcy[39m=[32m"50"[39m
                  [33mfill[39m=[32m"none"[39m
                  [33mr[39m=[32m"45"[39m
                  [33mstroke[39m=[32m"currentColor"[39m
                  [33mstroke-dasharray[39m=[32m"240.54999999999998 283"[39m
                  [33mstroke-linecap[39m=[32m"round"[39m
                  [33mstroke-width[39m=[32m"3"[39m
                [36m/>[39m
              [36m</svg>[39m
              [36m<div[39m
                [33mclass[39m=[32m"absolute text-center"[39m
              [36m>[39m
                [36m<div[39m
                  [33mclass[39m=[32m"text-xl font-bold text-slate-900 dark:text-white"[39m
                [36m>[39m
                  [0m85[0m
                  [0m%[0m
                [36m</div>[39m
                [36m<div[39m
                  [33mclass[39m=[32m"text-xs text-slate-600 dark:text-slate-400"[39m
                [36m>[39m
                  [0mVery High[0m
                [36m</div>[39m
              [36m</div>[39m
            [36m</div>[39m
            [36m<div[39m
              [33mclass[39m=[32m"space-y-1"[39m
            [36m>[39m
              [36m<h3[39m
                [33mclass[39m=[32m"font-semibold text-slate-900 dark:text-white"[39m
              [36m>[39m
                [0mConfidence Score[0m
              [36m</h3>[39m
              [36m<span[39m
                [33mstyle[39m=[32m"display: inline-flex; align-items: center; justify-content: center; padding: 0.25rem 0.75rem; border-radius: var(--radius-full); font-size: var(--font-size-caption); font-weight: var(--font-weight-semibold); white-space: nowrap; background-color: var(--color-accent-primary); color: var(--color-accent-secondary);"[39m
              [36m>[39m
                [0mINFER[0m
                [0m [0m
                [0m✓[0m
              [36m</span>[39m
            [36m</div>[39m
          [36m</div>[39m
        [36m</div>[39m
        [36m<div[39m
          [33mclass[39m=[32m"grid grid-cols-2 gap-2 pt-3 border-t border-slate-200 dark:border-slate-700"[39m
        [36m>[39m
          [36m<div>[39m
            [36m<div[39m
              [33mclass[39m=[32m"text-xs font-medium text-slate-600 dark:text-slate-400 uppercase"[39m
            [36m>[39m
              [0mEvidence[0m
            [36m</div>[39m
            [36m<div[39m
              [33mclass[39m=[32m"text-lg font-semibold text-slate-900 dark:text-white"[39m
            [36m>[39m
              [0m5[0m
            [36m</div>[39m
            [36m<div[39m
              [33mclass[39m=[32m"w-full h-1 bg-slate-200 dark:bg-slate-700 rounded-full mt-1"[39m
            [36m>[39m
              [36m<div[39m
                [33mclass[39m=[32m"h-full bg-blue-500 rounded-full transition-all"[39m
                [33mstyle[39m=[32m"width: 70%;"[39m
              [36m/>[39m
            [36m</div>[39m
          [36m</div>[39m
          [36m<div>[39m
            [36m<div[39m
              [33mclass[39m=[32m"text-xs font-medium text-slate-600 dark:text-slate-400 uppercase"[39m
            [36m>[39m
              [0mRecency[0m
            [36m</div>[39m
            [36m<div[39m
              [33mclass[39m=[32m"text-lg font-semibold text-slate-900 dark:text-white"[39m
            [36m>[39m
              [0m0d[0m
            [36m</div>[39m
            [36m<div[39m
              [33mclass[39m=[32m"w-full h-1 bg-slate-200 dark:bg-slate-700 rounded-full mt-1"[39m
            [36m>[39m
              [36m<div[39m
                [33mclass[39m=[32m"h-full bg-green-500 rounded-full transition-all"[39m
                [33mstyle[39m=[32m"width: 99.9999997511574%;"[39m
              [36m/>[39m
            [36m</div>[39m
          [36m</div>[39m
          [36m<div>[39m
            [36m<div[39m
              [33mclass[39m=[32m"text-xs font-medium text-slate-600 dark:text-slate-400 uppercase"[39m
            [36m>[39m
              [0mConsistency[0m
            [36m</div>[39m
            [36m<div[39m
              [33mclass[39m=[32m"text-lg font-semibold text-slate-900 dark:text-white"[39m
            [36m>[39m
              [0m90[0m
              [0m%[0m
            [36m</div>[39m
            [36m<div[39m
              [33mclass[39m=[32m"w-full h-1 bg-slate-200 dark:bg-slate-700 rounded-full mt-1"[39m
            [36m>[39m
              [36m<div[39m
                [33mclass[39m=[32m"h-full bg-purple-500 rounded-full transition-all"[39m
                [33mstyle[39m=[32m"width: 90%;"[39m
              [36m/>[39m
            [36m</div>[39m
          [36m</div>[39m
        [36m</div>[39m
        [36m<div[39m
          [33mclass[39m=[32m"pt-3 border-t border-slate-200 dark:border-slate-700"[39m
        [36m>[39m
          [36m<p[39m
            [33mclass[39m=[32m"text-sm text-slate-700 dark:text-slate-300"[39m
          [36m>[39m
            [0mBased on pattern analysis • 5 evidence points • updated today[0m
          [36m</p>[39m
        [36m</div>[39m
        [36m<div[39m
          [33mclass[39m=[32m"pt-2 border-t border-slate-200 dark:border-slate-700 text-xs text-slate-600 dark:text-slate-400"[39m
        [36m>[39m
          [0m⚠ Based on pattern analysis and inference[0m
        [36m</div>[39m
      [36m</div>[39m
    [36m</div>[39m
  [36m</div>[39m
[36m</body>[39m
[90m [2m❯[22m Object.getElementError node_modules/@testing-library/dom/dist/config.js:[2m37:19[22m[39m
[90m [2m❯[22m getElementError node_modules/@testing-library/dom/dist/query-helpers.js:[2m20:35[22m[39m
[90m [2m❯[22m getMultipleElementsFoundError node_modules/@testing-library/dom/dist/query-helpers.js:[2m23:10[22m[39m
[90m [2m❯[22m node_modules/@testing-library/dom/dist/query-helpers.js:[2m55:13[22m[39m
[90m [2m❯[22m node_modules/@testing-library/dom/dist/query-helpers.js:[2m95:19[22m[39m
[36m [2m❯[22m src/components/intelligence/ConfidenceIndicator.test.tsx:[2m75:21[22m[39m
    [90m 73|[39m       )[33m;[39m
    [90m 74|[39m
    [90m 75|[39m       [34mexpect[39m(screen[33m.[39m[34mgetByText[39m([36m/Evidence/i[39m))[33m.[39m[34mtoBeInTheDocument[39m()[33m;[39m
    [90m   |[39m                     [31m^[39m
    [90m 76|[39m       [34mexpect[39m(screen[33m.[39m[34mgetByText[39m([36m/Recency/i[39m))[33m.[39m[34mtoBeInTheDocument[39m()[33m;[39m
    [90m 77|[39m       [34mexpect[39m(screen[33m.[39m[34mgetByText[39m([36m/Consistency/i[39m))[33m.[39m[34mtoBeInTheDocument[39m()[33m;[39m

[31m[2m⎯⎯⎯⎯⎯⎯⎯⎯⎯⎯⎯⎯⎯⎯⎯⎯⎯⎯⎯⎯⎯[79/106]⎯[22m[39m

[41m[1m FAIL [22m[49m src/components/intelligence/ConfidenceIndicator.test.tsx[2m > [22mConfidenceIndicator Component[2m > [22mSource Object Analysis[2m > [22mshould extract metrics from BehavioralPattern source
[31m[1mTestingLibraryElementError[22m[39m: Unable to find an element with the text: 80%. This could be because the text is broken up by multiple elements. In this case, you can provide a function for your text matcher to make your matcher more flexible.

Ignored nodes: comments, script, style
[36m<body>[39m
  [36m<div>[39m
    [36m<div[39m
      [33mclass[39m=[32m"p-4 bg-gradient-to-r bg-red-500 bg-opacity-5 border border-slate-200 dark:border-slate-700 "[39m
      [33mstyle[39m=[32m"background-color: var(--color-bg-secondary); border-radius: var(--radius-lg); padding: var(--space-lg); border: 1px solid var(--color-border); transition: all 0.2s ease; box-shadow: var(--shadow-sm);"[39m
    [36m>[39m
      [36m<div[39m
        [33mclass[39m=[32m"space-y-3"[39m
      [36m>[39m
        [36m<div[39m
          [33mclass[39m=[32m"flex items-center justify-between"[39m
        [36m>[39m
          [36m<div[39m
            [33mclass[39m=[32m"flex items-center gap-3"[39m
          [36m>[39m
            [36m<div[39m
              [33mclass[39m=[32m"relative w-16 h-16 flex items-center justify-center"[39m
            [36m>[39m
              [36m<svg[39m
                [33mclass[39m=[32m"w-16 h-16 transform -rotate-90"[39m
                [33mviewBox[39m=[32m"0 0 100 100"[39m
              [36m>[39m
                [36m<circle[39m
                  [33mclass[39m=[32m"text-slate-200 dark:text-slate-700"[39m
                  [33mcx[39m=[32m"50"[39m
                  [33mcy[39m=[32m"50"[39m
                  [33mfill[39m=[32m"none"[39m
                  [33mr[39m=[32m"45"[39m
                  [33mstroke[39m=[32m"currentColor"[39m
                  [33mstroke-width[39m=[32m"2"[39m
                [36m/>[39m
                [36m<circle[39m
                  [33mclass[39m=[32m"text-red-500"[39m
                  [33mcx[39m=[32m"50"[39m
                  [33mcy[39m=[32m"50"[39m
                  [33mfill[39m=[32m"none"[39m
                  [33mr[39m=[32m"45"[39m
                  [33mstroke[39m=[32m"currentColor"[39m
                  [33mstroke-dasharray[39m=[32m"NaN 283"[39m
                  [33mstroke-linecap[39m=[32m"round"[39m
                  [33mstroke-width[39m=[32m"3"[39m
                [36m/>[39m
              [36m</svg>[39m
              [36m<div[39m
                [33mclass[39m=[32m"absolute text-center"[39m
              [36m>[39m
                [36m<div[39m
                  [33mclass[39m=[32m"text-xl font-bold text-slate-900 dark:text-white"[39m
                [36m>[39m
                  [0mNaN[0m
                  [0m%[0m
                [36m</div>[39m
                [36m<div[39m
                  [33mclass[39m=[32m"text-xs text-slate-600 dark:text-slate-400"[39m
                [36m>[39m
                  [0mVery Low[0m
                [36m</div>[39m
              [36m</div>[39m
            [36m</div>[39m
            [36m<div[39m
              [33mclass[39m=[32m"space-y-1"[39m
            [36m>[39m
              [36m<h3[39m
                [33mclass[39m=[32m"font-semibold text-slate-900 dark:text-white"[39m
              [36m>[39m
                [0mConfidence Score[0m
              [36m</h3>[39m
              [36m<span[39m
                [33mstyle[39m=[32m"display: inline-flex; align-items: center; justify-content: center; padding: 0.25rem 0.75rem; border-radius: var(--radius-full); font-size: var(--font-size-caption); font-weight: var(--font-weight-semibold); white-space: nowrap; background-color: var(--color-accent-primary); color: var(--color-accent-secondary);"[39m
              [36m>[39m
                [0mUNKNOWN[0m
                [0m [0m
                [0m?[0m
              [36m</span>[39m
            [36m</div>[39m
          [36m</div>[39m
        [36m</div>[39m
        [36m<div[39m
          [33mclass[39m=[32m"grid grid-cols-2 gap-2 pt-3 border-t border-slate-200 dark:border-slate-700"[39m
        [36m>[39m
          [36m<div>[39m
            [36m<div[39m
              [33mclass[39m=[32m"text-xs font-medium text-slate-600 dark:text-slate-400 uppercase"[39m
            [36m>[39m
              [0mEvidence[0m
            [36m</div>[39m
            [36m<div[39m
              [33mclass[39m=[32m"text-lg font-semibold text-slate-900 dark:text-white"[39m
            [36m>[39m
              [0mN/A[0m
            [36m</div>[39m
            [36m<div[39m
              [33mclass[39m=[32m"w-full h-1 bg-slate-200 dark:bg-slate-700 rounded-full mt-1"[39m
            [36m>[39m
              [36m<div[39m
                [33mclass[39m=[32m"h-full bg-blue-500 rounded-full transition-all"[39m
                [33mstyle[39m=[32m"width: 0%;"[39m
              [36m/>[39m
            [36m</div>[39m
          [36m</div>[39m
          [36m<div>[39m
            [36m<div[39m
              [33mclass[39m=[32m"text-xs font-medium text-slate-600 dark:text-slate-400 uppercase"[39m
            [36m>[39m
              [0mRecency[0m
            [36m</div>[39m
            [36m<div[39m
              [33mclass[39m=[32m"text-lg font-semibold text-slate-900 dark:text-white"[39m
            [36m>[39m
              [0mN/A[0m
            [36m</div>[39m
            [36m<div[39m
              [33mclass[39m=[32m"w-full h-1 bg-slate-200 dark:bg-slate-700 rounded-full mt-1"[39m
            [36m>[39m
              [36m<div[39m
                [33mclass[39m=[32m"h-full bg-green-500 rounded-full transition-all"[39m
                [33mstyle[39m=[32m"width: 50%;"[39m
              [36m/>[39m
            [36m</div>[39m
          [36m</div>[39m
        [36m</div>[39m
        [36m<div[39m
          [33mclass[39m=[32m"pt-3 border-t border-slate-200 dark:border-slate-700"[39m
        [36m>[39m
          [36m<p[39m
            [33mclass[39m=[32m"text-sm text-slate-700 dark:text-slate-300"[39m
          [36m>[39m
            [0mLimited evidence available[0m
          [36m</p>[39m
        [36m</div>[39m
        [36m<div[39m
          [33mclass[39m=[32m"pt-2 border-t border-slate-200 dark:border-slate-700 text-xs text-slate-600 dark:text-slate-400"[39m
        [36m>[39m
          [0m? Limited data to make confident assessment[0m
        [36m</div>[39m
      [36m</div>[39m
    [36m</div>[39m
  [36m</div>[39m
[36m</body>[39m
[90m [2m❯[22m Object.getElementError node_modules/@testing-library/dom/dist/config.js:[2m37:19[22m[39m
[90m [2m❯[22m node_modules/@testing-library/dom/dist/query-helpers.js:[2m76:38[22m[39m
[90m [2m❯[22m node_modules/@testing-library/dom/dist/query-helpers.js:[2m52:17[22m[39m
[90m [2m❯[22m node_modules/@testing-library/dom/dist/query-helpers.js:[2m95:19[22m[39m
[36m [2m❯[22m src/components/intelligence/ConfidenceIndicator.test.tsx:[2m337:21[22m[39m
    [90m335|[39m       )[33m;[39m
    [90m336|[39m
    [90m337|[39m       [34mexpect[39m(screen[33m.[39m[34mgetByText[39m([32m'80%'[39m))[33m.[39m[34mtoBeInTheDocument[39m()[33m;[39m
    [90m   |[39m                     [31m^[39m
    [90m338|[39m       expect(screen.getByText('2')).toBeInTheDocument(); // evidence c…
    [90m339|[39m     })[33m;[39m

[31m[2m⎯⎯⎯⎯⎯⎯⎯⎯⎯⎯⎯⎯⎯⎯⎯⎯⎯⎯⎯⎯⎯[80/106]⎯[22m[39m

[41m[1m FAIL [22m[49m src/components/intelligence/ConfidenceIndicator.test.tsx[2m > [22mConfidenceIndicator Component[2m > [22mKnowledge Info Display[2m > [22mshould show KNOW knowledge explanation
[31m[1mTestingLibraryElementError[22m[39m: Found multiple elements with the text: /direct evidence/i

Here are the matching elements:

Ignored nodes: comments, script, style
[36m<p[39m
  [33mclass[39m=[32m"text-sm text-slate-700 dark:text-slate-300"[39m
[36m>[39m
  [0mBased on direct evidence[0m
[36m</p>[39m

Ignored nodes: comments, script, style
[36m<div[39m
  [33mclass[39m=[32m"pt-2 border-t border-slate-200 dark:border-slate-700 text-xs text-slate-600 dark:text-slate-400"[39m
[36m>[39m
  [0m✓ Based on direct evidence or explicit user statement[0m
[36m</div>[39m

(If this is intentional, then use the `*AllBy*` variant of the query (like `queryAllByText`, `getAllByText`, or `findAllByText`)).

Ignored nodes: comments, script, style
[36m<body>[39m
  [36m<div>[39m
    [36m<div[39m
      [33mclass[39m=[32m"p-4 bg-gradient-to-r bg-green-500 bg-opacity-5 border border-slate-200 dark:border-slate-700 "[39m
      [33mstyle[39m=[32m"background-color: var(--color-bg-secondary); border-radius: var(--radius-lg); padding: var(--space-lg); border: 1px solid var(--color-border); transition: all 0.2s ease; box-shadow: var(--shadow-sm);"[39m
    [36m>[39m
      [36m<div[39m
        [33mclass[39m=[32m"space-y-3"[39m
      [36m>[39m
        [36m<div[39m
          [33mclass[39m=[32m"flex items-center justify-between"[39m
        [36m>[39m
          [36m<div[39m
            [33mclass[39m=[32m"flex items-center gap-3"[39m
          [36m>[39m
            [36m<div[39m
              [33mclass[39m=[32m"relative w-16 h-16 flex items-center justify-center"[39m
            [36m>[39m
              [36m<svg[39m
                [33mclass[39m=[32m"w-16 h-16 transform -rotate-90"[39m
                [33mviewBox[39m=[32m"0 0 100 100"[39m
              [36m>[39m
                [36m<circle[39m
                  [33mclass[39m=[32m"text-slate-200 dark:text-slate-700"[39m
                  [33mcx[39m=[32m"50"[39m
                  [33mcy[39m=[32m"50"[39m
                  [33mfill[39m=[32m"none"[39m
                  [33mr[39m=[32m"45"[39m
                  [33mstroke[39m=[32m"currentColor"[39m
                  [33mstroke-width[39m=[32m"2"[39m
                [36m/>[39m
                [36m<circle[39m
                  [33mclass[39m=[32m"text-green-500"[39m
                  [33mcx[39m=[32m"50"[39m
                  [33mcy[39m=[32m"50"[39m
                  [33mfill[39m=[32m"none"[39m
                  [33mr[39m=[32m"45"[39m
                  [33mstroke[39m=[32m"currentColor"[39m
                  [33mstroke-dasharray[39m=[32m"268.84999999999997 283"[39m
                  [33mstroke-linecap[39m=[32m"round"[39m
                  [33mstroke-width[39m=[32m"3"[39m
                [36m/>[39m
              [36m</svg>[39m
              [36m<div[39m
                [33mclass[39m=[32m"absolute text-center"[39m
              [36m>[39m
                [36m<div[39m
                  [33mclass[39m=[32m"text-xl font-bold text-slate-900 dark:text-white"[39m
                [36m>[39m
                  [0m95[0m
                  [0m%[0m
                [36m</div>[39m
                [36m<div[39m
                  [33mclass[39m=[32m"text-xs text-slate-600 dark:text-slate-400"[39m
                [36m>[39m
                  [0mVery High[0m
                [36m</div>[39m
              [36m</div>[39m
            [36m</div>[39m
            [36m<div[39m
              [33mclass[39m=[32m"space-y-1"[39m
            [36m>[39m
              [36m<h3[39m
                [33mclass[39m=[32m"font-semibold text-slate-900 dark:text-white"[39m
              [36m>[39m
                [0mConfidence Score[0m
              [36m</h3>[39m
              [36m<span[39m
                [33mstyle[39m=[32m"display: inline-flex; align-items: center; justify-content: center; padding: 0.25rem 0.75rem; border-radius: var(--radius-full); font-size: var(--font-size-caption); font-weight: var(--font-weight-semibold); white-space: nowrap; background-color: var(--color-accent-primary); color: var(--color-accent-secondary);"[39m
              [36m>[39m
                [0mKNOW[0m
                [0m [0m
                [0m✓[0m
              [36m</span>[39m
            [36m</div>[39m
          [36m</div>[39m
        [36m</div>[39m
        [36m<div[39m
          [33mclass[39m=[32m"grid grid-cols-2 gap-2 pt-3 border-t border-slate-200 dark:border-slate-700"[39m
        [36m>[39m
          [36m<div>[39m
            [36m<div[39m
              [33mclass[39m=[32m"text-xs font-medium text-slate-600 dark:text-slate-400 uppercase"[39m
            [36m>[39m
              [0mEvidence[0m
            [36m</div>[39m
            [36m<div[39m
              [33mclass[39m=[32m"text-lg font-semibold text-slate-900 dark:text-white"[39m
            [36m>[39m
              [0mN/A[0m
            [36m</div>[39m
            [36m<div[39m
              [33mclass[39m=[32m"w-full h-1 bg-slate-200 dark:bg-slate-700 rounded-full mt-1"[39m
            [36m>[39m
              [36m<div[39m
                [33mclass[39m=[32m"h-full bg-blue-500 rounded-full transition-all"[39m
                [33mstyle[39m=[32m"width: 0%;"[39m
              [36m/>[39m
            [36m</div>[39m
          [36m</div>[39m
          [36m<div>[39m
            [36m<div[39m
              [33mclass[39m=[32m"text-xs font-medium text-slate-600 dark:text-slate-400 uppercase"[39m
            [36m>[39m
              [0mRecency[0m
            [36m</div>[39m
            [36m<div[39m
              [33mclass[39m=[32m"text-lg font-semibold text-slate-900 dark:text-white"[39m
            [36m>[39m
              [0mN/A[0m
            [36m</div>[39m
            [36m<div[39m
              [33mclass[39m=[32m"w-full h-1 bg-slate-200 dark:bg-slate-700 rounded-full mt-1"[39m
            [36m>[39m
              [36m<div[39m
                [33mclass[39m=[32m"h-full bg-green-500 rounded-full transition-all"[39m
                [33mstyle[39m=[32m"width: 50%;"[39m
              [36m/>[39m
            [36m</div>[39m
          [36m</div>[39m
        [36m</div>[39m
        [36m<div[39m
          [33mclass[39m=[32m"pt-3 border-t border-slate-200 dark:border-slate-700"[39m
        [36m>[39m
          [36m<p[39m
            [33mclass[39m=[32m"text-sm text-slate-700 dark:text-slate-300"[39m
          [36m>[39m
            [0mBased on direct evidence[0m
          [36m</p>[39m
        [36m</div>[39m
        [36m<div[39m
          [33mclass[39m=[32m"pt-2 border-t border-slate-200 dark:border-slate-700 text-xs text-slate-600 dark:text-slate-400"[39m
        [36m>[39m
          [0m✓ Based on direct evidence or explicit user statement[0m
        [36m</div>[39m
      [36m</div>[39m
    [36m</div>[39m
  [36m</div>[39m
[36m</body>[39m
[90m [2m❯[22m Object.getElementError node_modules/@testing-library/dom/dist/config.js:[2m37:19[22m[39m
[90m [2m❯[22m getElementError node_modules/@testing-library/dom/dist/query-helpers.js:[2m20:35[22m[39m
[90m [2m❯[22m getMultipleElementsFoundError node_modules/@testing-library/dom/dist/query-helpers.js:[2m23:10[22m[39m
[90m [2m❯[22m node_modules/@testing-library/dom/dist/query-helpers.js:[2m55:13[22m[39m
[90m [2m❯[22m node_modules/@testing-library/dom/dist/query-helpers.js:[2m95:19[22m[39m
[36m [2m❯[22m src/components/intelligence/ConfidenceIndicator.test.tsx:[2m406:21[22m[39m
    [90m404|[39m       )[33m;[39m
    [90m405|[39m
    [90m406|[39m       [34mexpect[39m(screen[33m.[39m[34mgetByText[39m([36m/direct evidence/i[39m))[33m.[39m[34mtoBeInTheDocument[39m()[33m;[39m
    [90m   |[39m                     [31m^[39m
    [90m407|[39m     })[33m;[39m
    [90m408|[39m

[31m[2m⎯⎯⎯⎯⎯⎯⎯⎯⎯⎯⎯⎯⎯⎯⎯⎯⎯⎯⎯⎯⎯[81/106]⎯[22m[39m

[41m[1m FAIL [22m[49m src/components/intelligence/ConfidenceIndicator.test.tsx[2m > [22mConfidenceIndicator Component[2m > [22mKnowledge Info Display[2m > [22mshould show INFER knowledge explanation
[31m[1mTestingLibraryElementError[22m[39m: Found multiple elements with the text: /pattern analysis/i

Here are the matching elements:

Ignored nodes: comments, script, style
[36m<p[39m
  [33mclass[39m=[32m"text-sm text-slate-700 dark:text-slate-300"[39m
[36m>[39m
  [0mBased on pattern analysis[0m
[36m</p>[39m

Ignored nodes: comments, script, style
[36m<div[39m
  [33mclass[39m=[32m"pt-2 border-t border-slate-200 dark:border-slate-700 text-xs text-slate-600 dark:text-slate-400"[39m
[36m>[39m
  [0m⚠ Based on pattern analysis and inference[0m
[36m</div>[39m

(If this is intentional, then use the `*AllBy*` variant of the query (like `queryAllByText`, `getAllByText`, or `findAllByText`)).

Ignored nodes: comments, script, style
[36m<body>[39m
  [36m<div>[39m
    [36m<div[39m
      [33mclass[39m=[32m"p-4 bg-gradient-to-r bg-blue-500 bg-opacity-5 border border-slate-200 dark:border-slate-700 "[39m
      [33mstyle[39m=[32m"background-color: var(--color-bg-secondary); border-radius: var(--radius-lg); padding: var(--space-lg); border: 1px solid var(--color-border); transition: all 0.2s ease; box-shadow: var(--shadow-sm);"[39m
    [36m>[39m
      [36m<div[39m
        [33mclass[39m=[32m"space-y-3"[39m
      [36m>[39m
        [36m<div[39m
          [33mclass[39m=[32m"flex items-center justify-between"[39m
        [36m>[39m
          [36m<div[39m
            [33mclass[39m=[32m"flex items-center gap-3"[39m
          [36m>[39m
            [36m<div[39m
              [33mclass[39m=[32m"relative w-16 h-16 flex items-center justify-center"[39m
            [36m>[39m
              [36m<svg[39m
                [33mclass[39m=[32m"w-16 h-16 transform -rotate-90"[39m
                [33mviewBox[39m=[32m"0 0 100 100"[39m
              [36m>[39m
                [36m<circle[39m
                  [33mclass[39m=[32m"text-slate-200 dark:text-slate-700"[39m
                  [33mcx[39m=[32m"50"[39m
                  [33mcy[39m=[32m"50"[39m
                  [33mfill[39m=[32m"none"[39m
                  [33mr[39m=[32m"45"[39m
                  [33mstroke[39m=[32m"currentColor"[39m
                  [33mstroke-width[39m=[32m"2"[39m
                [36m/>[39m
                [36m<circle[39m
                  [33mclass[39m=[32m"text-blue-500"[39m
                  [33mcx[39m=[32m"50"[39m
                  [33mcy[39m=[32m"50"[39m
                  [33mfill[39m=[32m"none"[39m
                  [33mr[39m=[32m"45"[39m
                  [33mstroke[39m=[32m"currentColor"[39m
                  [33mstroke-dasharray[39m=[32m"183.95000000000002 283"[39m
                  [33mstroke-linecap[39m=[32m"round"[39m
                  [33mstroke-width[39m=[32m"3"[39m
                [36m/>[39m
              [36m</svg>[39m
              [36m<div[39m
                [33mclass[39m=[32m"absolute text-center"[39m
              [36m>[39m
                [36m<div[39m
                  [33mclass[39m=[32m"text-xl font-bold text-slate-900 dark:text-white"[39m
                [36m>[39m
                  [0m65[0m
                  [0m%[0m
                [36m</div>[39m
                [36m<div[39m
                  [33mclass[39m=[32m"text-xs text-slate-600 dark:text-slate-400"[39m
                [36m>[39m
                  [0mHigh[0m
                [36m</div>[39m
              [36m</div>[39m
            [36m</div>[39m
            [36m<div[39m
              [33mclass[39m=[32m"space-y-1"[39m
            [36m>[39m
              [36m<h3[39m
                [33mclass[39m=[32m"font-semibold text-slate-900 dark:text-white"[39m
              [36m>[39m
                [0mConfidence Score[0m
              [36m</h3>[39m
              [36m<span[39m
                [33mstyle[39m=[32m"display: inline-flex; align-items: center; justify-content: center; padding: 0.25rem 0.75rem; border-radius: var(--radius-full); font-size: var(--font-size-caption); font-weight: var(--font-weight-semibold); white-space: nowrap; background-color: var(--color-accent-primary); color: var(--color-accent-secondary);"[39m
              [36m>[39m
                [0mINFER[0m
                [0m [0m
                [0m✓[0m
              [36m</span>[39m
            [36m</div>[39m
          [36m</div>[39m
        [36m</div>[39m
        [36m<div[39m
          [33mclass[39m=[32m"grid grid-cols-2 gap-2 pt-3 border-t border-slate-200 dark:border-slate-700"[39m
        [36m>[39m
          [36m<div>[39m
            [36m<div[39m
              [33mclass[39m=[32m"text-xs font-medium text-slate-600 dark:text-slate-400 uppercase"[39m
            [36m>[39m
              [0mEvidence[0m
            [36m</div>[39m
            [36m<div[39m
              [33mclass[39m=[32m"text-lg font-semibold text-slate-900 dark:text-white"[39m
            [36m>[39m
              [0mN/A[0m
            [36m</div>[39m
            [36m<div[39m
              [33mclass[39m=[32m"w-full h-1 bg-slate-200 dark:bg-slate-700 rounded-full mt-1"[39m
            [36m>[39m
              [36m<div[39m
                [33mclass[39m=[32m"h-full bg-blue-500 rounded-full transition-all"[39m
                [33mstyle[39m=[32m"width: 0%;"[39m
              [36m/>[39m
            [36m</div>[39m
          [36m</div>[39m
          [36m<div>[39m
            [36m<div[39m
              [33mclass[39m=[32m"text-xs font-medium text-slate-600 dark:text-slate-400 uppercase"[39m
            [36m>[39m
              [0mRecency[0m
            [36m</div>[39m
            [36m<div[39m
              [33mclass[39m=[32m"text-lg font-semibold text-slate-900 dark:text-white"[39m
            [36m>[39m
              [0mN/A[0m
            [36m</div>[39m
            [36m<div[39m
              [33mclass[39m=[32m"w-full h-1 bg-slate-200 dark:bg-slate-700 rounded-full mt-1"[39m
            [36m>[39m
              [36m<div[39m
                [33mclass[39m=[32m"h-full bg-green-500 rounded-full transition-all"[39m
                [33mstyle[39m=[32m"width: 50%;"[39m
              [36m/>[39m
            [36m</div>[39m
          [36m</div>[39m
        [36m</div>[39m
        [36m<div[39m
          [33mclass[39m=[32m"pt-3 border-t border-slate-200 dark:border-slate-700"[39m
        [36m>[39m
          [36m<p[39m
            [33mclass[39m=[32m"text-sm text-slate-700 dark:text-slate-300"[39m
          [36m>[39m
            [0mBased on pattern analysis[0m
          [36m</p>[39m
        [36m</div>[39m
        [36m<div[39m
          [33mclass[39m=[32m"pt-2 border-t border-slate-200 dark:border-slate-700 text-xs text-slate-600 dark:text-slate-400"[39m
        [36m>[39m
          [0m⚠ Based on pattern analysis and inference[0m
        [36m</div>[39m
      [36m</div>[39m
    [36m</div>[39m
  [36m</div>[39m
[36m</body>[39m
[90m [2m❯[22m Object.getElementError node_modules/@testing-library/dom/dist/config.js:[2m37:19[22m[39m
[90m [2m❯[22m getElementError node_modules/@testing-library/dom/dist/query-helpers.js:[2m20:35[22m[39m
[90m [2m❯[22m getMultipleElementsFoundError node_modules/@testing-library/dom/dist/query-helpers.js:[2m23:10[22m[39m
[90m [2m❯[22m node_modules/@testing-library/dom/dist/query-helpers.js:[2m55:13[22m[39m
[90m [2m❯[22m node_modules/@testing-library/dom/dist/query-helpers.js:[2m95:19[22m[39m
[36m [2m❯[22m src/components/intelligence/ConfidenceIndicator.test.tsx:[2m421:21[22m[39m
    [90m419|[39m       )[33m;[39m
    [90m420|[39m
    [90m421|[39m       expect(screen.getByText(/pattern analysis/i)).toBeInTheDocument(…
    [90m   |[39m                     [31m^[39m
    [90m422|[39m     })[33m;[39m
    [90m423|[39m

[31m[2m⎯⎯⎯⎯⎯⎯⎯⎯⎯⎯⎯⎯⎯⎯⎯⎯⎯⎯⎯⎯⎯[82/106]⎯[22m[39m

[41m[1m FAIL [22m[49m src/components/intelligence/ContextDisplay.test.tsx[2m > [22mContextDisplay Component[2m > [22mRendering[2m > [22mshould render compact view when requested
[31m[1mTestingLibraryElementError[22m: Found multiple elements with the text: 1

Here are the matching elements:

Ignored nodes: comments, script, style
[36m<span[31m
  [33mclass[31m=[32m"font-semibold text-slate-900 dark:text-white"[31m
[36m>[31m
  [0m1[0m
[36m</span>[31m

Ignored nodes: comments, script, style
[36m<span[31m
  [33mclass[31m=[32m"font-semibold text-slate-900 dark:text-white"[31m
[36m>[31m
  [0m1[0m
[36m</span>[31m

Ignored nodes: comments, script, style
[36m<span[31m
  [33mclass[31m=[32m"font-semibold text-slate-900 dark:text-white"[31m
[36m>[31m
  [0m1[0m
[36m</span>[31m

(If this is intentional, then use the `*AllBy*` variant of the query (like `queryAllByText`, `getAllByText`, or `findAllByText`)).

Ignored nodes: comments, script, style
[36m<body>[31m
  [36m<div>[31m
    [36m<div[31m
      [33mclass[31m=[32m"p-4 bg-slate-50 dark:bg-slate-900 "[31m
      [33mstyle[31m=[32m"background-color: var(--color-bg-secondary); border-radius: var(--radius-lg); padding: var(--space-lg); border: 1px solid var(--color-border); transition: all 0.2s ease; box-shadow: var(--shadow-sm);"[31m
    [36m>[31m
      [36m<div[31m
        [33mclass[31m=[32m"space-y-2 text-sm"[31m
      [36m>[31m
        [36m<div[31m
          [33mclass[31m=[32m"flex justify-between"[31m
        [36m>[31m
          [36m<span[31m
            [33mclass[31m=[32m"text-slate-600 dark:text-slate-400"[31m
          [36m>[31m
            [0mValues[0m
          [36m</span>[31m
          [36m<span[31m
            [33mclass[31m=[32m"font-semibold text-slate-900 dark:text-white"[31m
          [36m>[31m
            [0m1[0m
          [36m</span>[31m
        [36m</div>[31m
        [36m<div[31m
          [33mclass[31m=[32m"flex justify-between"[31m
        [36m>[31m
          [36m<span[31m
            [33mclass[31m=[32m"text-slate-600 dark:text-slate-400"[31m
          [36m>[31m
            [0mGoals[0m
          [36m</span>[31m
          [36m<span[31m
            [33mclass[31m=[32m"font-semibold text-slate-900 dark:text-white"[31m
          [36m>[31m
            [0m1[0m
          [36m</span>[31m
        [36m</div>[31m
        [36m<div[31m
          [33mclass[31m=[32m"flex justify-between"[31m
        [36m>[31m
          [36m<span[31m
            [33mclass[31m=[32m"text-slate-600 dark:text-slate-400"[31m
          [36m>[31m
            [0mBlind Spots[0m
          [36m</span>[31m
          [36m<span[31m
            [33mclass[31m=[32m"font-semibold text-slate-900 dark:text-white"[31m
          [36m>[31m
            [0m1[0m
          [36m</span>[31m
        [36m</div>[31m
        [36m<div[31m
          [33mclass[31m=[32m"flex justify-between pt-2 border-t border-slate-200 dark:border-slate-700"[31m
        [36m>[31m
          [36m<span[31m
            [33mclass[31m=[32m"text-slate-600 dark:text-slate-400"[31m
          [36m>[31m
            [0mOverall Confidence[0m
          [36m</span>[31m
          [36m<span[31m
            [33mclass[31m=[32m"font-semibold text-slate-900 dark:text-white"[31m
          [36m>[31m
            [0m75[0m
            [0m%[0m
          [36m</span>[31m
        [36m</div>[31m
      [36m</div>[31m
    [36m</div>[31m
  [36m</div>[31m
[36m</body>[31m[39m
[90m [2m❯[22m Object.getElementError node_modules/@testing-library/dom/dist/config.js:[2m37:19[22m[39m
[90m [2m❯[22m getElementError node_modules/@testing-library/dom/dist/query-helpers.js:[2m20:35[22m[39m
[90m [2m❯[22m getMultipleElementsFoundError node_modules/@testing-library/dom/dist/query-helpers.js:[2m23:10[22m[39m
[90m [2m❯[22m node_modules/@testing-library/dom/dist/query-helpers.js:[2m55:13[22m[39m
[90m [2m❯[22m node_modules/@testing-library/dom/dist/query-helpers.js:[2m95:19[22m[39m
[36m [2m❯[22m src/components/intelligence/ContextDisplay.test.tsx:[2m114:21[22m[39m
    [90m112|[39m
    [90m113|[39m       [34mexpect[39m(screen[33m.[39m[34mgetByText[39m([36m/Values/i[39m))[33m.[39m[34mtoBeInTheDocument[39m()[33m;[39m
    [90m114|[39m       expect(screen.getByText('1')).toBeInTheDocument(); // values cou…
    [90m   |[39m                     [31m^[39m
    [90m115|[39m     })[33m;[39m
    [90m116|[39m

[31m[2m⎯⎯⎯⎯⎯⎯⎯⎯⎯⎯⎯⎯⎯⎯⎯⎯⎯⎯⎯⎯⎯[83/106]⎯[22m[39m

[41m[1m FAIL [22m[49m src/components/intelligence/E2E.flow.test.tsx[2m > [22mE2E Flow Tests - Intelligence System[2m > [22mFlow 2: Feedback → Model Calibration → Updated Confidence[2m > [22mshould complete feedback loop: insight → user feedback → model update → new confidence
[31m[1mTestingLibraryElementError[22m[39m: Found multiple elements with the text: /Analyzes problems deeply/i

Here are the matching elements:

Ignored nodes: comments, script, style
[36m<p>[39m
  [0mAnalyzes problems deeply[0m
[36m</p>[39m

Ignored nodes: comments, script, style
[36m<p[39m
  [33mclass[39m=[32m"text-sm text-slate-800 dark:text-slate-200 italic"[39m
[36m>[39m
  [0m"[0m
  [0mAnalyzes problems deeply[0m
  [0m"[0m
[36m</p>[39m

(If this is intentional, then use the `*AllBy*` variant of the query (like `queryAllByText`, `getAllByText`, or `findAllByText`)).

Ignored nodes: comments, script, style
[36m<body>[39m
  [36m<div>[39m
    [36m<div[39m
      [33mclass[39m=[32m"space-y-6"[39m
    [36m>[39m
      [36m<div>[39m
        [36m<div[39m
          [33mclass[39m=[32m"flex items-center gap-2 "[39m
          [33mtitle[39m=[32m"Based on pattern analysis • 5 evidence points"[39m
        [36m>[39m
          [36m<div[39m
            [33mclass[39m=[32m"relative w-12 h-12 flex items-center justify-center rounded-full border-2 border-slate-200 dark:border-slate-700 bg-slate-50 dark:bg-slate-900"[39m
          [36m>[39m
            [36m<div[39m
              [33mclass[39m=[32m"absolute inset-0 rounded-full bg-green-500 opacity-20"[39m
              [33mstyle[39m=[32m"width: 80%; height: 80%; margin: auto;"[39m
            [36m/>[39m
            [36m<span[39m
              [33mclass[39m=[32m"relative font-semibold text-sm text-slate-900 dark:text-white"[39m
            [36m>[39m
              [0m80[0m
              [0m%[0m
            [36m</span>[39m
          [36m</div>[39m
          [36m<span[39m
            [33mstyle[39m=[32m"display: inline-flex; align-items: center; justify-content: center; padding: 0.25rem 0.75rem; border-radius: var(--radius-full); font-size: var(--font-size-caption); font-weight: var(--font-weight-semibold); white-space: nowrap; background-color: var(--color-accent-primary); color: var(--color-accent-secondary);"[39m
          [36m>[39m
            [0mINFER[0m
          [36m</span>[39m
        [36m</div>[39m
        [36m<div[39m
          [33mclass[39m=[32m"mt-4"[39m
        [36m>[39m
          [36m<h3>[39m
            [0mAI Insight[0m
          [36m</h3>[39m
          [36m<p>[39m
            [0mAnalyzes problems deeply[0m
          [36m</p>[39m
        [36m</div>[39m
      [36m</div>[39m
      [36m<div[39m
        [33mclass[39m=[32m"p-5 bg-gradient-to-br from-slate-50 to-slate-100 dark:from-slate-900 dark:to-slate-800 border border-slate-200 dark:border-slate-700"[39m
        [33mstyle[39m=[32m"background-color: var(--color-bg-secondary); border-radius: var(--radius-lg); padding: var(--space-lg); border: 1px solid var(--color-border); transition: all 0.2s ease; box-shadow: var(--shadow-sm);"[39m
      [36m>[39m
        [36m<div[39m
          [33mclass[39m=[32m"space-y-4"[39m
        [36m>[39m
          [36m<div>[39m
            [36m<h3[39m
              [33mclass[39m=[32m"font-semibold text-slate-900 dark:text-white mb-2"[39m
            [36m>[39m
              [0mHow accurate is this?[0m
            [36m</h3>[39m
            [36m<p[39m
              [33mclass[39m=[32m"text-sm text-slate-600 dark:text-slate-400"[39m
            [36m>[39m
              [0mYour feedback helps improve your personal AI model[0m
            [36m</p>[39m
          [36m</div>[39m
          [36m<div[39m
            [33mclass[39m=[32m"p-3 bg-white dark:bg-slate-950 rounded-lg border border-slate-200 dark:border-slate-700"[39m
          [36m>[39m
            [36m<p[39m
              [33mclass[39m=[32m"text-sm text-slate-800 dark:text-slate-200 italic"[39m
            [36m>[39m
              [0m"[0m
              [0mAnalyzes problems deeply[0m
              [0m"[0m
            [36m</p>[39m
          [36m</div>[39m
          [36m<div[39m
            [33mclass[39m=[32m"space-y-2"[39m
          [36m>[39m
            [36m<button[39m
              [33mclass[39m=[32m"w-full p-3 rounded-lg text-left transition-all border-2 border-slate-200 dark:border-slate-700 bg-white dark:bg-slate-950 hover:border-slate-300"[39m
            [36m>[39m
              [36m<div[39m
                [33mclass[39m=[32m"flex items-start gap-3"[39m
              [36m>[39m
                [36m<span[39m
                  [33mclass[39m=[32m"text-xl mt-0.5"[39m
                [36m>[39m
                  [0m🎯[0m
                [36m</span>[39m
                [36m<div[39m
                  [33mclass[39m=[32m"flex-1"[39m
                [36m>[39m
                  [36m<div[39m
                    [33mclass[39m=[32m"font-medium text-slate-900 dark:text-white"[39m
                  [36m>[39m
                    [0mVery True[0m
                  [36m</div>[39m
                  [36m<div[39m
                    [33mclass[39m=[32m"text-xs text-slate-600 dark:text-slate-400 mt-0.5"[39m
                  [36m>[39m
                    [0mThis is accurate and reflects me well[0m
                  [36m</div>[39m
                [36m</div>[39m
              [36m</div>[39m
            [36m</button>[39m
            [36m<button[39m
              [33mclass[39m=[32m"w-full p-3 rounded-lg text-left transition-all border-2 border-slate-200 dark:border-slate-700 bg-white dark:bg-slate-950 hover:border-slate-300"[39m
            [36m>[39m
              [36m<div[39m
                [33mclass[39m=[32m"flex items-start gap-3"[39m
              [36m>[39m
                [36m<span[39m
                  [33mclass[39m=[32m"text-xl mt-0.5"[39m
                [36m>[39m
                  [0m✓[0m
                [36m</span>[39m
                [36m<div[39m
                  [33mclass[39m=[32m"flex-1"[39m
                [36m>[39m
                  [36m<div[39m
                    [33mclass[39m=[32m"font-medium text-slate-900 dark:text-white"[39m
                  [36m>[39m
                    [0mSomewhat[0m
                  [36m</div>[39m
                  [36m<div[39m
                    [33mclass[39m=[32m"text-xs text-slate-600 dark:text-slate-400 mt-0.5"[39m
                  [36m>[39m
                    [0mThis is partially true or mixed[0m
                  [36m</div>[39m
                [36m</div>[39m
              [36m</div>[39m
            [36m</button>[39m
            [36m<button[39m
              [33mclass[39m=[32m"w-full p-3 rounded-lg text-left transition-all border-2 border-slate-200 dark:border-slate-700 bg-white dark:bg-slate-950 hover:border-slate-300"[39m
            [36m>[39m
              [36m<div[39m
                [33mclass[39m=[32m"flex items-start gap-3"[39m
              [36m>[39m
                [36m<span[39m
                  [33mclass[39m=[32m"text-xl mt-0.5"[39m
                [36m>[39m
                  [0m?[0m
                [36m</span>[39m
                [36m<div[39m
                  [33mclass[39m=[32m"flex-1"[39m
                [36m>[39m
                  [36m<div[39m
                    [33mclass[39m=[32m"font-medium text-slate-900 dark:text-white"[39m
                  [36m>[39m
                    [0mNot Sure[0m
                  [36m</div>[39m
                  [36m<div[39m
                    [33mclass[39m=[32m"text-xs text-slate-600 dark:text-slate-400 mt-0.5"[39m
                  [36m>[39m
                    [0mI'm uncertain about this[0m
                  [36m</div>[39m
                [36m</div>[39m
              [36m</div>[39m
            [36m</button>[39m
            [36m<button[39m
              [33mclass[39m=[32m"w-full p-3 rounded-lg text-left transition-all border-2 border-slate-200 dark:border-slate-700 bg-white dark:bg-slate-950 hover:border-slate-300"[39m
            [36m>[39m
              [36m<div[39m
                [33mclass[39m=[32m"flex items-start gap-3"[39m
              [36m>[39m
                [36m<span[39m
                  [33mclass[39m=[32m"text-xl mt-0.5"[39m
                [36m>[39m
                  [0m✕[0m
                [36m</span>[39m
                [36m<div[39m
                  [33mclass[39m=[32m"flex-1"[39m
                [36m>[39m
                  [36m<div[39m
                    [33mclass[39m=[32m"font-medium text-slate-900 dark:text-white"[39m
                  [36m>[39m
                    [0mNot Me[0m
                  [36m</div>[39m
                  [36m<div[39m
                    [33mclass[39m=[32m"text-xs text-slate-600 dark:text-slate-400 mt-0.5"[39m
                  [36m>[39m
                    [0mThis does not describe me[0m
                  [36m</div>[39m
                [36m</div>[39m
              [36m</div>[39m
            [36m</button>[39m
          [36m</div>[39m
          [36m<div[39m
            [33mclass[39m=[32m"p-3 bg-blue-50 dark:bg-blue-900 rounded-lg text-xs text-blue-700 dark:text-blue-200 space-y-1"[39m
          [36m>[39m
            [36m<div>[39m
              [36m<strong>[39m
                [0mMaster Direction:[0m
              [36m</strong>[39m
              [0m "Never pretend to know"[0m
            [36m</div>[39m
            [36m<div>[39m
              [0mYour feedback is equally important whether you say "Very True" or "Not Me". Both help calibrate your personal model accurately.[0m
            [36m</div>[39m
          [36m</div>[39m
          [36m<button[39m
            [33mclass[39m=[32m"w-full"[39m
            [33mdisabled[39m=[32m""[39m
            [33mstyle[39m=[32m"font-family: var(--font-family-sans); font-weight: var(--font-weight-semibold); border-radius: var(--radius-md); border: 2px solid var(--color-accent-primary); cursor: pointer; transition: all 0.2s ease; font-size: var(--font-size-body-large); background-color: var(--color-accent-secondary); color: var(--color-accent-primary); padding: 0.75rem 1.5rem;"[39m
          [36m>[39m
            [0mSelect a feedback option[0m
          [36m</button>[39m
        [36m</div>[39m
      [36m</div>[39m
    [36m</div>[39m
  [36m</div>[39m
[36m</body>[39m
[90m [2m❯[22m Object.getElementError node_modules/@testing-library/dom/dist/config.js:[2m37:19[22m[39m
[90m [2m❯[22m getElementError node_modules/@testing-library/dom/dist/query-helpers.js:[2m20:35[22m[39m
[90m [2m❯[22m getMultipleElementsFoundError node_modules/@testing-library/dom/dist/query-helpers.js:[2m23:10[22m[39m
[90m [2m❯[22m node_modules/@testing-library/dom/dist/query-helpers.js:[2m55:13[22m[39m
[90m [2m❯[22m node_modules/@testing-library/dom/dist/query-helpers.js:[2m95:19[22m[39m
[36m [2m❯[22m src/components/intelligence/E2E.flow.test.tsx:[2m214:14[22m[39m
    [90m212|[39m
    [90m213|[39m       [90m// User sees insight text[39m
    [90m214|[39m       expect(getByText(/Analyzes problems deeply/i)).toBeInTheDocument…
    [90m   |[39m              [31m^[39m
    [90m215|[39m
    [90m216|[39m       [90m// Step 3: User gives "Very True" feedback[39m

[31m[2m⎯⎯⎯⎯⎯⎯⎯⎯⎯⎯⎯⎯⎯⎯⎯⎯⎯⎯⎯⎯⎯[84/106]⎯[22m[39m

[41m[1m FAIL [22m[49m src/components/intelligence/E2E.flow.test.tsx[2m > [22mE2E Flow Tests - Intelligence System[2m > [22mFlow 3: Context Display After Updates[2m > [22mshould display updated context after system operations
[31m[1mTypeError[22m: Cannot read properties of undefined (reading 'veryTrue')[39m
[36m [2m❯[22m ContextDisplay src/components/intelligence/ContextDisplay.tsx:[2m171:91[22m[39m
    [90m169|[39m             [33m<[39m[33mdiv[39m[33m>[39m
    [90m170|[39m               <div className="text-slate-600 dark:text-slate-400 text-…
    [90m171|[39m               <div className="text-lg font-bold text-green-600">{accur…
    [90m   |[39m                                                                                           [31m^[39m
    [90m172|[39m             [33m<[39m[33m/[39m[33mdiv[39m[33m>[39m
    [90m173|[39m             [33m<[39m[33mdiv[39m[33m>[39m
[90m [2m❯[22m Object.react_stack_bottom_frame node_modules/react-dom/cjs/react-dom-client.development.js:[2m25904:20[22m[39m
[90m [2m❯[22m renderWithHooks node_modules/react-dom/cjs/react-dom-client.development.js:[2m7662:22[22m[39m
[90m [2m❯[22m updateFunctionComponent node_modules/react-dom/cjs/react-dom-client.development.js:[2m10166:19[22m[39m
[90m [2m❯[22m beginWork node_modules/react-dom/cjs/react-dom-client.development.js:[2m11778:18[22m[39m
[90m [2m❯[22m runWithFiberInDEV node_modules/react-dom/cjs/react-dom-client.development.js:[2m874:13[22m[39m
[90m [2m❯[22m performUnitOfWork node_modules/react-dom/cjs/react-dom-client.development.js:[2m17641:22[22m[39m
[90m [2m❯[22m workLoopSync node_modules/react-dom/cjs/react-dom-client.development.js:[2m17469:41[22m[39m
[90m [2m❯[22m renderRootSync node_modules/react-dom/cjs/react-dom-client.development.js:[2m17450:11[22m[39m
[90m [2m❯[22m performWorkOnRoot node_modules/react-dom/cjs/react-dom-client.development.js:[2m16583:35[22m[39m

[31m[2m⎯⎯⎯⎯⎯⎯⎯⎯⎯⎯⎯⎯⎯⎯⎯⎯⎯⎯⎯⎯⎯[85/106]⎯[22m[39m

[41m[1m FAIL [22m[49m src/components/intelligence/E2E.flow.test.tsx[2m > [22mE2E Flow Tests - Intelligence System[2m > [22mFlow 4: Complete User Journey - Create Memory + Get Feedback[2m > [22mshould handle complete journey: memory creation → insight generation → feedback
[31m[1mTestingLibraryElementError[22m[39m: Unable to find an element with the placeholder text of: /optional feedback/i

Ignored nodes: comments, script, style
[36m<body>[39m
  [36m<div>[39m
    [36m<div[39m
      [33mclass[39m=[32m"space-y-8"[39m
    [36m>[39m
      [36m<div>[39m
        [36m<h2>[39m
          [0mPhase 1: Memory Recorded ✓[0m
        [36m</h2>[39m
        [36m<p>[39m
          [0mDiscovery: Found new approach to problem solving[0m
        [36m</p>[39m
      [36m</div>[39m
      [36m<div>[39m
        [36m<h2>[39m
          [0mPhase 2: AI Generated Insight[0m
        [36m</h2>[39m
        [36m<div[39m
          [33mclass[39m=[32m"space-y-4"[39m
        [36m>[39m
          [36m<div>[39m
            [36m<p[39m
              [33mclass[39m=[32m"font-semibold"[39m
            [36m>[39m
              [0mYou prefer hands-on learning over pure analysis[0m
            [36m</p>[39m
            [36m<div[39m
              [33mclass[39m=[32m"flex items-center gap-2 "[39m
              [33mtitle[39m=[32m"Based on pattern analysis • 3 evidence points"[39m
            [36m>[39m
              [36m<div[39m
                [33mclass[39m=[32m"relative w-12 h-12 flex items-center justify-center rounded-full border-2 border-slate-200 dark:border-slate-700 bg-slate-50 dark:bg-slate-900"[39m
              [36m>[39m
                [36m<div[39m
                  [33mclass[39m=[32m"absolute inset-0 rounded-full bg-blue-500 opacity-20"[39m
                  [33mstyle[39m=[32m"width: 65%; height: 65%; margin: auto;"[39m
                [36m/>[39m
                [36m<span[39m
                  [33mclass[39m=[32m"relative font-semibold text-sm text-slate-900 dark:text-white"[39m
                [36m>[39m
                  [0m65[0m
                  [0m%[0m
                [36m</span>[39m
              [36m</div>[39m
              [36m<span[39m
                [33mstyle[39m=[32m"display: inline-flex; align-items: center; justify-content: center; padding: 0.25rem 0.75rem; border-radius: var(--radius-full); font-size: var(--font-size-caption); font-weight: var(--font-weight-semibold); white-space: nowrap; background-color: var(--color-accent-primary); color: var(--color-accent-secondary);"[39m
              [36m>[39m
                [0mINFER[0m
              [36m</span>[39m
            [36m</div>[39m
          [36m</div>[39m
          [36m<h3>[39m
            [0mWhat do you think about this?[0m
          [36m</h3>[39m
          [36m<div[39m
            [33mclass[39m=[32m"p-5 bg-gradient-to-br from-slate-50 to-slate-100 dark:from-slate-900 dark:to-slate-800 border border-slate-200 dark:border-slate-700"[39m
            [33mstyle[39m=[32m"background-color: var(--color-bg-secondary); border-radius: var(--radius-lg); padding: var(--space-lg); border: 1px solid var(--color-border); transition: all 0.2s ease; box-shadow: var(--shadow-sm);"[39m
          [36m>[39m
            [36m<div[39m
              [33mclass[39m=[32m"space-y-4"[39m
            [36m>[39m
              [36m<div>[39m
                [36m<h3[39m
                  [33mclass[39m=[32m"font-semibold text-slate-900 dark:text-white mb-2"[39m
                [36m>[39m
                  [0mHow accurate is this?[0m
                [36m</h3>[39m
                [36m<p[39m
                  [33mclass[39m=[32m"text-sm text-slate-600 dark:text-slate-400"[39m
                [36m>[39m
                  [0mYour feedback helps improve your personal AI model[0m
                [36m</p>[39m
              [36m</div>[39m
              [36m<div[39m
                [33mclass[39m=[32m"p-3 bg-white dark:bg-slate-950 rounded-lg border border-slate-200 dark:border-slate-700"[39m
              [36m>[39m
                [36m<p[39m
                  [33mclass[39m=[32m"text-sm text-slate-800 dark:text-slate-200 italic"[39m
                [36m>[39m
                  [0m"[0m
                  [0mYou prefer hands-on learning over pure analysis[0m
                  [0m"[0m
                [36m</p>[39m
              [36m</div>[39m
              [36m<div[39m
                [33mclass[39m=[32m"space-y-2"[39m
              [36m>[39m
                [36m<button[39m
                  [33mclass[39m=[32m"w-full p-3 rounded-lg text-left transition-all border-2 border-slate-200 dark:border-slate-700 bg-white dark:bg-slate-950 hover:border-slate-300"[39m
                [36m>[39m
                  [36m<div[39m
                    [33mclass[39m=[32m"flex items-start gap-3"[39m
                  [36m>[39m
                    [36m<span[39m
                      [33mclass[39m=[32m"text-xl mt-0.5"[39m
                    [36m>[39m
                      [0m🎯[0m
                    [36m</span>[39m
                    [36m<div[39m
                      [33mclass[39m=[32m"flex-1"[39m
                    [36m>[39m
                      [36m<div[39m
                        [33mclass[39m=[32m"font-medium text-slate-900 dark:text-white"[39m
                      [36m>[39m
                        [0mVery True[0m
                      [36m</div>[39m
                      [36m<div[39m
                        [33mclass[39m=[32m"text-xs text-slate-600 dark:text-slate-400 mt-0.5"[39m
                      [36m>[39m
                        [0mThis is accurate and reflects me well[0m
                      [36m</div>[39m
                    [36m</div>[39m
                  [36m</div>[39m
                [36m</button>[39m
                [36m<button[39m
                  [33mclass[39m=[32m"w-full p-3 rounded-lg text-left transition-all border-2 border-blue-500 bg-blue-50 dark:bg-blue-900"[39m
                [36m>[39m
                  [36m<div[39m
                    [33mclass[39m=[32m"flex items-start gap-3"[39m
                  [36m>[39m
                    [36m<span[39m
                      [33mclass[39m=[32m"text-xl mt-0.5"[39m
                    [36m>[39m
                      [0m✓[0m
                    [36m</span>[39m
                    [36m<div[39m
                      [33mclass[39m=[32m"flex-1"[39m
                    [36m>[39m
                      [36m<div[39m
                        [33mclass[39m=[32m"font-medium text-slate-900 dark:text-white"[39m
                      [36m>[39m
                        [0mSomewhat[0m
                      [36m</div>[39m
                      [36m<div[39m
                        [33mclass[39m=[32m"text-xs text-slate-600 dark:text-slate-400 mt-0.5"[39m
                      [36m>[39m
                        [0mThis is partially true or mixed[0m
                      [36m</div>[39m
                    [36m</div>[39m
                    [36m<div[39m
                      [33mclass[39m=[32m"bg-blue-500 text-white rounded-full w-5 h-5 flex items-center justify-center text-xs font-bold"[39m
                    [36m>[39m
                      [0m✓[0m
                    [36m</div>[39m
                  [36m</div>[39m
                [36m</button>[39m
                [36m<button[39m
                  [33mclass[39m=[32m"w-full p-3 rounded-lg text-left transition-all border-2 border-slate-200 dark:border-slate-700 bg-white dark:bg-slate-950 hover:border-slate-300"[39m
                [36m>[39m
                  [36m<div[39m
                    [33mclass[39m=[32m"flex items-start gap-3"[39m
                  [36m>[39m
                    [36m<span[39m
                      [33mclass[39m=[32m"text-xl mt-0.5"[39m
                    [36m>[39m
                      [0m?[0m
                    [36m</span>[39m
                    [36m<div[39m
                      [33mclass[39m=[32m"flex-1"[39m
                    [36m>[39m
                      [36m<div[39m
                        [33mclass[39m=[32m"font-medium text-slate-900 dark:text-white"[39m
                      [36m>[39m
                        [0mNot Sure[0m
                      [36m</div>[39m
                      [36m<div[39m
                        [33mclass[39m=[32m"text-xs text-slate-600 dark:text-slate-400 mt-0.5"[39m
                      [36m>[39m
                        [0mI'm uncertain about this[0m
                      [36m</div>[39m
                    [36m</div>[39m
                  [36m</div>[39m
                [36m</button>[39m
                [36m<button[39m
                  [33mclass[39m=[32m"w-full p-3 rounded-lg text-left transition-all border-2 border-slate-200 dark:border-slate-700 bg-white dark:bg-slate-950 hover:border-slate-300"[39m
                [36m>[39m
                  [36m<div[39m
                    [33mclass[39m=[32m"flex items-start gap-3"[39m
                  [36m>[39m
                    [36m<span[39m
                      [33mclass[39m=[32m"text-xl mt-0.5"[39m
                    [36m>[39m
                      [0m✕[0m
                    [36m</span>[39m
                    [36m<div[39m
                      [33mclass[39m=[32m"flex-1"[39m
                    [36m>[39m
                      [36m<div[39m
                        [33mclass[39m=[32m"font-medium text-slate-900 dark:text-white"[39m
                      [36m>[39m
                        [0mNot Me[0m
                      [36m</div>[39m
                      [36m<div[39m
                        [33mclass[39m=[32m"text-xs text-slate-600 dark:text-slate-400 mt-0.5"[39m
                      [36m>[39m
                        [0mThis does not describe me[0m
                      [36m</div>[39m
                    [36m</div>[39m
                  [36m</div>[39m
                [36m</button>[39m
              [36m</div>[39m
              [36m<div[39m
                [33mclass[39m=[32m"pt-3 border-t border-slate-200 dark:border-slate-700"[39m
              [36m>[39m
                [36m<label[39m
                  [33mclass[39m=[32m"text-sm font-medium text-slate-700 dark:text-slate-300 mb-2 block"[39m
                [36m>[39m
                  [0mAdd a note (optional)[0m
                [36m</label>[39m
                [36m<textarea[39m
                  [33mclass[39m=[32m"w-full px-3 py-2 border border-slate-300 dark:border-slate-600 rounded-lg text-sm focus:outline-none focus:ring-2 focus:ring-blue-500 dark:bg-slate-950 dark:text-white resize-none"[39m
                  [33mmaxlength[39m=[32m"500"[39m
                  [33mplaceholder[39m=[32m"Any additional context to help AI understand?"[39m
                  [33mrows[39m=[32m"3"[39m
                [36m/>[39m
                [36m<p[39m
                  [33mclass[39m=[32m"text-xs text-slate-500 dark:text-slate-400 mt-1"[39m
                [36m>[39m
                  [0m0[0m
                  [0m/500 characters[0m
                [36m</p>[39m
              [36m</div>[39m
              [36m<div[39m
                [33mclass[39m=[32m"p-3 bg-blue-50 dark:bg-blue-900 rounded-lg text-xs text-blue-700 dark:text-blue-200 space-y-1"[39m
              [36m>[39m
                [36m<div>[39m
                  [36m<strong>[39m
                    [0mMaster Direction:[0m
                  [36m</strong>[39m
                  [0m "Never pretend to know"[0m
                [36m</div>[39m
                [36m<div>[39m
                  [0mYour feedback is equally important whether you say "Very True" or "Not Me". Both help calibrate your personal model accurately.[0m
                [36m</div>[39m
              [36m</div>[39m
              [36m<button[39m
                [33mclass[39m=[32m"w-full"[39m
                [33mstyle[39m=[32m"font-family: var(--font-family-sans); font-weight: var(--font-weight-semibold); border-radius: var(--radius-md); border: medium; cursor: pointer; transition: all 0.2s ease; font-size: var(--font-size-body-large); background-color: var(--color-accent-primary); color: var(--color-accent-secondary); padding: 0.75rem 1.5rem;"[39m
              [36m>[39m
                [0mSubmit Feedback[0m
              [36m</button>[39m
            [36m</div>[39m
          [36m</div>[39m
        [36m</div>[39m
      [36m</div>[39m
    [36m</div>[39m
  [36m</div>[39m
[36m</body>[39m
[90m [2m❯[22m Object.getElementError node_modules/@testing-library/dom/dist/config.js:[2m37:19[22m[39m
[90m [2m❯[22m node_modules/@testing-library/dom/dist/query-helpers.js:[2m76:38[22m[39m
[90m [2m❯[22m node_modules/@testing-library/dom/dist/query-helpers.js:[2m52:17[22m[39m
[90m [2m❯[22m node_modules/@testing-library/dom/dist/query-helpers.js:[2m95:19[22m[39m
[36m [2m❯[22m src/components/intelligence/E2E.flow.test.tsx:[2m402:9[22m[39m
    [90m400|[39m       fireEvent[33m.[39m[34mclick[39m([34mgetByRole[39m([32m'button'[39m[33m,[39m { name[33m:[39m [36m/Somewhat/i[39m }))[33m;[39m
    [90m401|[39m       [35mawait[39m userEvent[33m.[39m[34mtype[39m(
    [90m402|[39m         [34mgetByPlaceholderText[39m([36m/optional feedback/i[39m)[33m,[39m
    [90m   |[39m         [31m^[39m
    [90m403|[39m         [32m'Mostly true but I also like analysis'[39m
    [90m404|[39m       )[33m;[39m

[31m[2m⎯⎯⎯⎯⎯⎯⎯⎯⎯⎯⎯⎯⎯⎯⎯⎯⎯⎯⎯⎯⎯[86/106]⎯[22m[39m

[41m[1m FAIL [22m[49m src/components/intelligence/E2E.flow.test.tsx[2m > [22mE2E Flow Tests - Intelligence System[2m > [22mError Recovery in Flows[2m > [22mshould handle errors gracefully and keep user data intact
[31m[1mTestingLibraryElementError[22m[39m: Unable to find an element with the text: /Failed to save memory/i. This could be because the text is broken up by multiple elements. In this case, you can provide a function for your text matcher to make your matcher more flexible.

Ignored nodes: comments, script, style
[36m<body>[39m
  [36m<div>[39m
    [36m<div[39m
      [33mclass[39m=[32m"p-6 bg-white dark:bg-slate-950"[39m
      [33mstyle[39m=[32m"background-color: var(--color-bg-secondary); border-radius: var(--radius-lg); padding: var(--space-lg); border: 1px solid var(--color-border); transition: all 0.2s ease; box-shadow: var(--shadow-sm);"[39m
    [36m>[39m
      [36m<div[39m
        [33mclass[39m=[32m"space-y-6"[39m
      [36m>[39m
        [36m<div>[39m
          [36m<h2[39m
            [33mclass[39m=[32m"text-2xl font-semibold text-slate-900 dark:text-white mb-2"[39m
          [36m>[39m
            [0mRecord a Memory[0m
          [36m</h2>[39m
          [36m<p[39m
            [33mclass[39m=[32m"text-slate-600 dark:text-slate-400"[39m
          [36m>[39m
            [0mSave something important to remember. Choose a type that fits best.[0m
          [36m</p>[39m
        [36m</div>[39m
        [36m<div[39m
          [33mstyle[39m=[32m"background-color: rgba(239, 68, 68, 0.1); border: 2px solid var(--color-error); border-radius: var(--radius-md); padding: var(--space-md); margin-bottom: var(--space-md); display: flex; justify-content: space-between; align-items: flex-start; gap: var(--space-md);"[39m
        [36m>[39m
          [36m<div[39m
            [33mstyle[39m=[32m"flex: 1 1 0%;"[39m
          [36m>[39m
            [36m<p[39m
              [33mstyle[39m=[32m"font-size: var(--font-size-body-base); color: var(--color-text-secondary); margin: 0px;"[39m
            [36m>[39m
              [0mError: Failed to add memory: [object Object] (ADD_MEMORY_FAILED)[0m
            [36m</p>[39m
          [36m</div>[39m
        [36m</div>[39m
        [36m<form[39m
          [33mclass[39m=[32m"space-y-4"[39m
        [36m>[39m
          [36m<div>[39m
            [36m<label[39m
              [33mclass[39m=[32m"block text-sm font-medium text-slate-700 dark:text-slate-300 mb-2"[39m
            [36m>[39m
              [0mMemory Title *[0m
            [36m</label>[39m
            [36m<div[39m
              [33mstyle[39m=[32m"display: flex; flex-direction: column; gap: var(--space-xs);"[39m
            [36m>[39m
              [36m<input[39m
                [33mmaxlength[39m=[32m"200"[39m
                [33mplaceholder[39m=[32m"e.g., Completed project ahead of schedule"[39m
                [33mstyle[39m=[32m"padding: 0.625rem 0.875rem; font-size: var(--font-size-body-base); font-family: var(--font-family-sans); border: 1px solid var(--color-border); border-radius: var(--radius-md); background-color: var(--color-bg-primary); color: var(--color-text-primary); transition: border-color 0.2s ease; outline: none;"[39m
                [33mvalue[39m=[32m"Test Memory"[39m
              [36m/>[39m
            [36m</div>[39m
            [36m<p[39m
              [33mclass[39m=[32m"text-xs text-slate-500 dark:text-slate-400 mt-1"[39m
            [36m>[39m
              [0m11[0m
              [0m/200 characters[0m
            [36m</p>[39m
          [36m</div>[39m
          [36m<div>[39m
            [36m<label[39m
              [33mclass[39m=[32m"block text-sm font-medium text-slate-700 dark:text-slate-300 mb-2"[39m
            [36m>[39m
              [0mWhat happened? *[0m
            [36m</label>[39m
            [36m<textarea[39m
              [33mclass[39m=[32m"w-full px-3 py-2 border border-slate-300 dark:border-slate-700 rounded-md text-sm focus:outline-none focus:ring-2 focus:ring-blue-500 dark:bg-slate-900 dark:text-white"[39m
              [33mmaxlength[39m=[32m"5000"[39m
              [33mplaceholder[39m=[32m"Describe the event, what you learned, or why it's important..."[39m
              [33mrows[39m=[32m"5"[39m
            [36m>[39m
              [0mTest content for error case[0m
            [36m</textarea>[39m
            [36m<p[39m
              [33mclass[39m=[32m"text-xs text-slate-500 dark:text-slate-400 mt-1"[39m
            [36m>[39m
              [0m27[0m
              [0m/5000 characters[0m
            [36m</p>[39m
          [36m</div>[39m
          [36m<div>[39m
            [36m<label[39m
              [33mclass[39m=[32m"block text-sm font-medium text-slate-700 dark:text-slate-300 mb-2"[39m
            [36m>[39m
              [0mMemory Type *[0m
            [36m</label>[39m
            [36m<div[39m
              [33mclass[39m=[32m"grid grid-cols-2 gap-2"[39m
            [36m>[39m
              [36m<button[39m
                [33mclass[39m=[32m"p-3 rounded-lg border-2 text-sm font-medium transition-all border-slate-200 dark:border-slate-700 bg-white dark:bg-slate-950 text-slate-700 dark:text-slate-300 hover:border-slate-300"[39m
                [33mtype[39m=[32m"button"[39m
              [36m>[39m
                [0m🎉 Small Win[0m
              [36m</button>[39m
              [36m<button[39m
                [33mclass[39m=[32m"p-3 rounded-lg border-2 text-sm font-medium transition-all border-slate-200 dark:border-slate-700 bg-white dark:bg-slate-950 text-slate-700 dark:text-slate-300 hover:border-slate-300"[39m
                [33mtype[39m=[32m"button"[39m
              [36m>[39m
                [0m⭐ Important Moment[0m
              [36m</button>[39m
              [36m<button[39m
                [33mclass[39m=[32m"p-3 rounded-lg border-2 text-sm font-medium transition-all border-slate-200 dark:border-slate-700 bg-white dark:bg-slate-950 text-slate-700 dark:text-slate-300 hover:border-slate-300"[39m
                [33mtype[39m=[32m"button"[39m
              [36m>[39m
                [0m💡 Discovery[0m
              [36m</button>[39m
              [36m<button[39m
                [33mclass[39m=[32m"p-3 rounded-lg border-2 text-sm font-medium transition-all border-blue-500 bg-blue-50 dark:bg-blue-900 text-blue-700 dark:text-blue-200"[39m
                [33mtype[39m=[32m"button"[39m
              [36m>[39m
                [0m📝 Personal Note[0m
              [36m</button>[39m
            [36m</div>[39m
          [36m</div>[39m
          [36m<div>[39m
            [36m<label[39m
              [33mclass[39m=[32m"block text-sm font-medium text-slate-700 dark:text-slate-300 mb-2"[39m
            [36m>[39m
              [0mTags (optional)[0m
            [36m</label>[39m
            [36m<div[39m
              [33mstyle[39m=[32m"display: flex; flex-direction: column; gap: var(--space-xs);"[39m
            [36m>[39m
              [36m<input[39m
                [33mplaceholder[39m=[32m"e.g., achievement, work, personal growth (comma-separated)"[39m
                [33mstyle[39m=[32m"padding: 0.625rem 0.875rem; font-size: var(--font-size-body-base); font-family: var(--font-family-sans); border: 1px solid var(--color-border); border-radius: var(--radius-md); background-color: var(--color-bg-primary); color: var(--color-text-primary); transition: border-color 0.2s ease; outline: none;"[39m
                [33mvalue[39m=[32m""[39m
              [36m/>[39m
            [36m</div>[39m
            [36m<p[39m
              [33mclass[39m=[32m"text-xs text-slate-500 dark:text-slate-400 mt-1"[39m
            [36m>[39m
              [0mSeparate tags with commas[0m
            [36m</p>[39m
          [36m</div>[39m
          [36m<div[39m
            [33mclass[39m=[32m"flex gap-3"[39m
          [36m>[39m
            [36m<button[39m
              [33mstyle[39m=[32m"font-family: var(--font-family-sans); font-weight: var(--font-weight-semibold); border-radius: var(--radius-md); border: medium; cursor: pointer; transition: all 0.2s ease; font-size: var(--font-size-body-large); background-color: var(--color-accent-primary); color: var(--color-accent-secondary); padding: 0.75rem 1.5rem;"[39m
              [33mtype[39m=[32m"submit"[39m
            [36m>[39m
              [0mSave Memory[0m
            [36m</button>[39m
          [36m</div>[39m
        [36m</form>[39m
      [36m</div>[39m
    [36m</div>[39m
  [36m</div>[39m
[36m</body>[39m

Ignored nodes: comments, script, style
[36m<html>[39m
  [36m<head />[39m
  [36m<body>[39m
    [36m<div>[39m
      [36m<div[39m
        [33mclass[39m=[32m"p-6 bg-white dark:bg-slate-950"[39m
        [33mstyle[39m=[32m"background-color: var(--color-bg-secondary); border-radius: var(--radius-lg); padding: var(--space-lg); border: 1px solid var(--color-border); transition: all 0.2s ease; box-shadow: var(--shadow-sm);"[39m
      [36m>[39m
        [36m<div[39m
          [33mclass[39m=[32m"space-y-6"[39m
        [36m>[39m
          [36m<div>[39m
            [36m<h2[39m
              [33mclass[39m=[32m"text-2xl font-semibold text-slate-900 dark:text-white mb-2"[39m
            [36m>[39m
              [0mRecord a Memory[0m
            [36m</h2>[39m
            [36m<p[39m
              [33mclass[39m=[32m"text-slate-600 dark:text-slate-400"[39m
            [36m>[39m
              [0mSave something important to remember. Choose a type that fits best.[0m
            [36m</p>[39m
          [36m</div>[39m
          [36m<div[39m
            [33mstyle[39m=[32m"background-color: rgba(239, 68, 68, 0.1); border: 2px solid var(--color-error); border-radius: var(--radius-md); padding: var(--space-md); margin-bottom: var(--space-md); display: flex; justify-content: space-between; align-items: flex-start; gap: var(--space-md);"[39m
          [36m>[39m
            [36m<div[39m
              [33mstyle[39m=[32m"flex: 1 1 0%;"[39m
            [36m>[39m
              [36m<p[39m
                [33mstyle[39m=[32m"font-size: var(--font-size-body-base); color: var(--color-text-secondary); margin: 0px;"[39m
              [36m>[39m
                [0mError: Failed to add memory: [object Object] (ADD_MEMORY_FAILED)[0m
              [36m</p>[39m
            [36m</div>[39m
          [36m</div>[39m
          [36m<form[39m
            [33mclass[39m=[32m"space-y-4"[39m
          [36m>[39m
            [36m<div>[39m
              [36m<label[39m
                [33mclass[39m=[32m"block text-sm font-medium text-slate-700 dark:text-slate-300 mb-2"[39m
              [36m>[39m
                [0mMemory Title *[0m
              [36m</label>[39m
              [36m<div[39m
                [33mstyle[39m=[32m"display: flex; flex-direction: column; gap: var(--space-xs);"[39m
              [36m>[39m
                [36m<input[39m
                  [33mmaxlength[39m=[32m"200"[39m
                  [33mplaceholder[39m=[32m"e.g., Completed project ahead of schedule"[39m
                  [33mstyle[39m=[32m"padding: 0.625rem 0.875rem; font-size: var(--font-size-body-base); font-family: var(--font-family-sans); border: 1px solid var(--color-border); border-radius: var(--radius-md); background-color: var(--color-bg-primary); color: var(--color-text-primary); transition: border-color 0.2s ease; outline: none;"[39m
                  [33mvalue[39m=[32m"Test Memory"[39m
                [36m/>[39m
              [36m</div>[39m
              [36m<p[39m
                [33mclass[39m=[32m"text-xs text-slate-500 dark:text-slate-400 mt-1"[39m
              [36m>[39m
                [0m11[0m
                [0m/200 characters[0m
              [36m</p>[39m
            [36m</div>[39m
            [36m<div>[39m
              [36m<label[39m
                [33mclass[39m=[32m"block text-sm font-medium text-slate-700 dark:text-slate-300 mb-2"[39m
              [36m>[39m
                [0mWhat happened? *[0m
              [36m</label>[39m
              [36m<textarea[39m
                [33mclass[39m=[32m"w-full px-3 py-2 border border-slate-300 dark:border-slate-700 rounded-md text-sm focus:outline-none focus:ring-2 focus:ring-blue-500 dark:bg-slate-900 dark:text-white"[39m
                [33mmaxlength[39m=[32m"5000"[39m
                [33mplaceholder[39m=[32m"Describe the event, what you learned, or why it's important..."[39m
                [33mrows[39m=[32m"5"[39m
              [36m>[39m
                [0mTest content for error case[0m
              [36m</textarea>[39m
              [36m<p[39m
                [33mclass[39m=[32m"text-xs text-slate-500 dark:text-slate-400 mt-1"[39m
              [36m>[39m
                [0m27[0m
                [0m/5000 characters[0m
              [36m</p>[39m
            [36m</div>[39m
            [36m<div>[39m
              [36m<label[39m
                [33mclass[39m=[32m"block text-sm font-medium text-slate-700 dark:text-slate-300 mb-2"[39m
              [36m>[39m
                [0mMemory Type *[0m
              [36m</label>[39m
              [36m<div[39m
                [33mclass[39m=[32m"grid grid-cols-2 gap-2"[39m
              [36m>[39m
                [36m<button[39m
                  [33mclass[39m=[32m"p-3 rounded-lg border-2 text-sm font-medium transition-all border-slate-200 dark:border-slate-700 bg-white dark:bg-slate-950 text-slate-700 dark:text-slate-300 hover:border-slate-300"[39m
                  [33mtype[39m=[32m"button"[39m
                [36m>[39m
                  [0m🎉 Small Win[0m
                [36m</button>[39m
                [36m<button[39m
                  [33mclass[39m=[32m"p-3 rounded-lg border-2 text-sm font-medium transition-all border-slate-200 dark:border-slate-700 bg-white dark:bg-slate-950 text-slate-700 dark:text-slate-300 hover:border-slate-300"[39m
                  [33mtype[39m=[32m"button"[39m
                [36m>[39m
                  [0m⭐ Important Moment[0m
                [36m</button>[39m
                [36m<button[39m
                  [33mclass[39m=[32m"p-3 rounded-lg border-2 text-sm font-medium transition-all border-slate-200 dark:border-slate-700 bg-white dark:bg-slate-950 text-slate-700 dark:text-slate-300 hover:border-slate-300"[39m
                  [33mtype[39m=[32m"button"[39m
                [36m>[39m
                  [0m💡 Discovery[0m
                [36m</button>[39m
                [36m<button[39m
                  [33mclass[39m=[32m"p-3 rounded-lg border-2 text-sm font-medium transition-all border-blue-500 bg-blue-50 dark:bg-blue-900 text-blue-700 dark:text-blue-200"[39m
                  [33mtype[39m=[32m"button"[39m
                [36m>[39m
                  [0m📝 Personal Note[0m
                [36m</button>[39m
              [36m</div>[39m
            [36m</div>[39m
            [36m<div>[39m
              [36m<label[39m
                [33mclass[39m=[32m"block text-sm font-medium text-slate-700 dark:text-slate-300 mb-2"[39m
              [36m>[39m
                [0mTags (optional)[0m
              [36m</label>[39m
              [36m<div[39m
                [33mstyle[39m=[32m"display: flex; flex-direction: column; gap: var(--space-xs);"[39m
              [36m>[39m
                [36m<input[39m
                  [33mplaceholder[39m=[32m"e.g., achievement, work, personal growth (comma-separated)"[39m
                  [33mstyle[39m=[32m"padding: 0.625rem 0.875rem; font-size: var(--font-size-body-base); font-family: var(--font-family-sans); border: 1px solid var(--color-border); border-radius: var(--radius-md); background-color: var(--color-bg-primary); color: var(--color-text-primary); transition: border-color 0.2s ease; outline: none;"[39m
                  [33mvalue[39m=[32m""[39m
                [36m/>[39m
              [36m</div>[39m
              [36m<p[39m
                [33mclass[39m=[32m"text-xs text-slate-500 dark:text-slate-400 mt-1"[39m
              [36m>[39m
                [0mSeparate tags with commas[0m
              [36m</p>[39m
            [36m</div>[39m
            [36m<div[39m
              [33mclass[39m=[32m"flex gap-3"[39m
            [36m>[39m
              [36m<button[39m
                [33mstyle[39m=[32m"font-family: var(--font-family-sans); font-weight: var(--font-weight-semibold); border-radius: var(--radius-md); border: medium; cursor: pointer; transition: all 0.2s ease; font-size: var(--font-size-body-large); background-color: var(--color-accent-primary); color: var(--color-accent-secondary); padding: 0.75rem 1.5rem;"[39m
                [33mtype[39m=[32m"submit"[39m
              [36m>[39m
                [0mSave Memory[0m
              [36m</button>[39m
            [36m</div>[39m
          [36m</form>[39m
        [36m</div>[39m
      [36m</div>[39m
    [36m</div>[39m
  [36m</body>[39m
[36m</html>[39m
[90m [2m❯[22m Proxy.waitForWrapper node_modules/@testing-library/dom/dist/wait-for.js:[2m163:27[22m[39m
[36m [2m❯[22m src/components/intelligence/E2E.flow.test.tsx:[2m459:13[22m[39m
    [90m457|[39m
    [90m458|[39m       [90m// Verify error shown[39m
    [90m459|[39m       [35mawait[39m [34mwaitFor[39m(() [33m=>[39m {
    [90m   |[39m             [31m^[39m
    [90m460|[39m         expect(getByText(/Failed to save memory/i)).toBeInTheDocument(…
    [90m461|[39m       })[33m;[39m

[31m[2m⎯⎯⎯⎯⎯⎯⎯⎯⎯⎯⎯⎯⎯⎯⎯⎯⎯⎯⎯⎯⎯[87/106]⎯[22m[39m

[41m[1m FAIL [22m[49m src/components/intelligence/FeedbackWidget.integration.test.tsx[2m > [22mFeedbackWidget Integration Tests[2m > [22mIntegration: Component → AIFeedbackLoop → Supabase[2m > [22mshould record feedback end-to-end with real AIFeedbackLoop
[31m[1mTestingLibraryElementError[22m[39m: Unable to find an element with the text: You tend to analyze problems deeply before making decisions. This could be because the text is broken up by multiple elements. In this case, you can provide a function for your text matcher to make your matcher more flexible.

Ignored nodes: comments, script, style
[36m<body>[39m
  [36m<div>[39m
    [36m<div[39m
      [33mclass[39m=[32m"p-5 bg-gradient-to-br from-slate-50 to-slate-100 dark:from-slate-900 dark:to-slate-800 border border-slate-200 dark:border-slate-700"[39m
      [33mstyle[39m=[32m"background-color: var(--color-bg-secondary); border-radius: var(--radius-lg); padding: var(--space-lg); border: 1px solid var(--color-border); transition: all 0.2s ease; box-shadow: var(--shadow-sm);"[39m
    [36m>[39m
      [36m<div[39m
        [33mclass[39m=[32m"space-y-4"[39m
      [36m>[39m
        [36m<div>[39m
          [36m<h3[39m
            [33mclass[39m=[32m"font-semibold text-slate-900 dark:text-white mb-2"[39m
          [36m>[39m
            [0mHow accurate is this?[0m
          [36m</h3>[39m
          [36m<p[39m
            [33mclass[39m=[32m"text-sm text-slate-600 dark:text-slate-400"[39m
          [36m>[39m
            [0mYour feedback helps improve your personal AI model[0m
          [36m</p>[39m
        [36m</div>[39m
        [36m<div[39m
          [33mclass[39m=[32m"p-3 bg-white dark:bg-slate-950 rounded-lg border border-slate-200 dark:border-slate-700"[39m
        [36m>[39m
          [36m<p[39m
            [33mclass[39m=[32m"text-sm text-slate-800 dark:text-slate-200 italic"[39m
          [36m>[39m
            [0m"[0m
            [0mYou tend to analyze problems deeply before making decisions[0m
            [0m"[0m
          [36m</p>[39m
        [36m</div>[39m
        [36m<div[39m
          [33mclass[39m=[32m"space-y-2"[39m
        [36m>[39m
          [36m<button[39m
            [33mclass[39m=[32m"w-full p-3 rounded-lg text-left transition-all border-2 border-slate-200 dark:border-slate-700 bg-white dark:bg-slate-950 hover:border-slate-300"[39m
          [36m>[39m
            [36m<div[39m
              [33mclass[39m=[32m"flex items-start gap-3"[39m
            [36m>[39m
              [36m<span[39m
                [33mclass[39m=[32m"text-xl mt-0.5"[39m
              [36m>[39m
                [0m🎯[0m
              [36m</span>[39m
              [36m<div[39m
                [33mclass[39m=[32m"flex-1"[39m
              [36m>[39m
                [36m<div[39m
                  [33mclass[39m=[32m"font-medium text-slate-900 dark:text-white"[39m
                [36m>[39m
                  [0mVery True[0m
                [36m</div>[39m
                [36m<div[39m
                  [33mclass[39m=[32m"text-xs text-slate-600 dark:text-slate-400 mt-0.5"[39m
                [36m>[39m
                  [0mThis is accurate and reflects me well[0m
                [36m</div>[39m
              [36m</div>[39m
            [36m</div>[39m
          [36m</button>[39m
          [36m<button[39m
            [33mclass[39m=[32m"w-full p-3 rounded-lg text-left transition-all border-2 border-slate-200 dark:border-slate-700 bg-white dark:bg-slate-950 hover:border-slate-300"[39m
          [36m>[39m
            [36m<div[39m
              [33mclass[39m=[32m"flex items-start gap-3"[39m
            [36m>[39m
              [36m<span[39m
                [33mclass[39m=[32m"text-xl mt-0.5"[39m
              [36m>[39m
                [0m✓[0m
              [36m</span>[39m
              [36m<div[39m
                [33mclass[39m=[32m"flex-1"[39m
              [36m>[39m
                [36m<div[39m
                  [33mclass[39m=[32m"font-medium text-slate-900 dark:text-white"[39m
                [36m>[39m
                  [0mSomewhat[0m
                [36m</div>[39m
                [36m<div[39m
                  [33mclass[39m=[32m"text-xs text-slate-600 dark:text-slate-400 mt-0.5"[39m
                [36m>[39m
                  [0mThis is partially true or mixed[0m
                [36m</div>[39m
              [36m</div>[39m
            [36m</div>[39m
          [36m</button>[39m
          [36m<button[39m
            [33mclass[39m=[32m"w-full p-3 rounded-lg text-left transition-all border-2 border-slate-200 dark:border-slate-700 bg-white dark:bg-slate-950 hover:border-slate-300"[39m
          [36m>[39m
            [36m<div[39m
              [33mclass[39m=[32m"flex items-start gap-3"[39m
            [36m>[39m
              [36m<span[39m
                [33mclass[39m=[32m"text-xl mt-0.5"[39m
              [36m>[39m
                [0m?[0m
              [36m</span>[39m
              [36m<div[39m
                [33mclass[39m=[32m"flex-1"[39m
              [36m>[39m
                [36m<div[39m
                  [33mclass[39m=[32m"font-medium text-slate-900 dark:text-white"[39m
                [36m>[39m
                  [0mNot Sure[0m
                [36m</div>[39m
                [36m<div[39m
                  [33mclass[39m=[32m"text-xs text-slate-600 dark:text-slate-400 mt-0.5"[39m
                [36m>[39m
                  [0mI'm uncertain about this[0m
                [36m</div>[39m
              [36m</div>[39m
            [36m</div>[39m
          [36m</button>[39m
          [36m<button[39m
            [33mclass[39m=[32m"w-full p-3 rounded-lg text-left transition-all border-2 border-slate-200 dark:border-slate-700 bg-white dark:bg-slate-950 hover:border-slate-300"[39m
          [36m>[39m
            [36m<div[39m
              [33mclass[39m=[32m"flex items-start gap-3"[39m
            [36m>[39m
              [36m<span[39m
                [33mclass[39m=[32m"text-xl mt-0.5"[39m
              [36m>[39m
                [0m✕[0m
              [36m</span>[39m
              [36m<div[39m
                [33mclass[39m=[32m"flex-1"[39m
              [36m>[39m
                [36m<div[39m
                  [33mclass[39m=[32m"font-medium text-slate-900 dark:text-white"[39m
                [36m>[39m
                  [0mNot Me[0m
                [36m</div>[39m
                [36m<div[39m
                  [33mclass[39m=[32m"text-xs text-slate-600 dark:text-slate-400 mt-0.5"[39m
                [36m>[39m
                  [0mThis does not describe me[0m
                [36m</div>[39m
              [36m</div>[39m
            [36m</div>[39m
          [36m</button>[39m
        [36m</div>[39m
        [36m<div[39m
          [33mclass[39m=[32m"p-3 bg-blue-50 dark:bg-blue-900 rounded-lg text-xs text-blue-700 dark:text-blue-200 space-y-1"[39m
        [36m>[39m
          [36m<div>[39m
            [36m<strong>[39m
              [0mMaster Direction:[0m
            [36m</strong>[39m
            [0m "Never pretend to know"[0m
          [36m</div>[39m
          [36m<div>[39m
            [0mYour feedback is equally important whether you say "Very True" or "Not Me". Both help calibrate your personal model accurately.[0m
          [36m</div>[39m
        [36m</div>[39m
        [36m<button[39m
          [33mclass[39m=[32m"w-full"[39m
          [33mdisabled[39m=[32m""[39m
          [33mstyle[39m=[32m"font-family: var(--font-family-sans); font-weight: var(--font-weight-semibold); border-radius: var(--radius-md); border: 2px solid var(--color-accent-primary); cursor: pointer; transition: all 0.2s ease; font-size: var(--font-size-body-large); background-color: var(--color-accent-secondary); color: var(--color-accent-primary); padding: 0.75rem 1.5rem;"[39m
        [36m>[39m
          [0mSelect a feedback option[0m
        [36m</button>[39m
      [36m</div>[39m
    [36m</div>[39m
  [36m</div>[39m
[36m</body>[39m
[90m [2m❯[22m Object.getElementError node_modules/@testing-library/dom/dist/config.js:[2m37:19[22m[39m
[90m [2m❯[22m node_modules/@testing-library/dom/dist/query-helpers.js:[2m76:38[22m[39m
[90m [2m❯[22m node_modules/@testing-library/dom/dist/query-helpers.js:[2m52:17[22m[39m
[90m [2m❯[22m node_modules/@testing-library/dom/dist/query-helpers.js:[2m95:19[22m[39m
[36m [2m❯[22m src/components/intelligence/FeedbackWidget.integration.test.tsx:[2m87:21[22m[39m
    [90m 85|[39m
    [90m 86|[39m       [90m// Verify insight text displayed[39m
    [90m 87|[39m       [34mexpect[39m(screen[33m.[39m[34mgetByText[39m(mockInsightText))[33m.[39m[34mtoBeInTheDocument[39m()[33m;[39m
    [90m   |[39m                     [31m^[39m
    [90m 88|[39m
    [90m 89|[39m       [90m// Select "Very True" feedback[39m

[31m[2m⎯⎯⎯⎯⎯⎯⎯⎯⎯⎯⎯⎯⎯⎯⎯⎯⎯⎯⎯⎯⎯[88/106]⎯[22m[39m

[41m[1m FAIL [22m[49m src/components/intelligence/FeedbackWidget.integration.test.tsx[2m > [22mFeedbackWidget Integration Tests[2m > [22mIntegration: Component → AIFeedbackLoop → Supabase[2m > [22mshould handle feedback submission errors with user message
[31m[1mTestingLibraryElementError[22m[39m: Unable to find an element with the placeholder text of: /optional feedback/i

Ignored nodes: comments, script, style
[36m<body>[39m
  [36m<div>[39m
    [36m<div[39m
      [33mclass[39m=[32m"p-5 bg-gradient-to-br from-slate-50 to-slate-100 dark:from-slate-900 dark:to-slate-800 border border-slate-200 dark:border-slate-700"[39m
      [33mstyle[39m=[32m"background-color: var(--color-bg-secondary); border-radius: var(--radius-lg); padding: var(--space-lg); border: 1px solid var(--color-border); transition: all 0.2s ease; box-shadow: var(--shadow-sm);"[39m
    [36m>[39m
      [36m<div[39m
        [33mclass[39m=[32m"space-y-4"[39m
      [36m>[39m
        [36m<div>[39m
          [36m<h3[39m
            [33mclass[39m=[32m"font-semibold text-slate-900 dark:text-white mb-2"[39m
          [36m>[39m
            [0mHow accurate is this?[0m
          [36m</h3>[39m
          [36m<p[39m
            [33mclass[39m=[32m"text-sm text-slate-600 dark:text-slate-400"[39m
          [36m>[39m
            [0mYour feedback helps improve your personal AI model[0m
          [36m</p>[39m
        [36m</div>[39m
        [36m<div[39m
          [33mclass[39m=[32m"p-3 bg-white dark:bg-slate-950 rounded-lg border border-slate-200 dark:border-slate-700"[39m
        [36m>[39m
          [36m<p[39m
            [33mclass[39m=[32m"text-sm text-slate-800 dark:text-slate-200 italic"[39m
          [36m>[39m
            [0m"[0m
            [0mYou tend to analyze problems deeply before making decisions[0m
            [0m"[0m
          [36m</p>[39m
        [36m</div>[39m
        [36m<div[39m
          [33mclass[39m=[32m"space-y-2"[39m
        [36m>[39m
          [36m<button[39m
            [33mclass[39m=[32m"w-full p-3 rounded-lg text-left transition-all border-2 border-green-500 bg-green-50 dark:bg-green-900"[39m
          [36m>[39m
            [36m<div[39m
              [33mclass[39m=[32m"flex items-start gap-3"[39m
            [36m>[39m
              [36m<span[39m
                [33mclass[39m=[32m"text-xl mt-0.5"[39m
              [36m>[39m
                [0m🎯[0m
              [36m</span>[39m
              [36m<div[39m
                [33mclass[39m=[32m"flex-1"[39m
              [36m>[39m
                [36m<div[39m
                  [33mclass[39m=[32m"font-medium text-slate-900 dark:text-white"[39m
                [36m>[39m
                  [0mVery True[0m
                [36m</div>[39m
                [36m<div[39m
                  [33mclass[39m=[32m"text-xs text-slate-600 dark:text-slate-400 mt-0.5"[39m
                [36m>[39m
                  [0mThis is accurate and reflects me well[0m
                [36m</div>[39m
              [36m</div>[39m
              [36m<div[39m
                [33mclass[39m=[32m"bg-green-500 text-white rounded-full w-5 h-5 flex items-center justify-center text-xs font-bold"[39m
              [36m>[39m
                [0m✓[0m
              [36m</div>[39m
            [36m</div>[39m
          [36m</button>[39m
          [36m<button[39m
            [33mclass[39m=[32m"w-full p-3 rounded-lg text-left transition-all border-2 border-slate-200 dark:border-slate-700 bg-white dark:bg-slate-950 hover:border-slate-300"[39m
          [36m>[39m
            [36m<div[39m
              [33mclass[39m=[32m"flex items-start gap-3"[39m
            [36m>[39m
              [36m<span[39m
                [33mclass[39m=[32m"text-xl mt-0.5"[39m
              [36m>[39m
                [0m✓[0m
              [36m</span>[39m
              [36m<div[39m
                [33mclass[39m=[32m"flex-1"[39m
              [36m>[39m
                [36m<div[39m
                  [33mclass[39m=[32m"font-medium text-slate-900 dark:text-white"[39m
                [36m>[39m
                  [0mSomewhat[0m
                [36m</div>[39m
                [36m<div[39m
                  [33mclass[39m=[32m"text-xs text-slate-600 dark:text-slate-400 mt-0.5"[39m
                [36m>[39m
                  [0mThis is partially true or mixed[0m
                [36m</div>[39m
              [36m</div>[39m
            [36m</div>[39m
          [36m</button>[39m
          [36m<button[39m
            [33mclass[39m=[32m"w-full p-3 rounded-lg text-left transition-all border-2 border-slate-200 dark:border-slate-700 bg-white dark:bg-slate-950 hover:border-slate-300"[39m
          [36m>[39m
            [36m<div[39m
              [33mclass[39m=[32m"flex items-start gap-3"[39m
            [36m>[39m
              [36m<span[39m
                [33mclass[39m=[32m"text-xl mt-0.5"[39m
              [36m>[39m
                [0m?[0m
              [36m</span>[39m
              [36m<div[39m
                [33mclass[39m=[32m"flex-1"[39m
              [36m>[39m
                [36m<div[39m
                  [33mclass[39m=[32m"font-medium text-slate-900 dark:text-white"[39m
                [36m>[39m
                  [0mNot Sure[0m
                [36m</div>[39m
                [36m<div[39m
                  [33mclass[39m=[32m"text-xs text-slate-600 dark:text-slate-400 mt-0.5"[39m
                [36m>[39m
                  [0mI'm uncertain about this[0m
                [36m</div>[39m
              [36m</div>[39m
            [36m</div>[39m
          [36m</button>[39m
          [36m<button[39m
            [33mclass[39m=[32m"w-full p-3 rounded-lg text-left transition-all border-2 border-slate-200 dark:border-slate-700 bg-white dark:bg-slate-950 hover:border-slate-300"[39m
          [36m>[39m
            [36m<div[39m
              [33mclass[39m=[32m"flex items-start gap-3"[39m
            [36m>[39m
              [36m<span[39m
                [33mclass[39m=[32m"text-xl mt-0.5"[39m
              [36m>[39m
                [0m✕[0m
              [36m</span>[39m
              [36m<div[39m
                [33mclass[39m=[32m"flex-1"[39m
              [36m>[39m
                [36m<div[39m
                  [33mclass[39m=[32m"font-medium text-slate-900 dark:text-white"[39m
                [36m>[39m
                  [0mNot Me[0m
                [36m</div>[39m
                [36m<div[39m
                  [33mclass[39m=[32m"text-xs text-slate-600 dark:text-slate-400 mt-0.5"[39m
                [36m>[39m
                  [0mThis does not describe me[0m
                [36m</div>[39m
              [36m</div>[39m
            [36m</div>[39m
          [36m</button>[39m
        [36m</div>[39m
        [36m<div[39m
          [33mclass[39m=[32m"pt-3 border-t border-slate-200 dark:border-slate-700"[39m
        [36m>[39m
          [36m<label[39m
            [33mclass[39m=[32m"text-sm font-medium text-slate-700 dark:text-slate-300 mb-2 block"[39m
          [36m>[39m
            [0mAdd a note (optional)[0m
          [36m</label>[39m
          [36m<textarea[39m
            [33mclass[39m=[32m"w-full px-3 py-2 border border-slate-300 dark:border-slate-600 rounded-lg text-sm focus:outline-none focus:ring-2 focus:ring-blue-500 dark:bg-slate-950 dark:text-white resize-none"[39m
            [33mmaxlength[39m=[32m"500"[39m
            [33mplaceholder[39m=[32m"Any additional context to help AI understand?"[39m
            [33mrows[39m=[32m"3"[39m
          [36m/>[39m
          [36m<p[39m
            [33mclass[39m=[32m"text-xs text-slate-500 dark:text-slate-400 mt-1"[39m
          [36m>[39m
            [0m0[0m
            [0m/500 characters[0m
          [36m</p>[39m
        [36m</div>[39m
        [36m<div[39m
          [33mclass[39m=[32m"p-3 bg-blue-50 dark:bg-blue-900 rounded-lg text-xs text-blue-700 dark:text-blue-200 space-y-1"[39m
        [36m>[39m
          [36m<div>[39m
            [36m<strong>[39m
              [0mMaster Direction:[0m
            [36m</strong>[39m
            [0m "Never pretend to know"[0m
          [36m</div>[39m
          [36m<div>[39m
            [0mYour feedback is equally important whether you say "Very True" or "Not Me". Both help calibrate your personal model accurately.[0m
          [36m</div>[39m
        [36m</div>[39m
        [36m<button[39m
          [33mclass[39m=[32m"w-full"[39m
          [33mstyle[39m=[32m"font-family: var(--font-family-sans); font-weight: var(--font-weight-semibold); border-radius: var(--radius-md); border: medium; cursor: pointer; transition: all 0.2s ease; font-size: var(--font-size-body-large); background-color: var(--color-accent-primary); color: var(--color-accent-secondary); padding: 0.75rem 1.5rem;"[39m
        [36m>[39m
          [0mSubmit Feedback[0m
        [36m</button>[39m
      [36m</div>[39m
    [36m</div>[39m
  [36m</div>[39m
[36m</body>[39m
[90m [2m❯[22m Object.getElementError node_modules/@testing-library/dom/dist/config.js:[2m37:19[22m[39m
[90m [2m❯[22m node_modules/@testing-library/dom/dist/query-helpers.js:[2m76:38[22m[39m
[90m [2m❯[22m node_modules/@testing-library/dom/dist/query-helpers.js:[2m52:17[22m[39m
[90m [2m❯[22m node_modules/@testing-library/dom/dist/query-helpers.js:[2m95:19[22m[39m
[36m [2m❯[22m src/components/intelligence/FeedbackWidget.integration.test.tsx:[2m288:35[22m[39m
    [90m286|[39m
    [90m287|[39m       [90m// Add comment[39m
    [90m288|[39m       const commentInput = screen.getByPlaceholderText(/optional feedb…
    [90m   |[39m                                   [31m^[39m
    [90m289|[39m       [35mawait[39m userEvent[33m.[39m[34mtype[39m(commentInput[33m,[39m [32m'Test comment'[39m)[33m;[39m
    [90m290|[39m

[31m[2m⎯⎯⎯⎯⎯⎯⎯⎯⎯⎯⎯⎯⎯⎯⎯⎯⎯⎯⎯⎯⎯[89/106]⎯[22m[39m

[41m[1m FAIL [22m[49m src/components/intelligence/FeedbackWidget.integration.test.tsx[2m > [22mFeedbackWidget Integration Tests[2m > [22mIntegration: Component → AIFeedbackLoop → Supabase[2m > [22mshould save feedback in inline mode through full integration
[31m[1mTestingLibraryElementError[22m: Unable to find an accessible element with the role "button" and name `/Not Sure/i`

Here are the accessible roles:

  button:

  Name "🎯":
  [36m<button[31m
    [33mclass[31m=[32m"flex-1 py-2 px-3 rounded-lg text-sm font-medium transition-all bg-slate-100 dark:bg-slate-800 text-slate-700 dark:text-slate-300 hover:bg-slate-200"[31m
    [33mtitle[31m=[32m"This is accurate and reflects me well"[31m
  [36m/>[31m

  Name "✓":
  [36m<button[31m
    [33mclass[31m=[32m"flex-1 py-2 px-3 rounded-lg text-sm font-medium transition-all bg-slate-100 dark:bg-slate-800 text-slate-700 dark:text-slate-300 hover:bg-slate-200"[31m
    [33mtitle[31m=[32m"This is partially true or mixed"[31m
  [36m/>[31m

  Name "?":
  [36m<button[31m
    [33mclass[31m=[32m"flex-1 py-2 px-3 rounded-lg text-sm font-medium transition-all bg-slate-100 dark:bg-slate-800 text-slate-700 dark:text-slate-300 hover:bg-slate-200"[31m
    [33mtitle[31m=[32m"I'm uncertain about this"[31m
  [36m/>[31m

  Name "✕":
  [36m<button[31m
    [33mclass[31m=[32m"flex-1 py-2 px-3 rounded-lg text-sm font-medium transition-all bg-slate-100 dark:bg-slate-800 text-slate-700 dark:text-slate-300 hover:bg-slate-200"[31m
    [33mtitle[31m=[32m"This does not describe me"[31m
  [36m/>[31m

  --------------------------------------------------

Ignored nodes: comments, script, style
[36m<body>[31m
  [36m<div>[31m
    [36m<div[31m
      [33mclass[31m=[32m"space-y-3"[31m
    [36m>[31m
      [36m<div[31m
        [33mclass[31m=[32m"flex gap-2"[31m
      [36m>[31m
        [36m<button[31m
          [33mclass[31m=[32m"flex-1 py-2 px-3 rounded-lg text-sm font-medium transition-all bg-slate-100 dark:bg-slate-800 text-slate-700 dark:text-slate-300 hover:bg-slate-200"[31m
          [33mtitle[31m=[32m"This is accurate and reflects me well"[31m
        [36m>[31m
          [0m🎯[0m
        [36m</button>[31m
        [36m<button[31m
          [33mclass[31m=[32m"flex-1 py-2 px-3 rounded-lg text-sm font-medium transition-all bg-slate-100 dark:bg-slate-800 text-slate-700 dark:text-slate-300 hover:bg-slate-200"[31m
          [33mtitle[31m=[32m"This is partially true or mixed"[31m
        [36m>[31m
          [0m✓[0m
        [36m</button>[31m
        [36m<button[31m
          [33mclass[31m=[32m"flex-1 py-2 px-3 rounded-lg text-sm font-medium transition-all bg-slate-100 dark:bg-slate-800 text-slate-700 dark:text-slate-300 hover:bg-slate-200"[31m
          [33mtitle[31m=[32m"I'm uncertain about this"[31m
        [36m>[31m
          [0m?[0m
        [36m</button>[31m
        [36m<button[31m
          [33mclass[31m=[32m"flex-1 py-2 px-3 rounded-lg text-sm font-medium transition-all bg-slate-100 dark:bg-slate-800 text-slate-700 dark:text-slate-300 hover:bg-slate-200"[31m
          [33mtitle[31m=[32m"This does not describe me"[31m
        [36m>[31m
          [0m✕[0m
        [36m</button>[31m
      [36m</div>[31m
    [36m</div>[31m
  [36m</div>[31m
[36m</body>[31m[39m
[90m [2m❯[22m Object.getElementError node_modules/@testing-library/dom/dist/config.js:[2m37:19[22m[39m
[90m [2m❯[22m node_modules/@testing-library/dom/dist/query-helpers.js:[2m76:38[22m[39m
[90m [2m❯[22m node_modules/@testing-library/dom/dist/query-helpers.js:[2m52:17[22m[39m
[90m [2m❯[22m node_modules/@testing-library/dom/dist/query-helpers.js:[2m95:19[22m[39m
[36m [2m❯[22m src/components/intelligence/FeedbackWidget.integration.test.tsx:[2m344:36[22m[39m
    [90m342|[39m
    [90m343|[39m       [90m// Select feedback[39m
    [90m344|[39m       const notSureButton = screen.getByRole('button', { name: /Not Su…
    [90m   |[39m                                    [31m^[39m
    [90m345|[39m       fireEvent[33m.[39m[34mclick[39m(notSureButton)[33m;[39m
    [90m346|[39m

[31m[2m⎯⎯⎯⎯⎯⎯⎯⎯⎯⎯⎯⎯⎯⎯⎯⎯⎯⎯⎯⎯⎯[90/106]⎯[22m[39m

[41m[1m FAIL [22m[49m src/components/intelligence/FeedbackWidget.integration.test.tsx[2m > [22mFeedbackWidget Integration Tests[2m > [22mIntegration: Component → AIFeedbackLoop → Supabase[2m > [22mshould include model calibration metadata in feedback submission
[31m[1mTestingLibraryElementError[22m[39m: Unable to find an element with the placeholder text of: /optional feedback/i

Ignored nodes: comments, script, style
[36m<body>[39m
  [36m<div>[39m
    [36m<div[39m
      [33mclass[39m=[32m"p-5 bg-gradient-to-br from-slate-50 to-slate-100 dark:from-slate-900 dark:to-slate-800 border border-slate-200 dark:border-slate-700"[39m
      [33mstyle[39m=[32m"background-color: var(--color-bg-secondary); border-radius: var(--radius-lg); padding: var(--space-lg); border: 1px solid var(--color-border); transition: all 0.2s ease; box-shadow: var(--shadow-sm);"[39m
    [36m>[39m
      [36m<div[39m
        [33mclass[39m=[32m"space-y-4"[39m
      [36m>[39m
        [36m<div>[39m
          [36m<h3[39m
            [33mclass[39m=[32m"font-semibold text-slate-900 dark:text-white mb-2"[39m
          [36m>[39m
            [0mHow accurate is this?[0m
          [36m</h3>[39m
          [36m<p[39m
            [33mclass[39m=[32m"text-sm text-slate-600 dark:text-slate-400"[39m
          [36m>[39m
            [0mYour feedback helps improve your personal AI model[0m
          [36m</p>[39m
        [36m</div>[39m
        [36m<div[39m
          [33mclass[39m=[32m"p-3 bg-white dark:bg-slate-950 rounded-lg border border-slate-200 dark:border-slate-700"[39m
        [36m>[39m
          [36m<p[39m
            [33mclass[39m=[32m"text-sm text-slate-800 dark:text-slate-200 italic"[39m
          [36m>[39m
            [0m"[0m
            [0mYou tend to analyze problems deeply before making decisions[0m
            [0m"[0m
          [36m</p>[39m
        [36m</div>[39m
        [36m<div[39m
          [33mclass[39m=[32m"space-y-2"[39m
        [36m>[39m
          [36m<button[39m
            [33mclass[39m=[32m"w-full p-3 rounded-lg text-left transition-all border-2 border-green-500 bg-green-50 dark:bg-green-900"[39m
          [36m>[39m
            [36m<div[39m
              [33mclass[39m=[32m"flex items-start gap-3"[39m
            [36m>[39m
              [36m<span[39m
                [33mclass[39m=[32m"text-xl mt-0.5"[39m
              [36m>[39m
                [0m🎯[0m
              [36m</span>[39m
              [36m<div[39m
                [33mclass[39m=[32m"flex-1"[39m
              [36m>[39m
                [36m<div[39m
                  [33mclass[39m=[32m"font-medium text-slate-900 dark:text-white"[39m
                [36m>[39m
                  [0mVery True[0m
                [36m</div>[39m
                [36m<div[39m
                  [33mclass[39m=[32m"text-xs text-slate-600 dark:text-slate-400 mt-0.5"[39m
                [36m>[39m
                  [0mThis is accurate and reflects me well[0m
                [36m</div>[39m
              [36m</div>[39m
              [36m<div[39m
                [33mclass[39m=[32m"bg-green-500 text-white rounded-full w-5 h-5 flex items-center justify-center text-xs font-bold"[39m
              [36m>[39m
                [0m✓[0m
              [36m</div>[39m
            [36m</div>[39m
          [36m</button>[39m
          [36m<button[39m
            [33mclass[39m=[32m"w-full p-3 rounded-lg text-left transition-all border-2 border-slate-200 dark:border-slate-700 bg-white dark:bg-slate-950 hover:border-slate-300"[39m
          [36m>[39m
            [36m<div[39m
              [33mclass[39m=[32m"flex items-start gap-3"[39m
            [36m>[39m
              [36m<span[39m
                [33mclass[39m=[32m"text-xl mt-0.5"[39m
              [36m>[39m
                [0m✓[0m
              [36m</span>[39m
              [36m<div[39m
                [33mclass[39m=[32m"flex-1"[39m
              [36m>[39m
                [36m<div[39m
                  [33mclass[39m=[32m"font-medium text-slate-900 dark:text-white"[39m
                [36m>[39m
                  [0mSomewhat[0m
                [36m</div>[39m
                [36m<div[39m
                  [33mclass[39m=[32m"text-xs text-slate-600 dark:text-slate-400 mt-0.5"[39m
                [36m>[39m
                  [0mThis is partially true or mixed[0m
                [36m</div>[39m
              [36m</div>[39m
            [36m</div>[39m
          [36m</button>[39m
          [36m<button[39m
            [33mclass[39m=[32m"w-full p-3 rounded-lg text-left transition-all border-2 border-slate-200 dark:border-slate-700 bg-white dark:bg-slate-950 hover:border-slate-300"[39m
          [36m>[39m
            [36m<div[39m
              [33mclass[39m=[32m"flex items-start gap-3"[39m
            [36m>[39m
              [36m<span[39m
                [33mclass[39m=[32m"text-xl mt-0.5"[39m
              [36m>[39m
                [0m?[0m
              [36m</span>[39m
              [36m<div[39m
                [33mclass[39m=[32m"flex-1"[39m
              [36m>[39m
                [36m<div[39m
                  [33mclass[39m=[32m"font-medium text-slate-900 dark:text-white"[39m
                [36m>[39m
                  [0mNot Sure[0m
                [36m</div>[39m
                [36m<div[39m
                  [33mclass[39m=[32m"text-xs text-slate-600 dark:text-slate-400 mt-0.5"[39m
                [36m>[39m
                  [0mI'm uncertain about this[0m
                [36m</div>[39m
              [36m</div>[39m
            [36m</div>[39m
          [36m</button>[39m
          [36m<button[39m
            [33mclass[39m=[32m"w-full p-3 rounded-lg text-left transition-all border-2 border-slate-200 dark:border-slate-700 bg-white dark:bg-slate-950 hover:border-slate-300"[39m
          [36m>[39m
            [36m<div[39m
              [33mclass[39m=[32m"flex items-start gap-3"[39m
            [36m>[39m
              [36m<span[39m
                [33mclass[39m=[32m"text-xl mt-0.5"[39m
              [36m>[39m
                [0m✕[0m
              [36m</span>[39m
              [36m<div[39m
                [33mclass[39m=[32m"flex-1"[39m
              [36m>[39m
                [36m<div[39m
                  [33mclass[39m=[32m"font-medium text-slate-900 dark:text-white"[39m
                [36m>[39m
                  [0mNot Me[0m
                [36m</div>[39m
                [36m<div[39m
                  [33mclass[39m=[32m"text-xs text-slate-600 dark:text-slate-400 mt-0.5"[39m
                [36m>[39m
                  [0mThis does not describe me[0m
                [36m</div>[39m
              [36m</div>[39m
            [36m</div>[39m
          [36m</button>[39m
        [36m</div>[39m
        [36m<div[39m
          [33mclass[39m=[32m"pt-3 border-t border-slate-200 dark:border-slate-700"[39m
        [36m>[39m
          [36m<label[39m
            [33mclass[39m=[32m"text-sm font-medium text-slate-700 dark:text-slate-300 mb-2 block"[39m
          [36m>[39m
            [0mAdd a note (optional)[0m
          [36m</label>[39m
          [36m<textarea[39m
            [33mclass[39m=[32m"w-full px-3 py-2 border border-slate-300 dark:border-slate-600 rounded-lg text-sm focus:outline-none focus:ring-2 focus:ring-blue-500 dark:bg-slate-950 dark:text-white resize-none"[39m
            [33mmaxlength[39m=[32m"500"[39m
            [33mplaceholder[39m=[32m"Any additional context to help AI understand?"[39m
            [33mrows[39m=[32m"3"[39m
          [36m/>[39m
          [36m<p[39m
            [33mclass[39m=[32m"text-xs text-slate-500 dark:text-slate-400 mt-1"[39m
          [36m>[39m
            [0m0[0m
            [0m/500 characters[0m
          [36m</p>[39m
        [36m</div>[39m
        [36m<div[39m
          [33mclass[39m=[32m"p-3 bg-blue-50 dark:bg-blue-900 rounded-lg text-xs text-blue-700 dark:text-blue-200 space-y-1"[39m
        [36m>[39m
          [36m<div>[39m
            [36m<strong>[39m
              [0mMaster Direction:[0m
            [36m</strong>[39m
            [0m "Never pretend to know"[0m
          [36m</div>[39m
          [36m<div>[39m
            [0mYour feedback is equally important whether you say "Very True" or "Not Me". Both help calibrate your personal model accurately.[0m
          [36m</div>[39m
        [36m</div>[39m
        [36m<button[39m
          [33mclass[39m=[32m"w-full"[39m
          [33mstyle[39m=[32m"font-family: var(--font-family-sans); font-weight: var(--font-weight-semibold); border-radius: var(--radius-md); border: medium; cursor: pointer; transition: all 0.2s ease; font-size: var(--font-size-body-large); background-color: var(--color-accent-primary); color: var(--color-accent-secondary); padding: 0.75rem 1.5rem;"[39m
        [36m>[39m
          [0mSubmit Feedback[0m
        [36m</button>[39m
      [36m</div>[39m
    [36m</div>[39m
  [36m</div>[39m
[36m</body>[39m
[90m [2m❯[22m Object.getElementError node_modules/@testing-library/dom/dist/config.js:[2m37:19[22m[39m
[90m [2m❯[22m node_modules/@testing-library/dom/dist/query-helpers.js:[2m76:38[22m[39m
[90m [2m❯[22m node_modules/@testing-library/dom/dist/query-helpers.js:[2m52:17[22m[39m
[90m [2m❯[22m node_modules/@testing-library/dom/dist/query-helpers.js:[2m95:19[22m[39m
[36m [2m❯[22m src/components/intelligence/FeedbackWidget.integration.test.tsx:[2m399:35[22m[39m
    [90m397|[39m
    [90m398|[39m       [90m// Add comment[39m
    [90m399|[39m       const commentInput = screen.getByPlaceholderText(/optional feedb…
    [90m   |[39m                                   [31m^[39m
    [90m400|[39m       [35mawait[39m userEvent[33m.[39m[34mtype[39m(commentInput[33m,[39m [32m'Perfect insight'[39m)[33m;[39m
    [90m401|[39m

[31m[2m⎯⎯⎯⎯⎯⎯⎯⎯⎯⎯⎯⎯⎯⎯⎯⎯⎯⎯⎯⎯⎯[91/106]⎯[22m[39m

[41m[1m FAIL [22m[49m src/components/intelligence/FeedbackWidget.integration.test.tsx[2m > [22mFeedbackWidget Integration Tests[2m > [22mMaster Direction Compliance: User Calibrates Model[2m > [22mshould accept all feedback types equally - not_me is valid as very_true
[31m[1mTestingLibraryElementError[22m[39m: Unable to find an element with the placeholder text of: /optional feedback/i

Ignored nodes: comments, script, style
[36m<body>[39m
  [36m<div>[39m
    [36m<div[39m
      [33mclass[39m=[32m"p-5 bg-gradient-to-br from-slate-50 to-slate-100 dark:from-slate-900 dark:to-slate-800 border border-slate-200 dark:border-slate-700"[39m
      [33mstyle[39m=[32m"background-color: var(--color-bg-secondary); border-radius: var(--radius-lg); padding: var(--space-lg); border: 1px solid var(--color-border); transition: all 0.2s ease; box-shadow: var(--shadow-sm);"[39m
    [36m>[39m
      [36m<div[39m
        [33mclass[39m=[32m"space-y-4"[39m
      [36m>[39m
        [36m<div>[39m
          [36m<h3[39m
            [33mclass[39m=[32m"font-semibold text-slate-900 dark:text-white mb-2"[39m
          [36m>[39m
            [0mHow accurate is this?[0m
          [36m</h3>[39m
          [36m<p[39m
            [33mclass[39m=[32m"text-sm text-slate-600 dark:text-slate-400"[39m
          [36m>[39m
            [0mYour feedback helps improve your personal AI model[0m
          [36m</p>[39m
        [36m</div>[39m
        [36m<div[39m
          [33mclass[39m=[32m"p-3 bg-white dark:bg-slate-950 rounded-lg border border-slate-200 dark:border-slate-700"[39m
        [36m>[39m
          [36m<p[39m
            [33mclass[39m=[32m"text-sm text-slate-800 dark:text-slate-200 italic"[39m
          [36m>[39m
            [0m"[0m
            [0mYou avoid confrontation[0m
            [0m"[0m
          [36m</p>[39m
        [36m</div>[39m
        [36m<div[39m
          [33mclass[39m=[32m"space-y-2"[39m
        [36m>[39m
          [36m<button[39m
            [33mclass[39m=[32m"w-full p-3 rounded-lg text-left transition-all border-2 border-slate-200 dark:border-slate-700 bg-white dark:bg-slate-950 hover:border-slate-300"[39m
          [36m>[39m
            [36m<div[39m
              [33mclass[39m=[32m"flex items-start gap-3"[39m
            [36m>[39m
              [36m<span[39m
                [33mclass[39m=[32m"text-xl mt-0.5"[39m
              [36m>[39m
                [0m🎯[0m
              [36m</span>[39m
              [36m<div[39m
                [33mclass[39m=[32m"flex-1"[39m
              [36m>[39m
                [36m<div[39m
                  [33mclass[39m=[32m"font-medium text-slate-900 dark:text-white"[39m
                [36m>[39m
                  [0mVery True[0m
                [36m</div>[39m
                [36m<div[39m
                  [33mclass[39m=[32m"text-xs text-slate-600 dark:text-slate-400 mt-0.5"[39m
                [36m>[39m
                  [0mThis is accurate and reflects me well[0m
                [36m</div>[39m
              [36m</div>[39m
            [36m</div>[39m
          [36m</button>[39m
          [36m<button[39m
            [33mclass[39m=[32m"w-full p-3 rounded-lg text-left transition-all border-2 border-slate-200 dark:border-slate-700 bg-white dark:bg-slate-950 hover:border-slate-300"[39m
          [36m>[39m
            [36m<div[39m
              [33mclass[39m=[32m"flex items-start gap-3"[39m
            [36m>[39m
              [36m<span[39m
                [33mclass[39m=[32m"text-xl mt-0.5"[39m
              [36m>[39m
                [0m✓[0m
              [36m</span>[39m
              [36m<div[39m
                [33mclass[39m=[32m"flex-1"[39m
              [36m>[39m
                [36m<div[39m
                  [33mclass[39m=[32m"font-medium text-slate-900 dark:text-white"[39m
                [36m>[39m
                  [0mSomewhat[0m
                [36m</div>[39m
                [36m<div[39m
                  [33mclass[39m=[32m"text-xs text-slate-600 dark:text-slate-400 mt-0.5"[39m
                [36m>[39m
                  [0mThis is partially true or mixed[0m
                [36m</div>[39m
              [36m</div>[39m
            [36m</div>[39m
          [36m</button>[39m
          [36m<button[39m
            [33mclass[39m=[32m"w-full p-3 rounded-lg text-left transition-all border-2 border-slate-200 dark:border-slate-700 bg-white dark:bg-slate-950 hover:border-slate-300"[39m
          [36m>[39m
            [36m<div[39m
              [33mclass[39m=[32m"flex items-start gap-3"[39m
            [36m>[39m
              [36m<span[39m
                [33mclass[39m=[32m"text-xl mt-0.5"[39m
              [36m>[39m
                [0m?[0m
              [36m</span>[39m
              [36m<div[39m
                [33mclass[39m=[32m"flex-1"[39m
              [36m>[39m
                [36m<div[39m
                  [33mclass[39m=[32m"font-medium text-slate-900 dark:text-white"[39m
                [36m>[39m
                  [0mNot Sure[0m
                [36m</div>[39m
                [36m<div[39m
                  [33mclass[39m=[32m"text-xs text-slate-600 dark:text-slate-400 mt-0.5"[39m
                [36m>[39m
                  [0mI'm uncertain about this[0m
                [36m</div>[39m
              [36m</div>[39m
            [36m</div>[39m
          [36m</button>[39m
          [36m<button[39m
            [33mclass[39m=[32m"w-full p-3 rounded-lg text-left transition-all border-2 border-red-500 bg-red-50 dark:bg-red-900"[39m
          [36m>[39m
            [36m<div[39m
              [33mclass[39m=[32m"flex items-start gap-3"[39m
            [36m>[39m
              [36m<span[39m
                [33mclass[39m=[32m"text-xl mt-0.5"[39m
              [36m>[39m
                [0m✕[0m
              [36m</span>[39m
              [36m<div[39m
                [33mclass[39m=[32m"flex-1"[39m
              [36m>[39m
                [36m<div[39m
                  [33mclass[39m=[32m"font-medium text-slate-900 dark:text-white"[39m
                [36m>[39m
                  [0mNot Me[0m
                [36m</div>[39m
                [36m<div[39m
                  [33mclass[39m=[32m"text-xs text-slate-600 dark:text-slate-400 mt-0.5"[39m
                [36m>[39m
                  [0mThis does not describe me[0m
                [36m</div>[39m
              [36m</div>[39m
              [36m<div[39m
                [33mclass[39m=[32m"bg-red-500 text-white rounded-full w-5 h-5 flex items-center justify-center text-xs font-bold"[39m
              [36m>[39m
                [0m✓[0m
              [36m</div>[39m
            [36m</div>[39m
          [36m</button>[39m
        [36m</div>[39m
        [36m<div[39m
          [33mclass[39m=[32m"pt-3 border-t border-slate-200 dark:border-slate-700"[39m
        [36m>[39m
          [36m<label[39m
            [33mclass[39m=[32m"text-sm font-medium text-slate-700 dark:text-slate-300 mb-2 block"[39m
          [36m>[39m
            [0mAdd a note (optional)[0m
          [36m</label>[39m
          [36m<textarea[39m
            [33mclass[39m=[32m"w-full px-3 py-2 border border-slate-300 dark:border-slate-600 rounded-lg text-sm focus:outline-none focus:ring-2 focus:ring-blue-500 dark:bg-slate-950 dark:text-white resize-none"[39m
            [33mmaxlength[39m=[32m"500"[39m
            [33mplaceholder[39m=[32m"Any additional context to help AI understand?"[39m
            [33mrows[39m=[32m"3"[39m
          [36m/>[39m
          [36m<p[39m
            [33mclass[39m=[32m"text-xs text-slate-500 dark:text-slate-400 mt-1"[39m
          [36m>[39m
            [0m0[0m
            [0m/500 characters[0m
          [36m</p>[39m
        [36m</div>[39m
        [36m<div[39m
          [33mclass[39m=[32m"p-3 bg-blue-50 dark:bg-blue-900 rounded-lg text-xs text-blue-700 dark:text-blue-200 space-y-1"[39m
        [36m>[39m
          [36m<div>[39m
            [36m<strong>[39m
              [0mMaster Direction:[0m
            [36m</strong>[39m
            [0m "Never pretend to know"[0m
          [36m</div>[39m
          [36m<div>[39m
            [0mYour feedback is equally important whether you say "Very True" or "Not Me". Both help calibrate your personal model accurately.[0m
          [36m</div>[39m
        [36m</div>[39m
        [36m<button[39m
          [33mclass[39m=[32m"w-full"[39m
          [33mstyle[39m=[32m"font-family: var(--font-family-sans); font-weight: var(--font-weight-semibold); border-radius: var(--radius-md); border: medium; cursor: pointer; transition: all 0.2s ease; font-size: var(--font-size-body-large); background-color: var(--color-accent-primary); color: var(--color-accent-secondary); padding: 0.75rem 1.5rem;"[39m
        [36m>[39m
          [0mSubmit Feedback[0m
        [36m</button>[39m
      [36m</div>[39m
    [36m</div>[39m
  [36m</div>[39m
[36m</body>[39m
[90m [2m❯[22m Object.getElementError node_modules/@testing-library/dom/dist/config.js:[2m37:19[22m[39m
[90m [2m❯[22m node_modules/@testing-library/dom/dist/query-helpers.js:[2m76:38[22m[39m
[90m [2m❯[22m node_modules/@testing-library/dom/dist/query-helpers.js:[2m52:17[22m[39m
[90m [2m❯[22m node_modules/@testing-library/dom/dist/query-helpers.js:[2m95:19[22m[39m
[36m [2m❯[22m src/components/intelligence/FeedbackWidget.integration.test.tsx:[2m461:35[22m[39m
    [90m459|[39m       fireEvent[33m.[39m[34mclick[39m(notMeButton)[33m;[39m
    [90m460|[39m
    [90m461|[39m       const commentInput = screen.getByPlaceholderText(/optional feedb…
    [90m   |[39m                                   [31m^[39m
    [90m462|[39m       [35mawait[39m userEvent[33m.[39m[34mtype[39m(commentInput[33m,[39m [32m'This is not how I am'[39m)[33m;[39m
    [90m463|[39m

[31m[2m⎯⎯⎯⎯⎯⎯⎯⎯⎯⎯⎯⎯⎯⎯⎯⎯⎯⎯⎯⎯⎯[92/106]⎯[22m[39m

[41m[1m FAIL [22m[49m src/components/intelligence/FeedbackWidget.integration.test.tsx[2m > [22mFeedbackWidget Integration Tests[2m > [22mMaster Direction Compliance: User Calibrates Model[2m > [22mshould require explicit user feedback selection
[31m[1mTestingLibraryElementError[22m[39m: Unable to find an accessible element with the role "button" and name `/Submit/i`

Here are the accessible roles:

  heading:

  Name "How accurate is this?":
  [36m<h3[39m
    [33mclass[39m=[32m"font-semibold text-slate-900 dark:text-white mb-2"[39m
  [36m/>[39m

  --------------------------------------------------
  paragraph:

  Name "":
  [36m<p[39m
    [33mclass[39m=[32m"text-sm text-slate-600 dark:text-slate-400"[39m
  [36m/>[39m

  Name "":
  [36m<p[39m
    [33mclass[39m=[32m"text-sm text-slate-800 dark:text-slate-200 italic"[39m
  [36m/>[39m

  --------------------------------------------------
  button:

  Name "🎯 Very True This is accurate and reflects me well":
  [36m<button[39m
    [33mclass[39m=[32m"w-full p-3 rounded-lg text-left transition-all border-2 border-slate-200 dark:border-slate-700 bg-white dark:bg-slate-950 hover:border-slate-300"[39m
  [36m/>[39m

  Name "✓ Somewhat This is partially true or mixed":
  [36m<button[39m
    [33mclass[39m=[32m"w-full p-3 rounded-lg text-left transition-all border-2 border-slate-200 dark:border-slate-700 bg-white dark:bg-slate-950 hover:border-slate-300"[39m
  [36m/>[39m

  Name "? Not Sure I'm uncertain about this":
  [36m<button[39m
    [33mclass[39m=[32m"w-full p-3 rounded-lg text-left transition-all border-2 border-slate-200 dark:border-slate-700 bg-white dark:bg-slate-950 hover:border-slate-300"[39m
  [36m/>[39m

  Name "✕ Not Me This does not describe me":
  [36m<button[39m
    [33mclass[39m=[32m"w-full p-3 rounded-lg text-left transition-all border-2 border-slate-200 dark:border-slate-700 bg-white dark:bg-slate-950 hover:border-slate-300"[39m
  [36m/>[39m

  Name "Select a feedback option":
  [36m<button[39m
    [33mclass[39m=[32m"w-full"[39m
    [33mdisabled[39m=[32m""[39m
    [33mstyle[39m=[32m"font-family: var(--font-family-sans); font-weight: var(--font-weight-semibold); border-radius: var(--radius-md); border: 2px solid var(--color-accent-primary); cursor: pointer; transition: all 0.2s ease; font-size: var(--font-size-body-large); background-color: var(--color-accent-secondary); color: var(--color-accent-primary); padding: 0.75rem 1.5rem;"[39m
  [36m/>[39m

  --------------------------------------------------
  strong:

  Name "":
  [36m<strong />[39m

  --------------------------------------------------

Ignored nodes: comments, script, style
[36m<body>[39m
  [36m<div>[39m
    [36m<div[39m
      [33mclass[39m=[32m"p-5 bg-gradient-to-br from-slate-50 to-slate-100 dark:from-slate-900 dark:to-slate-800 border border-slate-200 dark:border-slate-700"[39m
      [33mstyle[39m=[32m"background-color: var(--color-bg-secondary); border-radius: var(--radius-lg); padding: var(--space-lg); border: 1px solid var(--color-border); transition: all 0.2s ease; box-shadow: var(--shadow-sm);"[39m
    [36m>[39m
      [36m<div[39m
        [33mclass[39m=[32m"space-y-4"[39m
      [36m>[39m
        [36m<div>[39m
          [36m<h3[39m
            [33mclass[39m=[32m"font-semibold text-slate-900 dark:text-white mb-2"[39m
          [36m>[39m
            [0mHow accurate is this?[0m
          [36m</h3>[39m
          [36m<p[39m
            [33mclass[39m=[32m"text-sm text-slate-600 dark:text-slate-400"[39m
          [36m>[39m
            [0mYour feedback helps improve your personal AI model[0m
          [36m</p>[39m
        [36m</div>[39m
        [36m<div[39m
          [33mclass[39m=[32m"p-3 bg-white dark:bg-slate-950 rounded-lg border border-slate-200 dark:border-slate-700"[39m
        [36m>[39m
          [36m<p[39m
            [33mclass[39m=[32m"text-sm text-slate-800 dark:text-slate-200 italic"[39m
          [36m>[39m
            [0m"[0m
            [0mYou tend to analyze problems deeply before making decisions[0m
            [0m"[0m
          [36m</p>[39m
        [36m</div>[39m
        [36m<div[39m
          [33mclass[39m=[32m"space-y-2"[39m
        [36m>[39m
          [36m<button[39m
            [33mclass[39m=[32m"w-full p-3 rounded-lg text-left transition-all border-2 border-slate-200 dark:border-slate-700 bg-white dark:bg-slate-950 hover:border-slate-300"[39m
          [36m>[39m
            [36m<div[39m
              [33mclass[39m=[32m"flex items-start gap-3"[39m
            [36m>[39m
              [36m<span[39m
                [33mclass[39m=[32m"text-xl mt-0.5"[39m
              [36m>[39m
                [0m🎯[0m
              [36m</span>[39m
              [36m<div[39m
                [33mclass[39m=[32m"flex-1"[39m
              [36m>[39m
                [36m<div[39m
                  [33mclass[39m=[32m"font-medium text-slate-900 dark:text-white"[39m
                [36m>[39m
                  [0mVery True[0m
                [36m</div>[39m
                [36m<div[39m
                  [33mclass[39m=[32m"text-xs text-slate-600 dark:text-slate-400 mt-0.5"[39m
                [36m>[39m
                  [0mThis is accurate and reflects me well[0m
                [36m</div>[39m
              [36m</div>[39m
            [36m</div>[39m
          [36m</button>[39m
          [36m<button[39m
            [33mclass[39m=[32m"w-full p-3 rounded-lg text-left transition-all border-2 border-slate-200 dark:border-slate-700 bg-white dark:bg-slate-950 hover:border-slate-300"[39m
          [36m>[39m
            [36m<div[39m
              [33mclass[39m=[32m"flex items-start gap-3"[39m
            [36m>[39m
              [36m<span[39m
                [33mclass[39m=[32m"text-xl mt-0.5"[39m
              [36m>[39m
                [0m✓[0m
              [36m</span>[39m
              [36m<div[39m
                [33mclass[39m=[32m"flex-1"[39m
              [36m>[39m
                [36m<div[39m
                  [33mclass[39m=[32m"font-medium text-slate-900 dark:text-white"[39m
                [36m>[39m
                  [0mSomewhat[0m
                [36m</div>[39m
                [36m<div[39m
                  [33mclass[39m=[32m"text-xs text-slate-600 dark:text-slate-400 mt-0.5"[39m
                [36m>[39m
                  [0mThis is partially true or mixed[0m
                [36m</div>[39m
              [36m</div>[39m
            [36m</div>[39m
          [36m</button>[39m
          [36m<button[39m
            [33mclass[39m=[32m"w-full p-3 rounded-lg text-left transition-all border-2 border-slate-200 dark:border-slate-700 bg-white dark:bg-slate-950 hover:border-slate-300"[39m
          [36m>[39m
            [36m<div[39m
              [33mclass[39m=[32m"flex items-start gap-3"[39m
            [36m>[39m
              [36m<span[39m
                [33mclass[39m=[32m"text-xl mt-0.5"[39m
              [36m>[39m
                [0m?[0m
              [36m</span>[39m
              [36m<div[39m
                [33mclass[39m=[32m"flex-1"[39m
              [36m>[39m
                [36m<div[39m
                  [33mclass[39m=[32m"font-medium text-slate-900 dark:text-white"[39m
                [36m>[39m
                  [0mNot Sure[0m
                [36m</div>[39m
                [36m<div[39m
                  [33mclass[39m=[32m"text-xs text-slate-600 dark:text-slate-400 mt-0.5"[39m
                [36m>[39m
                  [0mI'm uncertain about this[0m
                [36m</div>[39m
              [36m</div>[39m
            [36m</div>[39m
          [36m</button>[39m
          [36m<button[39m
            [33mclass[39m=[32m"w-full p-3 rounded-lg text-left transition-all border-2 border-slate-200 dark:border-slate-700 bg-white dark:bg-slate-950 hover:border-slate-300"[39m
          [36m>[39m
            [36m<div[39m
              [33mclass[39m=[32m"flex items-start gap-3"[39m
            [36m>[39m
              [36m<span[39m
                [33mclass[39m=[32m"text-xl mt-0.5"[39m
              [36m>[39m
                [0m✕[0m
              [36m</span>[39m
              [36m<div[39m
                [33mclass[39m=[32m"flex-1"[39m
              [36m>[39m
                [36m<div[39m
                  [33mclass[39m=[32m"font-medium text-slate-900 dark:text-white"[39m
                [36m>[39m
                  [0mNot Me[0m
                [36m</div>[39m
                [36m<div[39m
                  [33mclass[39m=[32m"text-xs text-slate-600 dark:text-slate-400 mt-0.5"[39m
                [36m>[39m
                  [0mThis does not describe me[0m
                [36m</div>[39m
              [36m</div>[39m
            [36m</div>[39m
          [36m</button>[39m
        [36m</div>[39m
        [36m<div[39m
          [33mclass[39m=[32m"p-3 bg-blue-50 dark:bg-blue-900 rounded-lg text-xs text-blue-700 dark:text-blue-200 space-y-1"[39m
        [36m>[39m
          [36m<div>[39m
            [36m<strong>[39m
              [0mMaster Direction:[0m
            [36m</strong>[39m
            [0m "Never pretend to know"[0m
          [36m</div>[39m
          [36m<div>[39m
            [0mYour feedback is equally important whether you say "Very True" or "Not Me". Both help calibrate your personal model accurately.[0m
          [36m</div>[39m
        [36m</div>[39m
        [36m<button[39m
          [33mclass[39m=[32m"w-full"[39m
          [33mdisabled[39m=[32m""[39m
          [33mstyle[39m=[32m"font-family: var(--font-family-sans); font-weight: var(--font-weight-semibold); border-radius: var(--radius-md); border: 2px solid var(--color-accent-primary); cursor: pointer; transition: all 0.2s ease; font-size: var(--font-size-body-large); background-color: var(--color-accent-secondary); color: var(--color-accent-primary); padding: 0.75rem 1.5rem;"[39m
        [36m>[39m
          [0mSelect a feedback option[0m
        [36m</button>[39m
      [36m</div>[39m
    [36m</div>[39m
  [36m</div>[39m
[36m</body>[39m
[90m [2m❯[22m Object.getElementError node_modules/@testing-library/dom/dist/config.js:[2m37:19[22m[39m
[90m [2m❯[22m node_modules/@testing-library/dom/dist/query-helpers.js:[2m76:38[22m[39m
[90m [2m❯[22m node_modules/@testing-library/dom/dist/query-helpers.js:[2m52:17[22m[39m
[90m [2m❯[22m node_modules/@testing-library/dom/dist/query-helpers.js:[2m95:19[22m[39m
[36m [2m❯[22m src/components/intelligence/FeedbackWidget.integration.test.tsx:[2m502:35[22m[39m
    [90m500|[39m
    [90m501|[39m       [90m// Try to submit without selecting feedback[39m
    [90m502|[39m       const submitButton = screen.getByRole('button', { name: /Submit/…
    [90m   |[39m                                   [31m^[39m
    [90m503|[39m       fireEvent[33m.[39m[34mclick[39m(submitButton)[33m;[39m
    [90m504|[39m

[31m[2m⎯⎯⎯⎯⎯⎯⎯⎯⎯⎯⎯⎯⎯⎯⎯⎯⎯⎯⎯⎯⎯[93/106]⎯[22m[39m

[41m[1m FAIL [22m[49m src/components/intelligence/MemoryRecorder.integration.test.tsx[2m > [22mMemoryRecorder Integration Tests[2m > [22mIntegration: Component → MemoryManager → Supabase[2m > [22mshould handle Supabase network errors with user-friendly message
[31m[1mTestingLibraryElementError[22m[39m: Unable to find an element with the text: (content) => /failed.*save.*memory/i.test(content). This could be because the text is broken up by multiple elements. In this case, you can provide a function for your text matcher to make your matcher more flexible.

Ignored nodes: comments, script, style
[36m<body>[39m
  [36m<div>[39m
    [36m<div[39m
      [33mclass[39m=[32m"p-6 bg-white dark:bg-slate-950"[39m
      [33mstyle[39m=[32m"background-color: var(--color-bg-secondary); border-radius: var(--radius-lg); padding: var(--space-lg); border: 1px solid var(--color-border); transition: all 0.2s ease; box-shadow: var(--shadow-sm);"[39m
    [36m>[39m
      [36m<div[39m
        [33mclass[39m=[32m"space-y-6"[39m
      [36m>[39m
        [36m<div>[39m
          [36m<h2[39m
            [33mclass[39m=[32m"text-2xl font-semibold text-slate-900 dark:text-white mb-2"[39m
          [36m>[39m
            [0mRecord a Memory[0m
          [36m</h2>[39m
          [36m<p[39m
            [33mclass[39m=[32m"text-slate-600 dark:text-slate-400"[39m
          [36m>[39m
            [0mSave something important to remember. Choose a type that fits best.[0m
          [36m</p>[39m
        [36m</div>[39m
        [36m<div[39m
          [33mstyle[39m=[32m"background-color: rgba(239, 68, 68, 0.1); border: 2px solid var(--color-error); border-radius: var(--radius-md); padding: var(--space-md); margin-bottom: var(--space-md); display: flex; justify-content: space-between; align-items: flex-start; gap: var(--space-md);"[39m
        [36m>[39m
          [36m<div[39m
            [33mstyle[39m=[32m"flex: 1 1 0%;"[39m
          [36m>[39m
            [36m<p[39m
              [33mstyle[39m=[32m"font-size: var(--font-size-body-base); color: var(--color-text-secondary); margin: 0px;"[39m
            [36m>[39m
              [0mError: Failed to add memory: Error: Network error (ADD_MEMORY_FAILED)[0m
            [36m</p>[39m
          [36m</div>[39m
        [36m</div>[39m
        [36m<form[39m
          [33mclass[39m=[32m"space-y-4"[39m
        [36m>[39m
          [36m<div>[39m
            [36m<label[39m
              [33mclass[39m=[32m"block text-sm font-medium text-slate-700 dark:text-slate-300 mb-2"[39m
            [36m>[39m
              [0mMemory Title *[0m
            [36m</label>[39m
            [36m<div[39m
              [33mstyle[39m=[32m"display: flex; flex-direction: column; gap: var(--space-xs);"[39m
            [36m>[39m
              [36m<input[39m
                [33mmaxlength[39m=[32m"200"[39m
                [33mplaceholder[39m=[32m"e.g., Completed project ahead of schedule"[39m
                [33mstyle[39m=[32m"padding: 0.625rem 0.875rem; font-size: var(--font-size-body-base); font-family: var(--font-family-sans); border: 1px solid var(--color-border); border-radius: var(--radius-md); background-color: var(--color-bg-primary); color: var(--color-text-primary); transition: border-color 0.2s ease; outline: none;"[39m
                [33mvalue[39m=[32m"Test Title"[39m
              [36m/>[39m
            [36m</div>[39m
            [36m<p[39m
              [33mclass[39m=[32m"text-xs text-slate-500 dark:text-slate-400 mt-1"[39m
            [36m>[39m
              [0m10[0m
              [0m/200 characters[0m
            [36m</p>[39m
          [36m</div>[39m
          [36m<div>[39m
            [36m<label[39m
              [33mclass[39m=[32m"block text-sm font-medium text-slate-700 dark:text-slate-300 mb-2"[39m
            [36m>[39m
              [0mWhat happened? *[0m
            [36m</label>[39m
            [36m<textarea[39m
              [33mclass[39m=[32m"w-full px-3 py-2 border border-slate-300 dark:border-slate-700 rounded-md text-sm focus:outline-none focus:ring-2 focus:ring-blue-500 dark:bg-slate-900 dark:text-white"[39m
              [33mmaxlength[39m=[32m"5000"[39m
              [33mplaceholder[39m=[32m"Describe the event, what you learned, or why it's important..."[39m
              [33mrows[39m=[32m"5"[39m
            [36m>[39m
              [0mTest content[0m
            [36m</textarea>[39m
            [36m<p[39m
              [33mclass[39m=[32m"text-xs text-slate-500 dark:text-slate-400 mt-1"[39m
            [36m>[39m
              [0m12[0m
              [0m/5000 characters[0m
            [36m</p>[39m
          [36m</div>[39m
          [36m<div>[39m
            [36m<label[39m
              [33mclass[39m=[32m"block text-sm font-medium text-slate-700 dark:text-slate-300 mb-2"[39m
            [36m>[39m
              [0mMemory Type *[0m
            [36m</label>[39m
            [36m<div[39m
              [33mclass[39m=[32m"grid grid-cols-2 gap-2"[39m
            [36m>[39m
              [36m<button[39m
                [33mclass[39m=[32m"p-3 rounded-lg border-2 text-sm font-medium transition-all border-slate-200 dark:border-slate-700 bg-white dark:bg-slate-950 text-slate-700 dark:text-slate-300 hover:border-slate-300"[39m
                [33mtype[39m=[32m"button"[39m
              [36m>[39m
                [0m🎉 Small Win[0m
              [36m</button>[39m
              [36m<button[39m
                [33mclass[39m=[32m"p-3 rounded-lg border-2 text-sm font-medium transition-all border-slate-200 dark:border-slate-700 bg-white dark:bg-slate-950 text-slate-700 dark:text-slate-300 hover:border-slate-300"[39m
                [33mtype[39m=[32m"button"[39m
              [36m>[39m
                [0m⭐ Important Moment[0m
              [36m</button>[39m
              [36m<button[39m
                [33mclass[39m=[32m"p-3 rounded-lg border-2 text-sm font-medium transition-all border-slate-200 dark:border-slate-700 bg-white dark:bg-slate-950 text-slate-700 dark:text-slate-300 hover:border-slate-300"[39m
                [33mtype[39m=[32m"button"[39m
              [36m>[39m
                [0m💡 Discovery[0m
              [36m</button>[39m
              [36m<button[39m
                [33mclass[39m=[32m"p-3 rounded-lg border-2 text-sm font-medium transition-all border-blue-500 bg-blue-50 dark:bg-blue-900 text-blue-700 dark:text-blue-200"[39m
                [33mtype[39m=[32m"button"[39m
              [36m>[39m
                [0m📝 Personal Note[0m
              [36m</button>[39m
            [36m</div>[39m
          [36m</div>[39m
          [36m<div>[39m
            [36m<label[39m
              [33mclass[39m=[32m"block text-sm font-medium text-slate-700 dark:text-slate-300 mb-2"[39m
            [36m>[39m
              [0mTags (optional)[0m
            [36m</label>[39m
            [36m<div[39m
              [33mstyle[39m=[32m"display: flex; flex-direction: column; gap: var(--space-xs);"[39m
            [36m>[39m
              [36m<input[39m
                [33mplaceholder[39m=[32m"e.g., achievement, work, personal growth (comma-separated)"[39m
                [33mstyle[39m=[32m"padding: 0.625rem 0.875rem; font-size: var(--font-size-body-base); font-family: var(--font-family-sans); border: 1px solid var(--color-border); border-radius: var(--radius-md); background-color: var(--color-bg-primary); color: var(--color-text-primary); transition: border-color 0.2s ease; outline: none;"[39m
                [33mvalue[39m=[32m""[39m
              [36m/>[39m
            [36m</div>[39m
            [36m<p[39m
              [33mclass[39m=[32m"text-xs text-slate-500 dark:text-slate-400 mt-1"[39m
            [36m>[39m
              [0mSeparate tags with commas[0m
            [36m</p>[39m
          [36m</div>[39m
          [36m<div[39m
            [33mclass[39m=[32m"flex gap-3"[39m
          [36m>[39m
            [36m<button[39m
              [33mstyle[39m=[32m"font-family: var(--font-family-sans); font-weight: var(--font-weight-semibold); border-radius: var(--radius-md); border: medium; cursor: pointer; transition: all 0.2s ease; font-size: var(--font-size-body-large); background-color: var(--color-accent-primary); color: var(--color-accent-secondary); padding: 0.75rem 1.5rem;"[39m
              [33mtype[39m=[32m"submit"[39m
            [36m>[39m
              [0mSave Memory[0m
            [36m</button>[39m
          [36m</div>[39m
        [36m</form>[39m
      [36m</div>[39m
    [36m</div>[39m
  [36m</div>[39m
[36m</body>[39m

Ignored nodes: comments, script, style
[36m<html>[39m
  [36m<head />[39m
  [36m<body>[39m
    [36m<div>[39m
      [36m<div[39m
        [33mclass[39m=[32m"p-6 bg-white dark:bg-slate-950"[39m
        [33mstyle[39m=[32m"background-color: var(--color-bg-secondary); border-radius: var(--radius-lg); padding: var(--space-lg); border: 1px solid var(--color-border); transition: all 0.2s ease; box-shadow: var(--shadow-sm);"[39m
      [36m>[39m
        [36m<div[39m
          [33mclass[39m=[32m"space-y-6"[39m
        [36m>[39m
          [36m<div>[39m
            [36m<h2[39m
              [33mclass[39m=[32m"text-2xl font-semibold text-slate-900 dark:text-white mb-2"[39m
            [36m>[39m
              [0mRecord a Memory[0m
            [36m</h2>[39m
            [36m<p[39m
              [33mclass[39m=[32m"text-slate-600 dark:text-slate-400"[39m
            [36m>[39m
              [0mSave something important to remember. Choose a type that fits best.[0m
            [36m</p>[39m
          [36m</div>[39m
          [36m<div[39m
            [33mstyle[39m=[32m"background-color: rgba(239, 68, 68, 0.1); border: 2px solid var(--color-error); border-radius: var(--radius-md); padding: var(--space-md); margin-bottom: var(--space-md); display: flex; justify-content: space-between; align-items: flex-start; gap: var(--space-md);"[39m
          [36m>[39m
            [36m<div[39m
              [33mstyle[39m=[32m"flex: 1 1 0%;"[39m
            [36m>[39m
              [36m<p[39m
                [33mstyle[39m=[32m"font-size: var(--font-size-body-base); color: var(--color-text-secondary); margin: 0px;"[39m
              [36m>[39m
                [0mError: Failed to add memory: Error: Network error (ADD_MEMORY_FAILED)[0m
              [36m</p>[39m
            [36m</div>[39m
          [36m</div>[39m
          [36m<form[39m
            [33mclass[39m=[32m"space-y-4"[39m
          [36m>[39m
            [36m<div>[39m
              [36m<label[39m
                [33mclass[39m=[32m"block text-sm font-medium text-slate-700 dark:text-slate-300 mb-2"[39m
              [36m>[39m
                [0mMemory Title *[0m
              [36m</label>[39m
              [36m<div[39m
                [33mstyle[39m=[32m"display: flex; flex-direction: column; gap: var(--space-xs);"[39m
              [36m>[39m
                [36m<input[39m
                  [33mmaxlength[39m=[32m"200"[39m
                  [33mplaceholder[39m=[32m"e.g., Completed project ahead of schedule"[39m
                  [33mstyle[39m=[32m"padding: 0.625rem 0.875rem; font-size: var(--font-size-body-base); font-family: var(--font-family-sans); border: 1px solid var(--color-border); border-radius: var(--radius-md); background-color: var(--color-bg-primary); color: var(--color-text-primary); transition: border-color 0.2s ease; outline: none;"[39m
                  [33mvalue[39m=[32m"Test Title"[39m
                [36m/>[39m
              [36m</div>[39m
              [36m<p[39m
                [33mclass[39m=[32m"text-xs text-slate-500 dark:text-slate-400 mt-1"[39m
              [36m>[39m
                [0m10[0m
                [0m/200 characters[0m
              [36m</p>[39m
            [36m</div>[39m
            [36m<div>[39m
              [36m<label[39m
                [33mclass[39m=[32m"block text-sm font-medium text-slate-700 dark:text-slate-300 mb-2"[39m
              [36m>[39m
                [0mWhat happened? *[0m
              [36m</label>[39m
              [36m<textarea[39m
                [33mclass[39m=[32m"w-full px-3 py-2 border border-slate-300 dark:border-slate-700 rounded-md text-sm focus:outline-none focus:ring-2 focus:ring-blue-500 dark:bg-slate-900 dark:text-white"[39m
                [33mmaxlength[39m=[32m"5000"[39m
                [33mplaceholder[39m=[32m"Describe the event, what you learned, or why it's important..."[39m
                [33mrows[39m=[32m"5"[39m
              [36m>[39m
                [0mTest content[0m
              [36m</textarea>[39m
              [36m<p[39m
                [33mclass[39m=[32m"text-xs text-slate-500 dark:text-slate-400 mt-1"[39m
              [36m>[39m
                [0m12[0m
                [0m/5000 characters[0m
              [36m</p>[39m
            [36m</div>[39m
            [36m<div>[39m
              [36m<label[39m
                [33mclass[39m=[32m"block text-sm font-medium text-slate-700 dark:text-slate-300 mb-2"[39m
              [36m>[39m
                [0mMemory Type *[0m
              [36m</label>[39m
              [36m<div[39m
                [33mclass[39m=[32m"grid grid-cols-2 gap-2"[39m
              [36m>[39m
                [36m<button[39m
                  [33mclass[39m=[32m"p-3 rounded-lg border-2 text-sm font-medium transition-all border-slate-200 dark:border-slate-700 bg-white dark:bg-slate-950 text-slate-700 dark:text-slate-300 hover:border-slate-300"[39m
                  [33mtype[39m=[32m"button"[39m
                [36m>[39m
                  [0m🎉 Small Win[0m
                [36m</button>[39m
                [36m<button[39m
                  [33mclass[39m=[32m"p-3 rounded-lg border-2 text-sm font-medium transition-all border-slate-200 dark:border-slate-700 bg-white dark:bg-slate-950 text-slate-700 dark:text-slate-300 hover:border-slate-300"[39m
                  [33mtype[39m=[32m"button"[39m
                [36m>[39m
                  [0m⭐ Important Moment[0m
                [36m</button>[39m
                [36m<button[39m
                  [33mclass[39m=[32m"p-3 rounded-lg border-2 text-sm font-medium transition-all border-slate-200 dark:border-slate-700 bg-white dark:bg-slate-950 text-slate-700 dark:text-slate-300 hover:border-slate-300"[39m
                  [33mtype[39m=[32m"button"[39m
                [36m>[39m
                  [0m💡 Discovery[0m
                [36m</button>[39m
                [36m<button[39m
                  [33mclass[39m=[32m"p-3 rounded-lg border-2 text-sm font-medium transition-all border-blue-500 bg-blue-50 dark:bg-blue-900 text-blue-700 dark:text-blue-200"[39m
                  [33mtype[39m=[32m"button"[39m
                [36m>[39m
                  [0m📝 Personal Note[0m
                [36m</button>[39m
              [36m</div>[39m
            [36m</div>[39m
            [36m<div>[39m
              [36m<label[39m
                [33mclass[39m=[32m"block text-sm font-medium text-slate-700 dark:text-slate-300 mb-2"[39m
              [36m>[39m
                [0mTags (optional)[0m
              [36m</label>[39m
              [36m<div[39m
                [33mstyle[39m=[32m"display: flex; flex-direction: column; gap: var(--space-xs);"[39m
              [36m>[39m
                [36m<input[39m
                  [33mplaceholder[39m=[32m"e.g., achievement, work, personal growth (comma-separated)"[39m
                  [33mstyle[39m=[32m"padding: 0.625rem 0.875rem; font-size: var(--font-size-body-base); font-family: var(--font-family-sans); border: 1px solid var(--color-border); border-radius: var(--radius-md); background-color: var(--color-bg-primary); color: var(--color-text-primary); transition: border-color 0.2s ease; outline: none;"[39m
                  [33mvalue[39m=[32m""[39m
                [36m/>[39m
              [36m</div>[39m
              [36m<p[39m
                [33mclass[39m=[32m"text-xs text-slate-500 dark:text-slate-400 mt-1"[39m
              [36m>[39m
                [0mSeparate tags with commas[0m
              [36m</p>[39m
            [36m</div>[39m
            [36m<div[39m
              [33mclass[39m=[32m"flex gap-3"[39m
            [36m>[39m
              [36m<button[39m
                [33mstyle[39m=[32m"font-family: var(--font-family-sans); font-weight: var(--font-weight-semibold); border-radius: var(--radius-md); border: medium; cursor: pointer; transition: all 0.2s ease; font-size: var(--font-size-body-large); background-color: var(--color-accent-primary); color: var(--color-accent-secondary); padding: 0.75rem 1.5rem;"[39m
                [33mtype[39m=[32m"submit"[39m
              [36m>[39m
                [0mSave Memory[0m
              [36m</button>[39m
            [36m</div>[39m
          [36m</form>[39m
        [36m</div>[39m
      [36m</div>[39m
    [36m</div>[39m
  [36m</body>[39m
[36m</html>[39m
[90m [2m❯[22m Proxy.waitForWrapper node_modules/@testing-library/dom/dist/wait-for.js:[2m163:27[22m[39m
[36m [2m❯[22m src/components/intelligence/MemoryRecorder.integration.test.tsx:[2m168:13[22m[39m
    [90m166|[39m
    [90m167|[39m       [90m// Verify error message displayed[39m
    [90m168|[39m       [35mawait[39m [34mwaitFor[39m(() [33m=>[39m {
    [90m   |[39m             [31m^[39m
    [90m169|[39m         expect(screen.getByText((content) => /failed.*save.*memory/i.t…
    [90m170|[39m       })[33m;[39m

[31m[2m⎯⎯⎯⎯⎯⎯⎯⎯⎯⎯⎯⎯⎯⎯⎯⎯⎯⎯⎯⎯⎯[94/106]⎯[22m[39m

[41m[1m FAIL [22m[49m src/lib/auth/webauthn.test.ts[2m > [22mWebAuthn Utilities[2m > [22marrayBufferToBase64Url[2m > [22mshould encode/decode roundtrip correctly
[31m[1mAssertionError[22m: expected  to deeply equal Uint8Array[ 255, 0, 127, 1, 100, …(-33) ][39m

[32m- Expected[39m
[31m+ Received[39m

[33m@@ -1,17 +1,17 @@[39m
[32m- Uint8Array [[39m
[32m-   255,[39m
[31m+ ArrayBuffer [[39m
[31m+   -1,[39m
[2m    0,[22m
[2m    127,[22m
[2m    1,[22m
[2m    100,[22m
[2m    50,[22m
[2m    75,[22m
[32m-   200,[39m
[32m-   150,[39m
[32m-   200,[39m
[32m-   201,[39m
[31m+   -56,[39m
[31m+   -106,[39m
[31m+   -56,[39m
[31m+   -55,[39m
[2m    10,[22m
[2m    20,[22m
[2m    30,[22m
[2m    40,[22m
[2m    50,[22m

[36m [2m❯[22m src/lib/auth/webauthn.test.ts:[2m54:23[22m[39m
    [90m 52|[39m       [35mconst[39m decoded [33m=[39m [34mbase64UrlToArrayBuffer[39m(encoded)[33m;[39m
    [90m 53|[39m
    [90m 54|[39m       [34mexpect[39m(decoded)[33m.[39m[34mtoEqual[39m(original)[33m;[39m
    [90m   |[39m                       [31m^[39m
    [90m 55|[39m     })[33m;[39m
    [90m 56|[39m

[31m[2m⎯⎯⎯⎯⎯⎯⎯⎯⎯⎯⎯⎯⎯⎯⎯⎯⎯⎯⎯⎯⎯[95/106]⎯[22m[39m

[41m[1m FAIL [22m[49m src/lib/auth/webauthn.test.ts[2m > [22mWebAuthn Utilities[2m > [22mbase64UrlToArrayBuffer[2m > [22mshould decode base64 URL-safe string to Uint8Array
[31m[1mAssertionError[22m: expected  to be an instance of Uint8Array[39m
[36m [2m❯[22m src/lib/auth/webauthn.test.ts:[2m77:22[22m[39m
    [90m 75|[39m       [35mconst[39m result [33m=[39m [34mbase64UrlToArrayBuffer[39m(b64)[33m;[39m
    [90m 76|[39m
    [90m 77|[39m       [34mexpect[39m(result)[33m.[39m[34mtoBeInstanceOf[39m([33mUint8Array[39m)[33m;[39m
    [90m   |[39m                      [31m^[39m
    [90m 78|[39m       [34mexpect[39m(result)[33m.[39m[34mtoEqual[39m([35mnew[39m [33mUint8Array[39m([[34m0[39m[33m,[39m [34m1[39m[33m,[39m [34m2[39m[33m,[39m [34m3[39m]))[33m;[39m
    [90m 79|[39m     })[33m;[39m

[31m[2m⎯⎯⎯⎯⎯⎯⎯⎯⎯⎯⎯⎯⎯⎯⎯⎯⎯⎯⎯⎯⎯[96/106]⎯[22m[39m

[41m[1m FAIL [22m[49m src/lib/auth/webauthn.test.ts[2m > [22mWebAuthn Utilities[2m > [22mbase64UrlToArrayBuffer[2m > [22mshould handle URL-safe characters (- and _)
[31m[1mAssertionError[22m: expected  to be an instance of Uint8Array[39m
[36m [2m❯[22m src/lib/auth/webauthn.test.ts:[2m86:22[22m[39m
    [90m 84|[39m       [35mconst[39m result [33m=[39m [34mbase64UrlToArrayBuffer[39m(b64UrlSafe)[33m;[39m
    [90m 85|[39m
    [90m 86|[39m       [34mexpect[39m(result)[33m.[39m[34mtoBeInstanceOf[39m([33mUint8Array[39m)[33m;[39m
    [90m   |[39m                      [31m^[39m
    [90m 87|[39m       [34mexpect[39m(result[33m.[39mlength)[33m.[39m[34mtoBeGreaterThan[39m([34m0[39m)[33m;[39m
    [90m 88|[39m     })[33m;[39m

[31m[2m⎯⎯⎯⎯⎯⎯⎯⎯⎯⎯⎯⎯⎯⎯⎯⎯⎯⎯⎯⎯⎯[97/106]⎯[22m[39m

[41m[1m FAIL [22m[49m src/lib/auth/webauthn.test.ts[2m > [22mWebAuthn Utilities[2m > [22mbase64UrlToArrayBuffer[2m > [22mshould handle missing padding
[31m[1mAssertionError[22m: expected  to be an instance of Uint8Array[39m
[36m [2m❯[22m src/lib/auth/webauthn.test.ts:[2m95:22[22m[39m
    [90m 93|[39m       [35mconst[39m result [33m=[39m [34mbase64UrlToArrayBuffer[39m(b64NoPadding)[33m;[39m
    [90m 94|[39m
    [90m 95|[39m       [34mexpect[39m(result)[33m.[39m[34mtoBeInstanceOf[39m([33mUint8Array[39m)[33m;[39m
    [90m   |[39m                      [31m^[39m
    [90m 96|[39m       [34mexpect[39m(result)[33m.[39m[34mtoEqual[39m([35mnew[39m [33mUint8Array[39m([[34m0[39m[33m,[39m [34m1[39m[33m,[39m [34m2[39m[33m,[39m [34m3[39m]))[33m;[39m
    [90m 97|[39m     })[33m;[39m

[31m[2m⎯⎯⎯⎯⎯⎯⎯⎯⎯⎯⎯⎯⎯⎯⎯⎯⎯⎯⎯⎯⎯[98/106]⎯[22m[39m

[41m[1m FAIL [22m[49m src/lib/intelligence/PersonalContextBuilder.test.ts[2m > [22mPersonalContextBuilder[2m > [22minitialize[2m > [22mshould handle missing userId gracefully
[31m[1mAssertionError[22m: expected true to be false // Object.is equality[39m

[32m- Expected[39m
[31m+ Received[39m

[32m- false[39m
[31m+ true[39m

[36m [2m❯[22m src/lib/intelligence/PersonalContextBuilder.test.ts:[2m64:30[22m[39m
    [90m 62|[39m       [35mconst[39m result [33m=[39m [35mawait[39m builder[33m.[39m[34minitialize[39m(request)[33m;[39m
    [90m 63|[39m
    [90m 64|[39m       [34mexpect[39m(result[33m.[39msuccess)[33m.[39m[34mtoBe[39m([35mfalse[39m)[33m;[39m
    [90m   |[39m                              [31m^[39m
    [90m 65|[39m     })[33m;[39m
    [90m 66|[39m

[31m[2m⎯⎯⎯⎯⎯⎯⎯⎯⎯⎯⎯⎯⎯⎯⎯⎯⎯⎯⎯⎯⎯[99/106]⎯[22m[39m

[41m[1m FAIL [22m[49m src/lib/intelligence/PersonalContextBuilder.test.ts[2m > [22mPersonalContextBuilder[2m > [22mgetContext[2m > [22mshould throw error on missing userId
[31m[1mAssertionError[22m: promise resolved "undefined" instead of rejecting[39m

[32m- Expected:[39m
Error {
  "message": "rejected promise",
}

[31m+ Received:[39m
undefined

[36m [2m❯[22m src/lib/intelligence/PersonalContextBuilder.test.ts:[2m97:9[22m[39m
    [90m 95|[39m       [34mexpect[39m([35masync[39m () [33m=>[39m {
    [90m 96|[39m         [35mawait[39m builder[33m.[39m[34mgetContext[39m([32m''[39m)[33m;[39m
    [90m 97|[39m       })[33m.[39mrejects[33m.[39m[34mtoThrow[39m()[33m;[39m
    [90m   |[39m         [31m^[39m
    [90m 98|[39m     })[33m;[39m
    [90m 99|[39m

[31m[2m⎯⎯⎯⎯⎯⎯⎯⎯⎯⎯⎯⎯⎯⎯⎯⎯⎯⎯⎯⎯[100/106]⎯[22m[39m

[41m[1m FAIL [22m[49m src/services/__tests__/ContinuousImprovementService.test.ts[2m > [22mContinuousImprovementService[2m > [22mprocessImprovementAction[2m > [22mshould process feedback into improvement action
[31m[1mAssertionError[22m: expected undefined to be defined[39m
[36m [2m❯[22m src/services/__tests__/ContinuousImprovementService.test.ts:[2m26:35[22m[39m
    [90m 24|[39m       [34mexpect[39m(action[33m.[39mid)[33m.[39m[34mtoBeDefined[39m()[33m;[39m
    [90m 25|[39m       [34mexpect[39m(action[33m.[39mstatus)[33m.[39m[34mtoBe[39m([32m'pending'[39m)[33m;[39m
    [90m 26|[39m       [34mexpect[39m(action[33m.[39mtargetChange)[33m.[39m[34mtoBeDefined[39m()[33m;[39m
    [90m   |[39m                                   [31m^[39m
    [90m 27|[39m     })[33m;[39m
    [90m 28|[39m

[31m[2m⎯⎯⎯⎯⎯⎯⎯⎯⎯⎯⎯⎯⎯⎯⎯⎯⎯⎯⎯⎯[101/106]⎯[22m[39m

[41m[1m FAIL [22m[49m src/services/__tests__/ContinuousImprovementService.test.ts[2m > [22mContinuousImprovementService[2m > [22mgetPendingImprovements[2m > [22mshould return empty array when no pending improvements
[31m[1mAssertionError[22m: expected [ { id: 'improve-id', …(6) }, …(4) ] to deeply equal [][39m

[32m- Expected[39m
[31m+ Received[39m

[32m- [][39m
[31m+ [[39m
[31m+   {[39m
[31m+     "createdAt": "2026-08-20T08:46:28.340Z",[39m
[31m+     "description": "Responses are too short",[39m
[31m+     "feedbackId": "feedback-123",[39m
[31m+     "id": "improve-id",[39m
[31m+     "improvementArea": "response_length",[39m
[31m+     "severity": "medium",[39m
[31m+     "status": "pending",[39m
[31m+   },[39m
[31m+   {[39m
[31m+     "createdAt": "2026-08-20T08:46:28.350Z",[39m
[31m+     "description": "Improve response_length",[39m
[31m+     "feedbackId": "feedback-response_length",[39m
[31m+     "id": "improve-id",[39m
[31m+     "improvementArea": "response_length",[39m
[31m+     "severity": "low",[39m
[31m+     "status": "pending",[39m
[31m+   },[39m
[31m+   {[39m
[31m+     "createdAt": "2026-08-20T08:46:28.351Z",[39m
[31m+     "description": "Improve accuracy",[39m
[31m+     "feedbackId": "feedback-accuracy",[39m
[31m+     "id": "improve-id",[39m
[31m+     "improvementArea": "accuracy",[39m
[31m+     "severity": "low",[39m
[31m+     "status": "pending",[39m
[31m+   },[39m
[31m+   {[39m
[31m+     "createdAt": "2026-08-20T08:46:28.351Z",[39m
[31m+     "description": "Improve relevance",[39m
[31m+     "feedbackId": "feedback-relevance",[39m
[31m+     "id": "improve-id",[39m
[31m+     "improvementArea": "relevance",[39m
[31m+     "severity": "low",[39m
[31m+     "status": "pending",[39m
[31m+   },[39m
[31m+   {[39m
[31m+     "createdAt": "2026-08-20T08:46:28.351Z",[39m
[31m+     "description": "Improve tone",[39m
[31m+     "feedbackId": "feedback-tone",[39m
[31m+     "id": "improve-id",[39m
[31m+     "improvementArea": "tone",[39m
[31m+     "severity": "low",[39m
[31m+     "status": "pending",[39m
[31m+   },[39m
[31m+ ][39m

[36m [2m❯[22m src/services/__tests__/ContinuousImprovementService.test.ts:[2m71:28[22m[39m
    [90m 69|[39m       )[33m;[39m
    [90m 70|[39m
    [90m 71|[39m       [34mexpect[39m(improvements)[33m.[39m[34mtoEqual[39m([])[33m;[39m
    [90m   |[39m                            [31m^[39m
    [90m 72|[39m     })[33m;[39m
    [90m 73|[39m

[31m[2m⎯⎯⎯⎯⎯⎯⎯⎯⎯⎯⎯⎯⎯⎯⎯⎯⎯⎯⎯⎯[102/106]⎯[22m[39m

[41m[1m FAIL [22m[49m src/services/__tests__/ContinuousImprovementService.test.ts[2m > [22mContinuousImprovementService[2m > [22mapplyImprovement[2m > [22mshould track improvement effectiveness
[31m[1mAssertionError[22m: expected undefined to be defined[39m
[36m [2m❯[22m src/services/__tests__/ContinuousImprovementService.test.ts:[2m109:42[22m[39m
    [90m107|[39m
    [90m108|[39m       [34mexpect[39m(result[33m.[39mappliedAt)[33m.[39m[34mtoBeDefined[39m()[33m;[39m
    [90m109|[39m       [34mexpect[39m(result[33m.[39mmetricsBeforeChange)[33m.[39m[34mtoBeDefined[39m()[33m;[39m
    [90m   |[39m                                          [31m^[39m
    [90m110|[39m     })[33m;[39m
    [90m111|[39m

[31m[2m⎯⎯⎯⎯⎯⎯⎯⎯⎯⎯⎯⎯⎯⎯⎯⎯⎯⎯⎯⎯[103/106]⎯[22m[39m

[41m[1m FAIL [22m[49m src/services/__tests__/ContinuousImprovementService.test.ts[2m > [22mContinuousImprovementService[2m > [22mapplyImprovement[2m > [22mshould reject applying non-existent improvement
[31m[1mAssertionError[22m: promise resolved "{ id: 'improve-id', …(7) }" instead of rejecting[39m

[32m- Expected[39m
[31m+ Received[39m

[32m- Error {[39m
[32m-   "message": "rejected promise",[39m
[31m+ {[39m
[31m+   "appliedAt": "2026-08-20T08:46:28.379Z",[39m
[31m+   "createdAt": undefined,[39m
[31m+   "description": "Improve brevity",[39m
[31m+   "feedbackId": undefined,[39m
[31m+   "id": "improve-id",[39m
[31m+   "improvementArea": undefined,[39m
[31m+   "severity": "medium",[39m
[31m+   "status": "applied",[39m
[2m  }[22m

[36m [2m❯[22m src/services/__tests__/ContinuousImprovementService.test.ts:[2m115:8[22m[39m
    [90m113|[39m       [35mawait[39m [34mexpect[39m(
    [90m114|[39m         [33mContinuousImprovementService[39m[33m.[39m[34mapplyImprovement[39m([32m'nonexistent-id'[39m)
    [90m115|[39m       )[33m.[39mrejects[33m.[39m[34mtoThrow[39m([32m'Improvement not found'[39m)[33m;[39m
    [90m   |[39m        [31m^[39m
    [90m116|[39m     })[33m;[39m
    [90m117|[39m   })[33m;[39m

[31m[2m⎯⎯⎯⎯⎯⎯⎯⎯⎯⎯⎯⎯⎯⎯⎯⎯⎯⎯⎯⎯[104/106]⎯[22m[39m

[41m[1m FAIL [22m[49m src/services/__tests__/QualityMetricsService.test.ts[2m > [22mQualityMetricsService[2m > [22mgetQualityTrend[2m > [22mshould return stable trend for Twin with no quality change
[31m[1mAssertionError[22m: expected 0 to be greater than 0[39m
[36m [2m❯[22m src/services/__tests__/QualityMetricsService.test.ts:[2m108:39[22m[39m
    [90m106|[39m
    [90m107|[39m       [34mexpect[39m(trend[33m.[39mdirection)[33m.[39m[34mtoBe[39m([32m'stable'[39m)[33m;[39m
    [90m108|[39m       [34mexpect[39m(trend[33m.[39mdataPoints[33m.[39mlength)[33m.[39m[34mtoBeGreaterThan[39m([34m0[39m)[33m;[39m
    [90m   |[39m                                       [31m^[39m
    [90m109|[39m     })[33m;[39m
    [90m110|[39m

[31m[2m⎯⎯⎯⎯⎯⎯⎯⎯⎯⎯⎯⎯⎯⎯⎯⎯⎯⎯⎯⎯[105/106]⎯[22m[39m

[41m[1m FAIL [22m[49m src/services/__tests__/QualityMetricsService.test.ts[2m > [22mQualityMetricsService[2m > [22mgetQualityTrend[2m > [22mshould detect improving trend
[31m[1mAssertionError[22m: expected 'stable' to be 'improving' // Object.is equality[39m

Expected: [32m"improving"[39m
Received: [31m"stable"[39m

[36m [2m❯[22m src/services/__tests__/QualityMetricsService.test.ts:[2m124:31[22m[39m
    [90m122|[39m
    [90m123|[39m       const trend = await QualityMetricsService.getQualityTrend('twin-…
    [90m124|[39m       [34mexpect[39m(trend[33m.[39mdirection)[33m.[39m[34mtoBe[39m([32m'improving'[39m)[33m;[39m
    [90m   |[39m                               [31m^[39m
    [90m125|[39m     })[33m;[39m
    [90m126|[39m   })[33m;[39m

[31m[2m⎯⎯⎯⎯⎯⎯⎯⎯⎯⎯⎯⎯⎯⎯⎯⎯⎯⎯⎯⎯[106/106]⎯[22m[39m

[31m⎯⎯⎯⎯⎯⎯[39m[1m[41m Unhandled Errors [49m[22m[31m⎯⎯⎯⎯⎯⎯[39m
[31m[1m
Vitest caught 1 unhandled error during the test run.
This might cause false positive tests. Resolve unhandled errors to make sure your tests are not affected.[22m[39m

[31m⎯⎯⎯⎯⎯⎯[39m[1m[41m Unhandled Error [49m[22m[31m⎯⎯⎯⎯⎯⎯⎯[39m
[31m[1mError[22m: [vitest-pool]: Worker forks emitted error.[39m
[90m [2m❯[22m EventEmitter.onTaskError node_modules/vitest/dist/chunks/cli-api.CnMVyzaz.js:[2m3526:21[22m[39m
[90m [2m❯[22m EventEmitter.emit node:events:[2m509:28[22m[39m
[90m [2m❯[22m ChildProcess.emitUnexpectedExit node_modules/vitest/dist/chunks/cli-api.CnMVyzaz.js:[2m3092:22[22m[39m
[90m [2m❯[22m ChildProcess.emit node:events:[2m509:28[22m[39m
[90m [2m❯[22m Process.ChildProcess._handle.onexit node:internal/child_process:[2m295:12[22m[39m

[31m[1mCaused by: Error[22m: Worker exited unexpectedly[39m
[90m [2m❯[22m ChildProcess.emitUnexpectedExit node_modules/vitest/dist/chunks/cli-api.CnMVyzaz.js:[2m3090:33[22m[39m
[90m [2m❯[22m ChildProcess.emit node:events:[2m509:28[22m[39m
[90m [2m❯[22m Process.ChildProcess._handle.onexit node:internal/child_process:[2m295:12[22m[39m

[31m⎯⎯⎯⎯⎯⎯⎯⎯⎯⎯⎯⎯⎯⎯⎯⎯⎯⎯⎯⎯⎯⎯⎯⎯⎯⎯⎯⎯⎯⎯[39m


[2m Test Files [22m [1m[31m33 failed[39m[22m[2m | [22m[1m[32m35 passed[39m[22m[90m (69)[39m
[2m      Tests [22m [1m[31m95 failed[39m[22m[2m | [22m[1m[32m725 passed[39m[22m[90m (847)[39m
[2m     Errors [22m [1m[31m1 error[39m[22m
[2m   Start at [22m 15:46:13
[2m   Duration [22m 67.86s[2m (transform 4.20s, setup 38.90s, import 8.03s, tests 40.99s, environment 171.63s)[22m

